{
    "seed": "7NGJd2MwBTrtEw8eTt0ogvY2o3JrDviXmib0PCRKhfY=",
    "base_path": "m/44'/0'/0'/0",
    "child_numbers": [
        0,
        1,
        2,
        3,
        4,
        100,
        1024,
        2147483548,
        2147483647
    ],
    "keys": [
        {
            "path": "m/44'/0'/0'/0/0",
            "xpriv": "xprvA3ske3kp7x6Eu1JtGodt2qAthvMYzi6P6t7rQXRULntDMUvjjqEF91uN1Nf3qWS3vWPdFJiJjKr4y1RVCrDYyYz3pbkJC6TfZFETLQgRNnT",
            "xpub": "xpub6Gs73ZHhxKeY7VPMNqAtPy7dFxC3QApEU73TCuq5u8RCEHFtHNYVgpDqrgDCggcPis4H3ReqPAgvv7BCSaqvvTaGsk4sFbd63sFRF5j6z8y",
            "identifier": "c58c3b5b77d294009c51a40410986b1c60714536",
            "depth": 5,
            "child_number": 0,
            "address": "4nbe4MfkZnxRWUfuebhST8CNk6TkWL7iZT",
            "bitcoin_address": "1K1Y7GjpQLHV5Z6KP83B8ZVR94f7sqtAaR",
            "secret": "a9021583cceede72400fa11c68dd7fbebd7d25db1cefa95caf880debe18cac37",
            "public": "03f5656aa88fa3843fe8081c3f0e5de40901eee7fdc3e28e348fe671a83ff2db9d",
            "signatures": [
                "ef96baa4903c05ae96ca69a7bb66953b12536295e911f0834784d978e57963174adf2caff4f6113eaa4288e676b0d34a6c6770ae68617cf597fb8ebac74b07b201",
                "09d4275ac7143d3c40856455f9680cd96b4c1641aae36f88620bc1c86f833f6d4cc0d7bf47d569243b392a49371d00f60bc0e5dc73b3ffe6bc65af1fe986a67c01",
                "57f93892393e50c9cca9cfb4709e57495ab4ad662214dcb4b645bd6507cbba87303d3efc7ec68a312be9b64a8d001079b384e5c28e9ecb265c3b235a893eff8300",
                "be5326d9004544b338b803945687d20fa15c74f5f7786e15adabc92e0c10ece00afd36c326058fb20546ff7252f81658aa501a370cf394968b706b8f219e5bb600",
                "7b420059eec1eb72c7733f18a1a3c1bb4b54c39e521531244e7d2105559d89b465d2cbd2a74f26c070437cdc7b265bdeeba92657aa02f11fa70023cc5fbddf8501",
                "002e94c28cdc7f757ac1c7d2c58b4a337244e15dab7fc405e0a34f56ba0109eb0a6dbc9f1f107ce87781f9d2e898a53253d0ecb7f6713a9d40b07f1d5cb6b61101",
                "852fa1b2b4fb0d653333202ff22327089bb8939d1391e067673697269fb60d3016399f14c5152a95d7c0e763dd98862e5880402b755c6b773461fc7c1574d4aa00",
                "ec679fa05b7819049eee38a79d1e2d2834bb3c6ecdc4663d5a5922ae529b9e5f7dcf72260064604c0a25a1ce4af012788b3142820b47ce5e7a21639b1e715fb700",
                "72cbe795e12040beedb889fa3594d1ccbcbb1996c24a2cc05120e20b908786db512c86fd0a8affd96c7e520c51c645535fdfeefe42ec88d4d0e3a43dfac60c2801",
                "0762ed0d2de5c408b0dc7097e51c7ff1136baeaa858c886fc04534c60fe166e20280aca9d8d9e3347a42f07ee3c68c5eaa2d34a6b449e7acab4941e49467ee3c01"
            ]
        },
        {
            "path": "m/44'/0'/0'/0/1",
            "xpriv": "xprvA3ske3kp7x6ExaVsZiMa4Cky9Qce8f4sNu1vjjNhBJ2pvXcytyPyGyKBgCENR8U29KxQATDvAvs95QYAz33NjqRp24sNRawZJFZ2VZHRQN7",
            "xpub": "xpub6Gs73ZHhxKeYB4aLfjtaRLhhhST8Y7nik7wXY7nJjdZooKx8SWiDpmdfXURKo78WmJCni29xj9Ch8tHU6yDE9tywMGAKs1YVnQMiugujnv6",
            "identifier": "336508b18c4bd6bd3d325e2daa8467fc6bab0648",
            "depth": 5,
            "child_number": 1,
            "address": "WVfZHMzFzrKpojtbuaZzAXVt9UcXeCXpWa",
            "bitcoin_address": "15gkVkGDYpV7sCmrWS58ttpPfG9ChcK6bG",
            "secret": "0c564eab8e71ee5e7c11622d7d32e55a905fae294e8f89f0009afff67f0c4a42",
            "public": "02a4e5a1a75d3fd9ba13a8d2f0aa6e9191b5b16c5d2491e7e9fd1787eea377316f",
            "signatures": [
                "b391d7f28e3c0d7386352006c286151ad35ef42618dd84145adb36eb825cf8ab31486298fe3f36f38d8dc2821acefc0458ba72ad9d6d1202e6d95d56fe90cc4900",
                "5c0b4ccd8fd6f4a3c82008c4fc7cf5764f4a5c450d0426649996347006e0fe5e7cdf314915bcce0e6044cac756e4973b6e6b391bc4e7d8ac4f311fad7f50ba1100",
                "6ba217be6daf3f8d5c4b4b17b6de354023306bf00e458e83c5f9a067d234a4855f5f1ca35c2ec79273055ac336bbd2825b5d8ddb96a53843689bf7124577548f00",
                "85e9fea422e90e042712070edada0f8dcea79c4311a4c93b587dfbb01b40d5834a1ec488e7574e6912c458c45185a5a8b311dd119aba5de5ad6de741de12abd600",
                "c6f1d09cddca12bd522b327cc946dbcf50f2192ed7b983600252bfbb056cffa6062a9b3768792dc5d4f1a76657cdfc2c4644a6158a07c08389fe85bedc69b1c501",
                "7b9554ed0f83645741750a2c456d9e4fc7d8b06a89f79d00fe52f52b9f12f3355237d6a0b816985126dedf62b8f4e2127325d31cdacf612560805a1bb6bb3c3301",
                "facd95016afcbddc8b59b068b0e1eb5fcfa750aa448667c214d5ac430ae4623936b1eca8e164ad8d2321ed6fc007a0a82292749af325b8a489417e2402a7304101",
                "cbd5a7e70f98033509f306f9316df7a7b3d31b1ec8c4fcbeed4a010f9454b6751dd57e8e027a3b06deb9a0de13b6d91b39e5582a371f7f419a90c6587774d56900",
                "b70a20b7bd5defe372fb54acf458b553b98845f2f7e3b2a2299762ce2a846ec3010402ae36141842484e083afe454ed8f38489ee48705e1545027e0849bdf9a801",
                "7811db2e23b117f56d352992822979a0767b36920af644108fea3d41336daf6e1375ec8553f53e5d9e3a38a37715fe5cbe5fef8cf649cbf832f19d74e864876901"
            ]
        },
        {
            "path": "m/44'/0'/0'/0/2",
            "xpriv": "xprvA3ske3kp7x6Eyrm2HZ1a5thnW6iuA2AvGjx94kvNkdTekBmQWt2PWoTu9T7DZiofBe1Rv1wdb4zXRD4yhrHxD9tEsh4LU9x6uugXF4XrnTq",
            "xpub": "xpub6Gs73ZHhxKeYCLqVPaYaT2eX48ZPZUtmdxsjs9KzJxzdcz6Z4RLe4bnNzjcuKtVgMMwgPvRuRQEqsaSWCvfgwp3P4fZWF3kWzHaBh2cpXWK",
            "identifier": "302b31d074ed971e0acbbaaeab28f2da4c85a404",
            "depth": 5,
            "child_number": 2,
            "address": "dZetczK1iadBpfyUBQCff9NXyLQPcdBfbH",
            "bitcoin_address": "15PhBRPAmX98iaL2H5wPEsbjSmRmfBgAcP",
            "secret": "43b69da1add1ab2a5411ca18189393d7e34a119011db0963ec35f90f7d0d4420",
            "public": "0306cdba7432a07cf12beb82ac637f1a9d1d47224d364e90fc0d87e7f488503b67",
            "signatures": [
                "9a56e0cc5921a22bd9bd07a1823e82e5e220489874af119f4ed3defe3fccd46c2534bff81ea1262efa49c69d1c039626a18c82983851961e424f81113a321aa500",
                "14082821a64b00a5b95660f1d040e7f620b9a8ace9582a8e64995219927ab95a5da6f6a2c8a591c9d7fa31ce63e9483224a61f20a48075111b59d36627acfda200",
                "2c3b302688b34b5c4dc4b24b033b7c83ff6faf0275848ecf9e7a185f319a2df86648896b0f1df079da77b0a2fb1d245b4bb71a87be804248f22545f9305b5e3801",
                "b1b54c9f6a4bfce4265396c4950e7213e1da9395fc6841d915fe937d52f8f6313b39cc88df6116d218786ff3660981f9c3dd219b679e278fff16301081b09c9c01",
                "cbcdc57de4d89293de62262613a00bad4b551216fbdd1d2319d0178ce3296d6741f83e3b32cde8c449c6e49adca31c3e47a4fec75955da7ea4f6f74d4b321b3901",
                "34334c4e24d9eea7295a17d1795a73131020a5900d54dc56dfc870dffbbe03234ef88fe4fab25407296ecb148b0792753aeaf4fc8cde40a47f56f3ed14c4888100",
                "d5d61e68d8d45c3265da6a4b2120c0c1aad2f468a4b305ac3eecdf719154c8057afd5ee7b0e1ab8f7bb441164089e37c2fd6b44084a121c31f39e15f40000a6900",
                "27996e3880e7cf9ed3f29ce49099c0c43379387fd29318cb607351f9646d4e917893f9dd0f7d93f4940174d05aa69c2699947bf54fac17e54239ac2c57d5ebbd00",
                "98176b24153c5fe06fd07260b556b6c4e8153d9dc509cb1202326997f17f6ca0398ba1ac787c9e66c9ee73f62932c567c883e635405eb2960ef4c210d883666b00",
                "d9ba5aa10a469e6d492121548dd0553fcb62ef44d7cd418de7a4742405f7633315cc38e0c145aa6645e494547e96f822c53aa5d710493678ca0f5e4643188bfb00"
            ]
        },
        {
            "path": "m/44'/0'/0'/0/3",
            "xpriv": "xprvA3ske3kp7x6F3T1TyEy9vNoHGmnQyg1P5jW1NCtpGDEnpDarfYpifEyxpT6fF29RhNANTCZg18ywotQyxtusJ8zjor31diEFsi3UyHePQhW",
            "xpub": "xpub6Gs73ZHhxKeYFw5w5GWAHWk1pocuP8jESxRcAbJRpYmmh1v1D68yD3JSfhzWLBsc2FWU8bUtCKqUYVEpqr7Ka7jVCTMBKRdnVxvYoUcgaTj",
            "identifier": "2f1b1e4f7fdc377e1a67b1d89bded4fe2360a413",
            "depth": 5,
            "child_number": 3,
            "address": "X53w9siTY5ci67heRVXi45JzbcMYxHrqHq",
            "bitcoin_address": "15J5FEfLRyGnQnDJZ1XXroYTckdDqsUnjd",
            "secret": "a0e3116c07e1166033b792a1105a16216057aab5a0825b713f98ca74406dacc3",
            "public": "028ee768128b5c7946fe352d5139d1f17dd0a4608feedca87464f74aaeb492eb76",
            "signatures": [
                "ac5d5451a035a2790a0778d45bc5076a5c65b3282f7820a66cf38ca285c2eac67276ae51952c3d99bcc9017f092a6e87374b87e8b2afcd3ee3d618b09ec3e42100",
                "3d904a9e035e6264426c09c3171429870735cf7885c15c1d8690413b30b4b0bc1a92c27994e28fb79d082858c437bdc7d0a3636a24a24281b19d3e51e5ef62a400",
                "18f2c10fb503db7b9f3396860a0528e9b8154c980cfa0ac06be501d663ee850b0a75a370f38df7336babc4d57bc6bbd1717eeefe1cca3d90b6e22644a515fff300",
                "1ab8dcc63deb688fe912ecc93b109103181c5691cc4a56fddf09361358e548226e289d9b651c745f56d1251b974e782614dbee4b6f6c6e00f63b828574a2333e00",
                "367a14851a36102ac21ddda4764591fcac85789f8975169cc604924f4f291cfd7c87abd8d093a51c0f1054330da7809b9c42feb8d551c1ccb6774735cf11dd5001",
                "cb632238f71fd71defff4cb3dfaa9c2de70d84b7d3a9d6f36182b0ee2018953c31a0c5f238533c59b35e48066433d74b23d3199a8c1cd7e5f30821f5f32cd94400",
                "925c55b0f544540485ca25aab48b4e394298728f824bde1c720dc3f0a92c86bf3c41130f205009c93c09d703e0a6eb11b78e964ff3a6febee58e9b2115e61ba500",
                "7bc00a724fecefda0aa31bb2e33976015f07261580fadb812909150e606e03d479f8eb100f82ba5e9fe860ef960ce6703b8c7c02c6ef80dec5534fa56c79771e01",
                "22ff8b491dc8ec7a615262a1073a55ea424b39d9e11fb43b868692ad6cf947b047f8355d2a49fba69c5f24240819d6819e20c9de4caa48e5bc90bbf39a0c118c01",
                "75dfd640146ee948ca1cc56481e6af4ab32e9234b03dd30f64a4b4310f5c2e4904fd95090f28036597e4763991225483b05310ea708f5940ce2dc26ed39bf92201"
            ]
        },
        {
            "path": "m/44'/0'/0'/0/4",
            "xpriv": "xprvA3ske3kp7x6F6E7RaAMebbgdb5yQ2euAkJ5eDhNxFXg4TKqYTCZMhhfqBxXrL8ZbBcpEbox61br59E8RfKUkzNA5mry7Qp65rph745GRZR2",
            "xpub": "xpub6Gs73ZHhxKeYJiBtgBtexjdN97otS7d27X1F25nZosD3L8AgzjscFVzK3G6V3eV1YzAmpdjCWdD9TcKsVabzay38dppwRgxRGvmH7wbcarS",
            "identifier": "eae1036b9422f8b198d75c6a426e3a0a3b005f3d",
            "depth": 5,
            "child_number": 4,
            "address": "2YtMNHowkj9MCcAwKEGRXxgBbAQuZEWxpkJ",
            "bitcoin_address": "1NQvg6G2vcpuLXioVuZH2gDSHSTR5ndxUz",
            "secret": "46778f731d2dfa2c57bfa0ac2e22173fbd3eee3066d9c36f263933571f93e0d6",
            "public": "0393f22fdfd0376e584bf4728c093b09bfd7969bbb16b722904667b4d04b5270da",
            "signatures": [
                "e6e5af47c544c1c90f96027fc6336c4fca7906ae83be00eb8631e3459bf011a136ab2b7249984efa3d894473ac1af08d9625de08cda34eb0488835efa71064d100",
                "e4f778b5f8ba30dabeb0cb94c96037aae10a072b34c93a56a648580aeff6b13d636b5953f0822a6f8cde141a0c928aff993174f8acb49d143aa9f8e2c4e78be001",
                "00a9d12c7e7d4e8a09c618b7193590e49fd88973e58188491dd248f6329ff9eb6b6a0885d4004f9c16b079bc61136c3cbfc3c1775f1430b9ef4968e7c7df07dc00",
                "3a6ef460e8a063ec75cd1c7a5c1ae33ef120697c9ea2b9249468678a8775c5ba4cbb79d210888ce3a689b6ab858dcd991c93ea40605f4a5652e7f92a686a936a00",
                "b889fb65186bf2d45854c696a68698cee64ba2c87ddc5840c11ff9192cda167a1371c7723b7f9dbc39337d49409def3ef644456c4bf806939705ab6ed61d419300",
                "e1d27a23ae3f7608755198874d857d071ee5cd6287ee8502a46525fd68b147486b0e9498293d484b8958bae0c28caf3bfcebb1c804c1d03a5854ac186af4b7d700",
                "c3dd2307ba2c962c2cb859eb5e19c657492ac2052b7a908aaeaf22c4715a725d3e240bf3811cf6a81c713c39f439c48b32cbab2b4155311044a2096e75fe02cb00",
                "98b1c3aa6d639b032fd35a5d9976bb3de03d6d606b45dbb6dbc7baf4454799372ead374e8921ac3ecb202a8ad462364722c60e804627bc513008df3fdffa08f200",
                "146a74d85572bef2b5f2cda85365b950aeae52d5a3755c714dbb17be88993df7183c19a79a2d94a3bacd7810bfeec6c63e8f0c669763c373f4249fc203271cd100",
                "6222b9392b994ac4bbf6186f48ffe69b75a5cc128f42aa96d9362ff283d8cac03e88107618c82f301b1adac201e14361b63d0cf954e68f782290068add23e24b01"
            ]
        },
        {
            "path": "m/44'/0'/0'/0/100",
            "xpriv": "xprvA3ske3kp7x6KJcuzix2pcecb237YdRJsePthBdTgZsCWKSnNZYuvgFdBLeaYGfMuMSvPDoqAgxfZ7AcNxaZDtgoQr7DqUGm8SNVn64YatQp",
            "xpub": "xpub6Gs73ZHhxKecX6zTpyZpynZKa4x32t2j1cpHz1sJ8CjVCF7X76EBE3wfButL1pNHQNKrxPeh7kYNmQcWc2u4HbDvnLDJAgfQhKSCApJ6TMJ",
            "identifier": "54809c20e30f6d5f938038222b9b3a170ee255c9",
            "depth": 5,
            "child_number": 100,
            "address": "ka9oFSHGTPFX5izfEFWWDnR2iJEAUtKbni",
            "bitcoin_address": "18hoq5un6ooBfLqS3pFATqwHCguHy7wTKA",
            "secret": "24bd035d9ad1a9ec7f70f8fbfb27807a71e11fa15cc294b10172997c9d7371e1",
            "public": "02491e87f22f23844be126889cc64244cdd8c88458323c3745f67b899273067fee",
            "signatures": [
                "ff90d992e8fc20b7c2930554cf5d100bdf2155c28e7910f47a06f9024968927606e0859aa1328819e95f86810d29b76a12891b6cedc65b375d23dab69cdc4e9300",
                "9705e6531e72823537c3dcd3f8a1c1d83dba7f8f3b9bbedffafd162002bd38ad7b2f1ca7af643de58733791ffd2f434f3e88339b036adcfc6d271f96cceaafe601",
                "b243a826978ffb16713b4846845b2e2a3dc48f3c7fa2a1b43554bbb7cd493c602cbc64604d312a6be1de74d76493f8b30dd78dc732c709253048197721c2e20100",
                "4956054d070835a4933633c9783755402714408c325788685099dc43d01f24f81412aafda7c0a47238a26feaeb2acbd652238276e49662a502f44c613876af2501",
                "7f73db11f586410ecfec75afadc097750547b6f75e644ab3b5d37cef58d245255066f70b0ec6ff02ef1ee14ccdd8b0ba9ff32eed95deeccd374490a6a50cf21f00",
                "bf2e9124ad3f5e7c9171709bedd013770cd51af35742e11ee6028ab55176430470a2d87ac0486fd6aa99c94e4ba7fcba53d5dc5568bedb9b6a78facc35aae38601",
                "147285e699fbeec01f6cc1d7c45b2aacc6cd04fd152c40c5ecda5589ef31b2093a8c4db237e4cbb6b6ac3af2ad6bd3caa2d0177ae42757896f52617e057a3efd01",
                "c83d260746b3b4316825f0c2d3f3c3e5bbba2de4a4dfa979962c6458265fa5612f3358d44d8e66a0fc90ba2ff4fdc8f47eec640b7503eb39d1a0590985771b9600",
                "c421f3e56193750c61efe9d08daa5994baf40d2a7b02b7e3de8970122857e9f92d3123e8cb9b3751b744935675ccf1c654fbbbeb06b6c7cef953234520da799200",
                "acf046b9f4ccce4bb45592edbed7debd8bc674a55ee625ec7e095a4486f79bbe0bd1c23431f02f3bcb9bff59228b689cfd3aa0e385e6620dcd832d5b5968670a00"
            ]
        },
        {
            "path": "m/44'/0'/0'/0/1024",
            "xpriv": "xprvA3ske3kp7x71uLp5Hrvco4j4Z6uWGyQdBoXBYm615YiftCXgYSzFDNajjhWy7s2npUUJYd7RL2kZkBaqyDkg859q1jArmgQkyt2iqEW3TC6",
            "xpub": "xpub6Gs73ZHhxKfK7ptYPtTdACfo78jzgS8UZ2SnM9VcdtFekzrq5zJVmAuDayFfTwLzhoVu3PTfWjB49MKWDJPUSgPQRtvR5tWRKCVGvq7ZvgT",
            "identifier": "4b281a6080a6cf4c5bb7744b0fc8193b2cc4e33c",
            "depth": 5,
            "child_number": 1024,
            "address": "28VSxfzirpgUZzUDeQ3Pi2JL9k82YzhYiwu",
            "bitcoin_address": "17rPio7PeZT3MmRFkYDfBPuUspyNWfczAh",
            "secret": "6bfc970f6b94633f88632088b6d7623649dc76e11a4e838deaafdd9ec1596551",
            "public": "02c8ebfe0c19cd00e425a6585a8952fb3b316f6903451f16105b5e814c1711db6e",
            "signatures": [
                "641a92be23941fecf623bfb0a8bde25a9ff0884ef429b9d687b6bbe55e0a54321ea387d577486b654a307113134e9dc482fbde12731f26fefcb561dee610401b01",
                "281e501300fed31c9571b3952ff8263086adfd0d9395b8299097d96cb2f983194ba6a8aceca55c888edbf67802d61ca47360eae610aa5f6d48e4363ac462092200",
                "8b319845613e1ba23eb2c20af4a2cd46f986ba1e9e7fa32a4f7e8be3c1dfa93275b97df750fa0d5ce95a343c0d14723b45c751441f59a1bf0cbe3e663d62a44701",
                "f2b5c0e8976129e3d02831a6b8ebeca1b4045b4053d2253799d70a6094d40f6b3656baff1c8f8cdd21f99e81df618ca720b83cf87734d948c0e666cb5ad63d7200",
                "ac7e319c51f7f7a98c056c6329af3dc97ec334cc780f2637e80f8e7c41529ea55eae5a061ee708ca0ec8388798027e5621bac2a21a12ce290a6011c5678c0b0801",
                "c8fb759986eaa695ce98654437d530cd6688272cfe451f48995dbd27551d28cf2a004f526144ebd07bbb2eaee701fa4e687a0a5da345116cbe6bd1a298a9f69200",
                "0f46fed007b5e79eef13637abf0f8ac03935eb487bb6ac34ec5fad79c31cceca4962a08ed34e8bea3548219238299bb382ab19a9c571206ac2fd52fade8eb07401",
                "82823e1da544c968c5ca1949545d4e0c386312ce0ebdd7c44804b288163c8bf31cc903f40e39248adfb58b3b91d1851f98283d07085ea67447e2cddf5b2d99ce01",
                "00275761cff7f37876971c4d8d21e72b6c13cca6ce5a424bca459a0147746a616a166461406e571e20ecbdd7cfcbea78756a1f741d9b236f85096ab71e0fa6e601",
                "4e8861b0c4d82b8d8bb760638b33395b6552f8c4de4d6e906bd07f0f4da3d00a3b5b7c9278696fdfcaffb50a0415fa5dac6dc9718ec12123f83e89870437cf0501"
            ]
        },
        {
            "path": "m/44'/0'/0'/0/2147483548",
            "xpriv": "xprvA3ske3kxTcd8gvCEBVn6e98QHF9NPVMAfZigcr2vMimJR4TsTgoPucffcXSsEaXeWe8fvdYtdBqnjAEjmEsjf48hE7z9mcn2X9W45wYvY2x",
            "xpub": "xpub6Gs73ZHrHzBRuQGhHXK71H58qGyrnx522neHRESXv4JHHro21E7eTQz9TmSfEoxyyGEFNZWYLmBwzbnS5T5kbXCmCxWfdd2Lz3djGUwv9fX",
            "identifier": "2bb826880f9946a1e8e1c881f86fb07d651a4528",
            "depth": 5,
            "child_number": 2147483548,
            "address": "18eV7TkZnHYCP32178vhmAX4uJJHj34n51",
            "bitcoin_address": "14zAfFYNnLXVhTd3XZeqPmAXJnx61MNS8X",
            "secret": "f080cd13387227fce2276e2128456ba407e2c377ad0b4f89e3d37c427c429de3",
            "public": "026853b22ac4904bd323e38394b691fc09bdfe5f32ee5594aea55b74001e88980a",
            "signatures": [
                "4222ddb4c8d4a1f57acc92e4ffcb9ac55158fc17478b3633aa5991a806cc77020e4333b4d3a97cd6faf4ef3170c61e2318e0814c3fe36a4529285e159c5a69c201",
                "518428fc8bf42b95c8d920ac47f76775f8aa1baad5b77fcce3f4bda7317aa506299235117683ec09f80044a6bc97638c0cc652b1b5b6ca183c9cd00fb1f69f0c01",
                "a5a2e27cb524330db78f405c6ea4d450844dd7a819448c81f2716c0a604938bc0657bed68695784cfbc6ba8bc34bdd40f59b1d953aefcf395b2649d80c87114c00",
                "ec0874e98fd3ba43f67240a8b2d727a76f079f560a95b864f9a3ba94807a6534040a5a66c7da214a2035dc9656059697462cc22483fd90fa6e7642a343248a9200",
                "1aa49d3202492ebc9d3bb5bd975ddfd18ac295399168bfe506a108a17d97c3b72bbea4bb7a9408d5fbd84218bf19ee0608a11349ee524e78dc23d6749efe2ba300",
                "7e15363240e879107720c0ff8a8db7efca51e7728fcd679890a5214201e432b30a09962d78fd3f2f223415273c5d44facc94092ea2a90723f007b31f3c99c79000",
                "9dafc0a558e385d3ffe7b109fa771646a7b18717e147bbbd38a88934d783081a51acb510fc1e9d1a118c7489118689297c7be923c9360fc97f98c084fa7ea2d401",
                "32ae8658615934be6b58a18aaf6d2603a973bfd7124b1d5aa024d7ecf02e852351bee90b5108a98598ba3871277057738542c8ed09e73f90ba06783d365aee4d01",
                "88538ddfd4a209a8d9a8c683e3dafef106f7d3ecc6fb2017845338fbef13331543842e62be4ad3d37047690453c88ae5a0cf029c03f6e9fcfbec42edfbe9315001",
                "1abd946a75d4a91ead75b4bfa04dfcffc009e9cff0e2ecf281483aec60a20a247f23ac8daa499a433eb161ad73c8109421e38dfa9dbed32e8b343bd4ee3f72b001"
            ]
        },
        {
            "path": "m/44'/0'/0'/0/2147483647",
            "xpriv": "xprvA3ske3kxTcdD4JiDb8eqZG4MdM55HEDPp2yUDxM6j6zUoYtreG7r43rH36MVJwnZdPHo1x9Gf1oweJSZjKTovGxtP5LvLk1eiB6mC2z2Cc4",
            "xpub": "xpub6Gs73ZHrHzBWGnnghABqvQ16BNuZggwFBFu52LkiHSXTgME1BoS6brAktMfbhTMUPCfQC3HzVtpGbzoRtQgiMGN4TztKaBcArMPzktDChSC",
            "identifier": "1200bcbd3702e5c4698b9d9f51090aa155c051e6",
            "depth": 5,
            "child_number": 2147483647,
            "address": "2JatuRBuxcpRbw9DRGFwgKBvdC4QVE38qk2",
            "bitcoin_address": "12eC3gNZRtPTk4vd6yVHxsqS7XaYv7qgZR",
            "secret": "749aea338e40cee8140b3b926b5159e9480bea522c8e007c6886bfd5820061ea",
            "public": "0299b748cee8d69924bb79df20f6d9c4345ef880e0f7794d6e6db578417371cbca",
            "signatures": [
                "18a3f0ccd93cc59081bc4cbd7eafc20defe429bbbbb9fbb3963d29ea3b1eae1f074a725d09f9e7f43c862cc3081d0d8e89157776c04e7a4637ca9e48c7b60ec001",
                "388e6011005b1418f2fff3ad35ee5e7db92d6e42b28ccafe5e51d06334883a2b5522f85ae3c78df499c69e36dfcb3bc862bdf655ae14b8076a4de2c45e954f0d01",
                "cb2a830d76c8e4b6baee3652f2d66b80e1162befa742ad8351fa6baab5341f66405efb0d1d06d136035142d5d028e3b82c70a96455a60aeec66ca2875aa4309600",
                "5e6a567a87938cbfcf92fb623626deabc135b4073c7171dbeeb3a8a595901b3b52b01baea121b06f2e536971a435faca63ad40eb9deac26e787d1293f836a67800",
                "fa4409981808850b3ffed571d9b5994be31ea11ace4e33362693fb686cc963881d1a703aee71f6d4d2ffde4b0a3e42532ca4fdacbc582da28b6b742f64c469c100",
                "54b3f74d6875036dfbfb1eb48cc4eb769c59bf141c71983e5a21124b870c6a783e372806c19c61b781dc9d735b5525e365b8469040003aae89bdc1f3bcf77ac101",
                "4da9dacc842f789b6ea7a12b9a2cb7317d610e77786360647945b29927b07c1f34991c4cffe53010f470c37eb267ce470b4f1e118fdf1d37ee4620366ab4a63901",
                "2f5cb0678372198ddff1ef4d3b42b644f457814e1d5c2a664209725143f9a61c48e86223003146f0d38abaadf09bb56b43d0f04edb7743d99b72a42d15e267b800",
                "a3c853ac8e20d77cbf8c584c612c722c66b67b2b080fd1a65ab9bd8648eb77c047be072d23bab8d3183b7376928b761f418d6dc14d703c9ef74bc508d5f02c7901",
                "1179c6dd84b39f98b079686100f9dd22c6cb8c9be2ab9498fd3d43f58047d5c53e58858a583065a2a5b2e028a1d7b5ff0d61520eb20fde9d78143e2c8250df0500"
            ]
        }
    ]
}