{
    "seed": "yN00njU366Rfp4BBJlOxm/L1RRWyAjH2/T7fMsKN1Y976eqBVk/edfnU3RjJyUmbyl6wO8vQTiBqHvlz8DmMsw==",
    "base_path": "m/44'/0'/0'/0",
    "child_numbers": [
        0,
        1,
        2,
        3,
        4,
        100,
        1024,
        2147483548,
        2147483647
    ],
    "keys": [
        {
            "path": "m/44'/0'/0'/0/0",
            "xpriv": "xprvA3H8E2onTKbNgq3mJmNXDyPPe1qVEMWXkjQZZPjrQnNRBUSHrVSqhXsHTbEvAgsGwH7w6PkeosZzp7tSvccg9uyfyPoJ1RRYdmo3fWcQjU4",
            "xpub": "xpub6GGUdYLgHh9fuK8EQnuXb7L8C3fydpEP7xLAMn9Ty7uQ4GmSQ2m6FLBmJtGvwtzGVQjA7rH4uLfLfb934yDzvXDUtk7BXTK2b5emGuiNakc",
            "identifier": "eced16c4be0a13005a427373adb7b4404180dfb1",
            "depth": 5,
            "child_number": 0,
            "address": "rZdYrnbTwaQoAKJEAb7B8ydnUt7qBpmN3N",
            "bitcoin_address": "1NbkVW1zNduqkUpind4zmgVGVQRjSzpCCm",
            "secret": "3017cd3a9e7e4486a145246d066699de42cdcfc69e1cff986752d7fb8abd6e9a",
            "public": "03380be49544108f74d246a6bfd3ae706aaaa91dde6414bb99fd61853c01173a55",
            "signatures": [
                "77ea332da724a53e188d35b3e7b58b6cd95e4c024c37984f3d2d7fc9fe0127da22e4c62724f358fd0059d0217c251926df17ccaf76d40241ed0ffa3c37ae11dd01",
                "97f0eee4822064667dca3907217bccfd66a91ae5b96c30fb921c6a8f9fd2e3667b0d500ab81b9ecd3283072b85a3c0a9bddb5b7738ab00b857567eb726339b7900",
                "9b5575938ce6c2903d8760cbbff8e03ed2855ee352ddab5e8a457f9afdfa9733367fe803d9fa91e72aec39a81dfde337073b7f0476bdebfb7d6c3fafb3c21b0a00",
                "968e3995c811b6d24c23501766af99582135a38a1183d7810455c6e5cfc24be416148486c6ae9a7dbfd67dd924c74ab53ac83bbd20ae60342058c8f2f8d069ac00",
                "0449dfbf7ec5dad030876a644b8b2ea545ce2f22c35b92c56cb05cb3d7024e695b950a944930abdbc78489367cdb19a53292cd4ffe8331e10082b83a7a30b68601",
                "f8abbb910395545b73a302288e34fdd3022e406fdc03cc0861ea67e81cd3358001c161f2a947a4af8432ea227beeacb03d3195e88c679f29d0a11acb497502b700",
                "7f66de636702080805cd5ef5bd6494da674a8f1d7aac2c3b5d60732fce3aa60948466502fd2e68f4b754785d06fc9d354b3be585e5900be171fbe67ba5bf91c201",
                "90c997d87c56531cd9a32949b2d0f45f5e672bcdb3981d0792221c55ff3d77705f26a514b5822980bd9c662a29082e768b2b95f0396fc5d8daee55b6141c453901",
                "22c146febeef4d63018296d2af2f9449f06f1b98776ff160d2677977906508040df5a18699a7ecba241d852dbdc86f148413a44d049359df898b27a91ce3289901",
                "e0b9d3114367922cc3116a1d528eb58fb4b6b927e44fe459de23041ad4271cdc60ed464ca28d3362449d426d5c48fcc3402cfc50f8f309275c3bfa2c6ce5ead100"
            ]
        },
        {
            "path": "m/44'/0'/0'/0/1",
            "xpriv": "xprvA3H8E2onTKbNibZ95qntRo6YaBrtLpcrceYYDnfgnYjcc6bkan6hMxtLxchJjjnmWmzRxyHH4g17gPkBnNVqA6o1e79vrANCMqTU2k635Q5",
            "xpub": "xpub6GGUdYLgHh9fw5dcBsKtnw3H8DhNkHLhysU92B5JLtGbUtvu8KQwumCpovSBdhkxzk5bF9zMTiBnyPF2quzq6Z4QDgJ91TmrLhwYHJmF4EK",
            "identifier": "f59ea80827de513e69b9290033077f905365b289",
            "depth": 5,
            "child_number": 1,
            "address": "2bWfaHaKvvRrZ5d98q89vHwE3E8kiViogmo",
            "bitcoin_address": "1PPicdvYcSFY8r9nw98CdLabVyLn51usa8",
            "secret": "6458c6f8e0d4a0195e16e9ec936d3048c27e8e0fc8a9e00fdcfd7197852c1c46",
            "public": "03c9164fb890d0f72c7d39aaba806d4d7286f8a3bc11a66bd8bc0263cd6f865f3d",
            "signatures": [
                "1b9b8984338aa1129e6c11e16e6d8c5bdfb117cfbda95fe61e7635e382d8a51c7c521b7ebb1523a94085c9a26b3e5de17577c9af7e35c5a6f6c33cc366383e8901",
                "4e5d740a57374bc1c8ae883b22a0c0ec0848dc495a48f80007fd45acc39bc642770376e3f87444e20c0d296623558c62251b993a75114ec874664076fc82122900",
                "531276b4715a6e95e3dcc938e28da1919dfc16a4c77c23c3ebc19e5df2ac505f55dfccc3caeb13c4049b9ad2c43598357d1700452baee869db448d31a98218a901",
                "c0326a57a5f973a4d1cf46ed6f07fca45da774f6bde4f98842341adb58287b1c04de5a0cfdbc1c55754d269f62e04c97027a7b44fcc640f0ea6dbbeb9f94116001",
                "2c5f4f0ebfe105ec94ec20b91547b6af449280b5d3d524d970aa650a862a454b0d477fb572f687f76d3fd302fcbd34faa8398b447b97433e7df3f028d208884d00",
                "239450538c8cea088e6f4f5f4797a5ace926e3fa5afed7ce66d2df3dba4ca16920b74603bb87441b06d5782b71eb8c8743eeb79c0dcbebcdb478bdf203be878200",
                "3a9e6f9b943cd2f2bf988384a7a02caa991422fa3fda02943aefcf4626ee1fc51aa346cc26eff681b46fb4942aa39800cc0d5bc5162b481a7faeb6eca26d72a601",
                "4dd1c3aa9277c92681be5836315a56fd04e2aabb64d23a68daabdb33342b0a5253379f5d4ffefe7450d69f168bb45d630cc64c49d2f60438386d8c2613bf653900",
                "8fc92a9d7e2e68abbfcf1a80928ce00bb658e0a08af0e6db282288a7c56449b049a9f40f0ed28b43e9b028f9cec4e9b534eb83d28692293ad1fffe386eac921101",
                "373ab76dc7d70e43c8bddbbcb27edb9368275c477f42c0374548092b7dd3ee307498ff1f868c89865dcbde5903737758ac3d8079e652981ca0bbc75a7563fb3601"
            ]
        },
        {
            "path": "m/44'/0'/0'/0/2",
            "xpriv": "xprvA3H8E2onTKbNoFqjcEBrDFikE9VUXxNpz12Qs7jqR8p5xxVTpZuG9jBmYrfUphVLHnVk8FQd6hR98VVMBXawdNEW6Sfz9NiPdwfvbJ6gBUK",
            "xpub": "xpub6GGUdYLgHh9g1jvCiFiraPfUnBKxwR6gMDx1fW9SyUM4qkpcN7DWhXWFQAexbkLRdS1hR8xZfc6pPJ3177CG3KrKXiXLjSafD2FVXHT53nH",
            "identifier": "7477770880b9d65c0c4fae4d3235eb81dec87aee",
            "depth": 5,
            "child_number": 2,
            "address": "ccZYserQ5WMSn6GUNqegzgUo8WxdjoYdfw",
            "bitcoin_address": "1BcpVpodSJCoTLTu5DMNrzVxU9x13o192P",
            "secret": "31cee729e603ef41d255d7766b0c624e55fea78f2bd7ca7696c953b6e0c15299",
            "public": "03b7b3ecb0de83d9de036036767d1d389d726f9d845fdc0682e573131a924a0ed7",
            "signatures": [
                "6107f8da9a5eed76dabb8a0acff73d14639fa1d5b2d09e75bdf8ae66d8a80a2635d3fb382c8250dd8e6048280fb07249285f36e7786448e866b4a4f0e946c0fb01",
                "9a611c8912b10361687f811ed57fb2302cc175351234940591fd0571167bfa446e2ac49ef533216955a462fe9517d208d6fc826fe8a4ad4d33cc0de079d9f3b401",
                "f07a9f8988b8fb7067263be316c60e60ec0633e8579aa4e6c4deb98b517116e91f281a48806569dad965d6badb102761fdf79053537796d824135f4aa1cfcd3001",
                "af538c9af06edad1c5b900afc6d62e719ccfc3b8d6089d4ac353c8ed6d157a87182ce5c31abda72b716da930c647b9dbe87d645fc77ffadf9f81b99c11fd167600",
                "0f1eff95fea2a4dbf9df50e7f77014421ef9a2cf097026f9c632b5c5219733d37c2ac602aace55f55c25ee4eb23488a47fefe10fb96f471b71522c4c4c9af56f01",
                "dce2b3a015b8fb3c18945d551a9281271e7d0a3fd71a21ef89813d19a2b29b622a21157d21c995bd15dd93393b8a6183e11dd6387e06912293d445e0951a090a01",
                "f7754a723dd96687579579a71a154991a76618845cc1c32c4977b46f694351b212c53840dfc63eae27dd7ef92e2981a6a02658316eeeb3efc4823a47eb03dea200",
                "9c5c29c6c7c8dace214e20880634a85062897cfdd4d688e1646d5cf97ba3b5f0706fef031ea993ef9170eb4da4d89c6e29fb158070cdc4d4a54698eb82637f8d00",
                "bc3b509251732baf67281353d7acd5d77ad3d28bdf09e75c3e07ab11417efab56057b0fe4c36b11d0ad2dd41113ea0c4b09203d6b41e076009592acabdb5357300",
                "483668320bb682fc89bdafcf5bc7f4060d5b76ba9dbf8749d5ee48c64fad6ce75744ffc7438f3890bbb4754607318102cd9552860d3ec1760949f739f0b0001001"
            ]
        },
        {
            "path": "m/44'/0'/0'/0/3",
            "xpriv": "xprvA3H8E2onTKbNoRg5hHYVhhByazZU2nhUeGwixM14t8N2ianbpas7bkV8mNK9Gw224Gk9MtNyaZfer2w6ZRHsZUFZbBbNXXfdaAbN3JdnQcZ",
            "xpub": "xpub6GGUdYLgHh9g1ukYoK5W4q8i92PxSFRL1VsKkjQgSTu1bP7kN8BN9Yocccy6MNf1Bm9tMpGJT2p23DFyi5YszMxhLzeJjSmFvD1t5M7AfL4",
            "identifier": "18cf54c891fe9bbf22fa8fb87e496db343fe1886",
            "depth": 5,
            "child_number": 3,
            "address": "26AkGJMepC1VPi4zCYsT4CPweUJAUyhnUDA",
            "bitcoin_address": "13GBbEBSuYRdyRoDSmmanoMpNPtAneEDBp",
            "secret": "a0aeac879d0569673e6e4bf5b73478da5e55eb3daf906262e376d0cc41b6d2ee",
            "public": "026f251be2e0f62df164d592330e7ca5e498aec2847fb988059a1e0d861c3a42f7",
            "signatures": [
                "d290e8dba6d5226f0a2028366857fe86203a05d568c41dcd4c204a38e49a12e75ac94d6a764b9baeb689f70fc794f1f057bb8d8b3cfc692eb54dfd02d628b70400",
                "805c56a71746661734b4aef4555d8328db144daa2ecd722d7be3c7f011712a557ac158a2ff1934db9c2dde6cb446d2b0296ae40f371a89049d431ed4d679a48a00",
                "2f8d3785dbbc165980fd2f4e1c9c690bcc4482087f2de9ccd705b32caaecdbdd725da8ef2f73e1974c58e20841ba375c9e1275e6938b91a004f111fc7b0628d501",
                "8c3bb5c5bf65c6edf5e61f9ae5cb9210ef9f77600ac6c1826b75f5ebc45bb3ff5cc780335143226707382f43427134d86beb1a4d0cb8cc38b21f1cb83f3a026f01",
                "fdee79ec8b80406e907ad81a2ed35b19205c4cf68ab8042ce878b192dee8beae52e63fc17e5361b67b6fa7c621bd844a75d3b8263bb0bd71c5faefe1dd79a04c01",
                "d5bf09640e6bbfb1ccf40394bd673c1353118e99a5bce5490e6101805a180d6f77a9b643c65d9232efa9e5aeecde195f60308fe98722d34461b43b0f00ab9f6400",
                "e1e5332801edc4b22d0a888c2988a137a162d82c4be137a2c109f8b4902e2960021ac9c352b345532f2b345f0be8c319ae5d7e32c2c922e412cfcaa1e2ff7d2401",
                "cd9b2179f760bdf63923925fb1fe659df1f4d3e39c0f6d244442bcd55c9fc90c03b0883ee50c37be9e4f7ee325e6df15ba00f4a560de85d5dc2fb0443a80f66901",
                "1f808b09cfeaf6921f01b5ab13ec3fca9f1fc5afbaf8849fe8aca747f19f277267c67d575270f717919142c3e41a6657e02861afd0e303790047c603d841e9ce01",
                "f1d5848e1cd42fc0cb9968352beea6f2fc44d5f3b4bfa90c72673930881c8fa945c045fe764e287c78d52fc8876dd228584df076c568db7a82138181265e7b4500"
            ]
        },
        {
            "path": "m/44'/0'/0'/0/4",
            "xpriv": "xprvA3H8E2onTKbNqvJYZQnV4aNyPwvfp1dgwRwLQMMrRkgc8KWz2JC9LBGJa44Esg55T65smoVTLfpne7SrfVaqGsPBfD1bKQCy61fKJsjDYYP",
            "xpub": "xpub6GGUdYLgHh9g4QP1fSKVRiKhwymADUMYJerwCjmTz6Db17r8ZqWPsyanRKCFGiC3nm4KnTj4SbSK6xKefq6Qcw1X5RjQhzrYfWGag8qPDNC",
            "identifier": "79c3af23df9135c536423b715d23f22a57f9c571",
            "depth": 5,
            "child_number": 4,
            "address": "vJEKjqa6dPAA2ybrLUJLVhQWtVQw8mvct1",
            "bitcoin_address": "1C6qBasTzmB66WiJ5EFAtZEiSabXvsdcaZ",
            "secret": "cd1f9b1813e7024017bbcc0f52d42db226bb8a09192c9763e71a9d1b3179e4db",
            "public": "02db4b24121f9abe795421e4e20f2072112f041d5dc69a1c861e8435002167643b",
            "signatures": [
                "5476dd869bd9d70c0802a35958298959a6be3e67a4fe10d0fb9439bff930d5931418dd67a1d00eb74303196511b0b6967777a21439de48d61c93442ffd3ceb8901",
                "34f9111316f5c86d84cf96c1a2f6bb09f80369a771ba64bde0e24e6931003ed24acf3339e3caddd8643b345957bec5c52b2d56b1c18ce042685e6302c3876eb101",
                "bbe837341e658d8dbd89058eba0918ba9730472309284620c685eccc3e4a06a121d733e6dd75c5345a378cddf7506676cc3148137b27a14be4d95961b6522d7e01",
                "65af658239de38fd2ed7d2c81b6423fcb99a0b09b7c1459b56ed1e78fcee957706b6c8716ebc886b3936b11fe4ffa2a694e4724ba4298a0769eb0c2bab133b5b01",
                "92d5a48ada4a71bea215af4fc04d8771dfe3f5c65f26d4589cc4c278f7de6cad7ff61e2764f115d5ae8b9832122003d01db7387e871258d35eade1cdd2d8d5cc01",
                "3d7908f28db6f8931c7674a111177e8fd5cc6bea29bbff747f77f76249826ae5526d226b4fb3e529d513333a7885aaf3e4c933e50eb6cdee27afab4b40df109600",
                "d56e3a6c800c49a6f27ee5c432cb2d30212eb6e99b5ac68ae6684f1fe70bffa205de2b76b6bf6eefb887db3905aedfeba29b81f29a454a8f0e082b2510f830ec00",
                "96d2a6ca6b1cf082cd38cea755d9b41565ce85cb8e19cf54c434ba76e1fb9ccb1d5a5aabda3d3fbe2c4160a5aa0897f12ad11e6f7137b29703f3ed1ef7a3d80101",
                "51f0fad103339b6e0a59fc04265776a08cf23ea151d00f2db6f5ab92f53a14cf5ffcb369a7acadd032e6e5ee5401f2d2bc5e3a824dfc8c10a9fcd96e90c1650f00",
                "e012535618dc9106cf2697934cbc7c41a69a9ddd008324ca58526d6aaf4d19f32abaa781a4064abc9721b93756d0b8db4a706e5ffa8fe87a7a61a330c8d0f52e00"
            ]
        },
        {
            "path": "m/44'/0'/0'/0/100",
            "xpriv": "xprvA3H8E2onTKbT4pJjkSdHhx6YkToh7VgDu6Wg6HouEBmmKRwNYVQo3NgsMn53zWBLgJpscuJYV8H9c1um2qk4sTCngYS2HXmuTUjLg9ZEick",
            "xpub": "xpub6GGUdYLgHh9kHJPCrUAJ563HJVeBWxQ5GKSGtgDWnXJkCEGX62j3bB1MD3zrd7jKoi7sAMYQ7yJ8HYM8boSoYuwvHEyMakW8pzxgpFiKiVu",
            "identifier": "828583dfbc73d1f6579f06ab8e1c431c5506890b",
            "depth": 5,
            "child_number": 100,
            "address": "2PvHdUC8bwwqrtuh7KckjZf2mjRUEvafCkw",
            "bitcoin_address": "1Cu8njTUP61rp1ZGaoksrqAyFGMXavRnFV",
            "secret": "4539d0bfb4b1d670d546b208909ef296f1ad4c1babf0f789e3856e7f71c1c9b4",
            "public": "02bb6247c30d794a106e115700d92e8fa32ca8d00d8366ca3de555fd92f086f3ca",
            "signatures": [
                "a9769b3b597c9fb5629d2e333bd95454f36b41d6f8c75726b8e22f5ea3b44acd228a78978ad0def49e7595ed5d6d2d4225d5d45e4a3508d0865583fb8c7ca8ea01",
                "f593b9130a90e0970177b8c270561184dedd893ba9216847d68462ecdfcc4e001b1c4f6189a46a3456e4b2bdcccb633acba21e03346f245010cda9edb2a933e801",
                "a5e07f63e8f02a19c7ed582cb8b008cdbef19c36cf0c229f53e5a15bee40127502a5986a15df1893b71450f8b1a2e5677bada96c6f6b9de561e90090c1cc3fbc01",
                "1dcc43e91a90906fd55e44accaf562879313003745a1371e22a2bac9398f147431dd99a53b1d40493304212d1fd8228d477bba921f0d1eb4cdb532dcd0b8d14d00",
                "77695f5854cce2b751457f76dccd337b68736de4dbf2dc1107cabad25e60b636790b7d14fe2fb57732abe80149473d728341a5d6a48a2dc5a84b59fd45f3120000",
                "b4541e87bfda0eb1731c6bb5c6be9f0aeb15eb46cec6398975013824509e6bce74729e30103140ec3f78ebc6668a18a7f3b0de4030fc395ad22c551785d0e80b01",
                "09f0dc662f0766782024dc5f899b837d81502adde7ca48f6ebc91e879ad446ac721bf1cbe94f1737a2cc4c47cc84d9ce48b3973cef438fad1f09aa6eeff8ae8700",
                "e0f1cc9fb59a807616770e058ce2a994c29c47f709c04b98a451f90caaa016fb10da3be1673c05e255163d43c4e548d976863f2703b2999b2366014320ff3dee00",
                "fe478bacc3f5445656580e40d5017fe2bbf851182d7a24231e5aea1d732d91bf6981591cb048457764396efbaa377ebc86f7f699b2e224137fd642e665bc374001",
                "c5a24c112059112d7c507ebc59a916dbd76fcd8756ea63ab19dcd566fd4656b97ed1b3297fa2b151ed9eb5737b0b650ca1cd7f080aa1d9b82219db3ed2523e6801"
            ]
        },
        {
            "path": "m/44'/0'/0'/0/1024",
            "xpriv": "xprvA3H8E2onTKc9fbs4L7pUJRLp1KsMCa4LwT39ewAfofTijLtBhcardCpUmPB8cQ6Awt9KhbVrZj9mHyXs5hjVbySknvaLc4KmgcUy9Jrc2V3",
            "xpub": "xpub6GGUdYLgHhASt5wXS9MUfZHYZMhqc2nCJfxkTKaHMzzhc9DLF9u7B18xcfNqjdHGKeRGxzdiQg847b3Ygo5MgNwZSRkF1vDcaX35KGqHnRh",
            "identifier": "bc232161b0bfd5767544aefed783bd99cbe97170",
            "depth": 5,
            "child_number": 1024,
            "address": "YZ8GTjPy4ikHdzhtkx8hJngeurqnhquKdE",
            "bitcoin_address": "1J9n7y5cAhgtbiShjUr9HNpfnrMF9xs4f4",
            "secret": "301daba6477b25fb5677b96226f9140d5b8d76e9f6f6279b764788ca441f875f",
            "public": "02ca636aa2cc9197e60082a0a463e2e58e6d22ee388de19e3706b9e87adc065589",
            "signatures": [
                "aab180bffea668527bcbd2795beed17b89dcd2546e45118d55e00ae5d9d755890cefbdfc069289c172ce3c16aad8bba25e9fbccdd62e62c9811928e2e5b7acbd01",
                "929afd9841757d7c16b623600380630ff3696064d1f1dac892e819490017a4397c5aa4fc83274c9dbf54e83c3cb6848beffd1b3a7f8b5567b6c0b44e4eb2e56401",
                "3c49fe6b08e5835ce356142f97c207603e07eba05c701d31b819468059a81dac5a1bbbf54b20c9e49ff4d7b9f2bd86437aa7268dc4ca73e893b1d1d1eadeb0b000",
                "43175c9a810106cc3bdc6eb19b48a6246742b3fe0298a51c8e41811cf6a65f9f270368686e41e1c0f491690ec38eaa6da82baeec51c20775c57a3aa0702ed58b00",
                "03c12b9b7ecb79d813018b926445c5f8233e54ef7fe03d8333141d86eebf3fcb71b1812d265b2657b624c97bc7cd31d85fd6d69123f98f32c21586ab9e1cf61d00",
                "58b56563fc2c1c4bfdf1d79f78d394e4654280c7ada195370e2312f3400b60524ce31ad2258d5ce0389f95c2e4572ba9e338af0d0b0d4daa126d7c1d7aa9d3ce00",
                "12dc315f4338b21c7288506071b5627e25c818408cf01a7879d49e8b2b8938445f68ccc6a1f75e04eb38f9e47df3ce3898d84b2e5331f20925b1e5c745d8115200",
                "d4fa3f1caec18c23739a118db9b93d54795937bf0057aebf4e3ac04623ca9fa817c2fb378068d5c6e201f6f3cf69213536d5e821a713c896d367e29193766fd700",
                "f822586097d506c6989340121cf5dd2febee6372dab7b09239b5d108511e68b6405effe886ad02369724c5a3ea8a8af16599985868b51d971e0a2ae62a7b367d00",
                "3576fa9ef63edcf4fe96f21c70776a7bbdf5734b7ff56b2d950832982c17d1f07397aa07a3a728b51358419b3a02e2ceeaf504ef7a78f1e4913c7e41cb5e0dd300"
            ]
        },
        {
            "path": "m/44'/0'/0'/0/2147483548",
            "xpriv": "xprvA3H8E2ovnz8GVZko4C5TgCnAZNZ8VnSnHjqb9eBb5ttghhvWGf9RwDrC27w1rYChSrG99ZMAyUnaw5JfzSJvzUnSwPLj6ayaAwHvFvPTQ3u",
            "xpub": "xpub6GGUdYLpdMgZi3qGADcU3Liu7QPcuFAdexmBx2bCeERfaWFepCTgV2AfsNsYA7KAmhCLct6yiNMWWE7vaE8tcq1bz3gw3brdAYqvA57bbDz",
            "identifier": "ce0b9aab84a3a7c4d5c75811082444ff2a2732f7",
            "depth": 5,
            "child_number": 2147483548,
            "address": "2cuLhdgZgr6AXhmyF6yYzKyVaWJRFcW2Azp",
            "bitcoin_address": "1KnU6noEE4QwhjJAHfDpXXDruHpp2oT4WT",
            "secret": "be4b0cc6786bdf2b527154a7a757cef672e048c932dd31fbf3341b5342ffe9d9",
            "public": "02b262f350379dec955204ee0a19b0724cd7f42b621df634df7acb03ea1ff68c39",
            "signatures": [
                "9029e98931e0d792b9bf652c33ef73959483f16d6823203df5f53c88f59f23014d8d51b6c28036805b571685e4ed9325e43fc82d25d2a114f7bf7442d223ac0601",
                "d3f26186ba18177d938688cd5317c41ca5d86fc3510eb3e98c2acdc4b89af13d28965a17ef527fbe5045933d310b5041233ba2eec4aaeb475cc2d00e08398cc700",
                "c658bb4c4a19460785f4b19e255f65765eb765fa655e538c6cddd5c43e7b02ee698a1118a4f3b2f60207d7a74642958899fcbe99c4e2cb70b26556866effc55f00",
                "b19891f3d3b9a49fa12a10bfd736e36a532854e1d9d1bbffd3b03f89ccfd267e4fe66534b79fb70a3fdbcdb4dcf2afb59de3751ff89c0b4708d7922d714b747600",
                "dc297f41a9fc48bde978701b4ad32e16aa9e9a6df1d57a00c6cb3eebfb514e434e5f9b50cf9f883f8db473da8e7ba404972f6812537a4b7374a18cce17e5c63901",
                "8fad34248773028e4c7a8691604b8a5143dc7c85349b6cd2199be6ef03aa85fc13c35208b3b32eab38cf20ddfa58b518390b4baf666c56e6f87fe043e196388801",
                "0973530251e80b26d0a87c2b26440843577e1608a11943f1bc346c2082825daa1f80d8166ea80df3b16fe731050287732dd0cbb9e3fa62e0d37b479f7961e32201",
                "b45ce2dd43e3f44494c8e5abd3e227ba206d7b7e2b403fa60846e228eee5aa4d0901d42ad275b1080d8fe9faa6f439a8b3404ea8b0e67e1dbdc016c42e6f6a7d00",
                "22841f49aa6a93d29eae4d515f582cebc724aa879e085cd3881973106f3d60734641c9319acf15468a97f7f8401e84e4b1ab701a9c80854e4dd48681c258689c01",
                "d2bc23ea22a36bbc9171f775f297f6504cd446bb71f1d326a43c7b9fc293508f6ba8f789ee63482c86e4da1429500744fde5f4385ebf22cafbf456e23237de0a00"
            ]
        },
        {
            "path": "m/44'/0'/0'/0/2147483647",
            "xpriv": "xprvA3H8E2ovnz8LoiYnk1KjoapodW4awePogXF5XYXzT47zeqPiMKWyw4UKuQ6QoynTHkK18jjajz2QXEDm12VvXukKTBjXtpdDdgWmFFTQyKP",
            "xpub": "xpub6GGUdYLpdMge2CdFr2rkAimYBXu5M77f3kAgKvwc1PeyXdirtrqEUrnokeuudRn1AMEc5eKH3UmrzQvVaP9pqprvhyNrdhVFaiE9TyQWBNH",
            "identifier": "ca6a69e5f6f70b1b01bebc7d0f6c9d8b43e88010",
            "depth": 5,
            "child_number": 2147483647,
            "address": "GM1wxtJF8XjgvPtadxLSVgUSAwctNnwavf",
            "bitcoin_address": "1KTGyW3nE12gNvkLykGCpYXwboA2CUQ3Qz",
            "secret": "91438db682c4df6e6ee82b77c46a556431ed0a2a9e47856a135fb971e0d38972",
            "public": "0275679e0ccfdce20d19fcf71147a62b1646d661e95a63252613bd77b453c0e2cb",
            "signatures": [
                "28097b88f1ab09c58c3499b5839b3bb0833c6fabdfbcce656ecfc2d8310a42cb6a4ba14137c98c0740061f522bd687f9de861c56bf993ece6c1752dda5bc336200",
                "5f64fecf7d721b06c294915c14a81eb5165b819b0fcf41ca884749c67e3ba5484eb549437927e26f3e8921f3a9c6e5c6c327dd43da11bde202a4e08ca335547300",
                "aaa6c1e0b62cc58d098efea18bbc6cb6b3d40640dedfc1e568bd0ea9ec7dcea432fdd7241a8b5414ad54fa350df478b47433d0cbaf3dec689219b06c35cd49f701",
                "1ed0cf9549e60cd55e8ea0d28b355003d02f9ff00e7635d87c690165e80528b83d6e469c78bb152af49235efd290a0a25ebdb3d20fe114a6520224fb4fe7146801",
                "0f0e81e9074fe1513e36bb3c2b0250e5c63b06097b483cab0535499dd78ad02225b91454f3d4b5f140ec6be8e333f0a446a1f25fb232fd4479d389781a3aec8501",
                "5fc8088c87bdb5b124a25feb2429dfa959c64de695b7c409d896ae811e342e610e4addcc8d9610ec974f9572978d30352fe43cf3262a944b65893a3f87d83ba301",
                "f2c1d93416b369a41cf4ba6bd2ab725c23df7b3f8e6605367150e21c6a2eb8485479e1a9acbba85922de3f07f480792a1bda9f39d68b702afbce109041425ce400",
                "70d2cb7e2d68e1e59a574cb197125a501f7b926b3d0ec445b2c0968937aa33c819bf15e2c3a0f2aab0b0e50389a4bbc229590c41e78229fdad0034449f46f93601",
                "5c57ec8c25e36579dc86a0cbee7b85aa0d5341b9bf40f165c70a83d5895d045236eee7238254c4e76f115c88f8e4d5b2303a4dee84f967f8340a21b2f60aa21301",
                "99e170f935c8caa31e5f23c7169f57dd0ad72a521013cda7b07b423211a2c278088f31855007c00d15b63b104d4230db14e2192053bfca914482c2b47342436500"
            ]
        }
    ]
}