{
    "seed": "iqwBScw9PXSl6JtFECoosRVCZZlsyu87DogMj4iVAKZOw4UOaweK9OoJ00bjnD51N9Axo2rtPkTHN2VKzY2ofQ==",
    "base_path": "m/44'/0'/0'/0",
    "child_numbers": [
        0,
        1,
        2,
        3,
        4,
        100,
        1024,
        2147483548,
        2147483647
    ],
    "keys": [
        {
            "path": "m/44'/0'/0'/0/0",
            "xpriv": "xprvA3utJ1RhnU2BgJtEkEpo4RpN7Sop4WQ61HisEYV5TQDZgo3d6VQnqnh2X3XXGm3eHHYRY2HCtcmJkYc81XBoZtQSE4egW3wDxHeHFmHCQCq",
            "xpub": "xpub6GuEhWxbcqaUtnxhrGMoRZm6fUeJTy7wNWeU2vth1jkYZbNme2j3Pb1WNLuZjRQcnosJAwYNxs2nAHRVcFKhSqY5LDqvFvsVpuEFxWxjYpF",
            "identifier": "8a166b7b15cac9b5053d4105b55d477d80ee46a2",
            "depth": 5,
            "child_number": 0,
            "address": "28GDT7YkX9LmEqXFMawMQ8ZH3LkxVdp3xGR",
            "bitcoin_address": "1Db97EPeD5ig5m5ZcVPUSx3qE8etMZNRbt",
            "secret": "24dcf62450b5abe2f6ef7df0572656ad21d2f4939ed344610f432b51ceeaa43b",
            "public": "035a4b7a6fc5810bc1cf2c8f4c760c56b1adc278f1675f8853859879d73f786b6c",
            "signatures": [
                "a47464ac9ed9d0c307366664b86437d394c268500fd005b01eb09db306540fdc64626eb32d1c0392f86949b3540bef8410f815bb8f480eb3f07ac4eb4779cbab01",
                "8fd8f1609fbb861951313e63c020f80364f7a0778ea475f394b7f175200fde287e20c5fd5fda27eb24ec2ed9d2063e17205bafe58194a0d768157c66427983eb01",
                "0fee776b483d1540b4be784c1c750618f4e1f1e959a4c89d806bfe2c6d2cc969161762004dde99f630748f4a38e3bd559940add94e559d2f9bb1fe6a06979a7701",
                "9fc8718a3de0356ca5b6136694e2290996fb6ce660c714c132cd2e097a3dfbf64fbfb82def1bbe10b230668b438268e0c479931604fbc015f77e161d4b82c40600",
                "36b95dc5f1d892020e4c30f23ada0f6da145bdc99884d2df00b1c0e038150cfa7507a93eb68c290ddb91d99c0d3921e6384225de5b16d2988259046de6174e0b00",
                "84a0efdcdff4e4a08dcaeb2d1b9c890eafd599b06b94bb9906c1ef08be765c786ca8b1e5ef119b8acd37c8563c41fc33a8286ecdba633a4c1e139521c6f8179601",
                "dc7811a647b7f905c498499171b561f14c1dea130320a044122c6ff518030d112ff7aa0ab899540e51907f26da0368a0089e34b6d80bdabca17dc2cb5caf01d000",
                "71932e2d9a2a04a7e9d8ad79bc3fd23c89f6138434930df9ef15ca713389b6fe74aca1901775aa089d991f153f2b635f54735f73020cf394f3bee56e393c1a1000",
                "b4d3b4b57a1c7705ea27fb304ac661c6bd0b9a3ca8fd7e0d9d6ecea05d4b81be71dfb6815f9114959609485ce85c98e12148c6ec1e821df81a56b1c196699f5100",
                "60ce6964a58c8c8ef5d58de06abd6662f8d099736cc8b39a348d9312f33cebf805e9a0e7662749c3d600f728a6c8b047e5f65db7987c64e889ce47a492c0ccac00"
            ]
        },
        {
            "path": "m/44'/0'/0'/0/1",
            "xpriv": "xprvA3utJ1RhnU2BjygAvzhLMAGMbFccrPCohi7pniQMaYidnSUdpCGzHT2epZa1mtU1ZD9F9vbdmw62kxgyL2cycSLPe3ahyufbvhMwuZVdRhJ",
            "xpub": "xpub6GuEhWxbcqaUxTke32ELiJD69HT7Fqvf4w3Rb6oy8tFcfEonMjbEqFM8frroBrTzHcD4pZFxH6VrUPUjknuWMhikd4YE4bwqW56G96hmEKt",
            "identifier": "8da1ef59d14220db58bb239c8baed59743e950fd",
            "depth": 5,
            "child_number": 1,
            "address": "21TT1GXFasfsE45JmucnAm4SZJZ4rYC6LtK",
            "bitcoin_address": "1DutGVE7YAv3qAZYdFspHWMJiHK2KAWXqs",
            "secret": "055ad0a685cf4ff39f3623c9e22c898bf22bd87a13ddf92afeee3e8417e0dcc4",
            "public": "032ed823773bb41ca74369908ee73935d675e6ed930532367a11f1cd2fce59f561",
            "signatures": [
                "9dcfcc86da8b1b417184feaece62430c1086f49cafef7e84aed3506fbf9a617c4055d351e371496531f858c91277b42f9c76840f968cb2c222b77222da71acf401",
                "bef21d026663189e4a34a52d6e8635881ea2022e8eebc971daa76df1172cf7757985d62cc368df2c43342a8ccea6474575a5f7aca9f3d534c578d8e139a112da01",
                "9901982e9cc90a9452425c3a26a7a24446d4a462379b3c073a188f60851dd1154150ef2ac886aa606c5e89b0e5b2f08df8690cfa7e49742cb79f596600ebe17501",
                "a58a341683c266f93ea08e44be0a05edd647ad31464a7d1c96c68ee189c8fdc310516972faf151274875d7bc370cf2707a92d3c862cddb46aa8776ba5bdbbf0e00",
                "6337fb043d2f5bd53d5c80fbb3de7644c5a097d5d6cc98bd907807a14f9ea2a0641be3d63a3d37f56fa86b6179c2515d8e6330c5383f9c9aa6429c254589083400",
                "546d2d8df73078d0e6c55d17234f7418a990a17ca1c34e6b6bf911a7996abfda27dc542165ec1ff5ba8c74e4faa0334a3cceaf8893af1c8a2ad2474ff373e23001",
                "07beb0ef5db2edf1ccb6cee36d6addbb2b7b7232c40b4b234ae1866364fbc3ce48ab3a74248a8db7b3149ce444decd436bc7fcde5b19a200960b72895c54231500",
                "9fb255f8e98d569b806c1eb359ae3a4172792bac394801d2221b4af8b9e554b445d708912d96301a63d92853a05c1a7c6eadea38d88f163528c4e0c21114bad900",
                "ded877c06dff920321f71896cc1d34f08e547135cf3c9857c41332142e4f60f1396f224a2e17aa470fd96c88b9b852b73046918a7d272db6ab6df64d9db6639900",
                "de510444d9f76d90268900b11b72071f8caf7bac2034934307d5cf1ce81d0c946851fd619fe0ee48f540431e9f8c11702876a578ffc6fcaf92096f86ee13aa8a01"
            ]
        },
        {
            "path": "m/44'/0'/0'/0/2",
            "xpriv": "xprvA3utJ1RhnU2Bn248Wotp4K1TbDe14zeVv7i6aFMqyJdzuAez1BMoscrf6mzpEepqvSAvYh9Z8aydZEWkup1oznKeZmy7cJDrjnepjbBe8Bt",
            "xpub": "xpub6GuEhWxbcqaUzW8bcqRpRSxC9FUVUTNMHLdhNdmTXeAymxz8Yig4RRB8x39hdNTZoUjduH1rFJz246zvnWfxk7LaHmVULWvNZX3w6Lrf9Kd",
            "identifier": "e560f6ee15bb2ff1b8c6c640bc07b411ec65fa5b",
            "depth": 5,
            "child_number": 2,
            "address": "2ZrqAonBrZmSLd48UkxNq9Yyi4fjeAGkUU3",
            "bitcoin_address": "1Muqu9StkszhGsFCcqGhixQLu8H6ENDhXt",
            "secret": "caf54cb27d4a749ef8e09bdd3995c8872a35aa27d16a5645d498a756dc637fc0",
            "public": "02db1fe78d937f3d18cad3f5c37cdc1ed197336793b2695ef63948364a3d5b2384",
            "signatures": [
                "5dd82b22468be3d982780830e04834077595aff76424eb20bf9b5033235af8ce36511422759cd9da04b50753873a30876db8d02d8a439153466bc616452b5de200",
                "440cacafe7817ffd612f3e2fb07dc93e22be6360f0bc42e615343cbe20a56c752111e39759b95af532b6cc168aee141e54c6b2dde214a2c8d697ded8bebf952801",
                "c23f8514de9b9e34287b49c3739850852d0e791fe881bd358586c17375b7905f10d09a2d7bd92497586447a092de6af6c897090d7152bc997777e0e5b986e0dd01",
                "046cae7c89b6e4ac862bd8ee8cd101f1c0547a2cc229c759e51ed06cab25be0f6d1d88cda3558511c4a70ebdd2decdcbd4797faeb9d64678af30d438efed5d4801",
                "4fd9cb549abe5a96fb18a1bece1eff73d2cc99f56f06a06d73b70c5da87dd26228991340d1ed49a0daf8502f264f1cf58add7537e67da9a68b06d6250e12811a01",
                "5ef398024a53915ba3c7f839af42a5b5cdcf5028cf74fc491625548d7dc1b58b2e92b4833bcd81a167c6aaaf835aedb7555143e0abd384ee09dc4d73220e570900",
                "6f50c9cd0947d68c99269e58d536850d834778fe6d002542fed79959e5f506d4685c96043d3795f74c720c3c18b8248196eae2050aeb3ffc35c05c9440bce0af01",
                "d6cca29068db2690a0caeda7e63260add60f55e60d17541edfcba40f5a237cb161e9c06016c9e073e0cbc094cc0282c0bcf78e56e10b7c23d5555d3e23ba539b00",
                "84051940b57eefb4ca6e1b5a6210395d4a2bc0f925e4ef7bd6e2598914ab323279b105ad977aff7cba5d60973ba997f7f748a6df8c593807a20bd5cb1d73a0d300",
                "71fd4b6c72abcb8e91624b9e64a7fe285ab49b8aead40a83772a415ba27a7b4b44f563b605cb90b48adea0be18ec2c0ebcc0d1753a959ff90f126ec875fac14c00"
            ]
        },
        {
            "path": "m/44'/0'/0'/0/3",
            "xpriv": "xprvA3utJ1RhnU2BoQzYwRv84rfCWRdZehtqTuGLXVvhVcBCrMRj7JXWLdtPTkToTv2d3oayF5DFNJkwe2nydozai7BRugrf8H7uRT8eVGx6tAY",
            "xpub": "xpub6GuEhWxbcqaV1u523TT8Rzbw4TU44Acgq8BwKtLK3wiBj9kseqqktSCsK3jsc3j14r57HLM8Y8D6SsvZQTgz8aoqak2UfrVRgJDjqr6Au5X",
            "identifier": "70f3415f8ac7c8280dac7af3d7e6af054969552e",
            "depth": 5,
            "child_number": 3,
            "address": "221FmrphMDnKyDZCbkDnXjKN7JJUn1Zam2X",
            "bitcoin_address": "1BJE6AWjcK5Q5bsJaA1eDtt2Qbpvyub5dt",
            "secret": "207abd36390cd174a12ba51b2431353921bd3ced52c2e4a41640992f2564f8b4",
            "public": "03485a6c254257cd87cbf6733634edd85994372d5e9a93deec35f58bf00435fb51",
            "signatures": [
                "10fd66b5fdf42ff3c91f71d46e90546809c2afc04a2e90ed0a841f25c5f9319c0e263052870bb91b701de50edaf53e2b0cafad55cbdc93c8fe29ced99c5b6c8101",
                "967d8c358f830fbe7813510ab4ff613e410a7852ab63d29accfd3b2b0f0f1ebb532271f377e55956349cf858b02aabbeb284f52f78d31870c6c8d93a67e3e41700",
                "54389ae0d50df748ce073fb2c860abef1b19cf4d065270ff0b0e75f812efb5846cca466f3b4d80c267a50ef39cb011cc60b681d20e1252b79f18a4e57e9cae2e01",
                "c184efb5647b290b0ee63629a8ec45655ce28580e3de775744752a3f9cd0be6b1ef4bd6793a87a1e8fad4e1a94c01c808d1b521fe6c512c17576802153ae44f201",
                "06c98413a53079c24a669e29574a84de2037781e189f6150ab05a5a7aa00f39004843536fe4a49b364a97a7e596d629a3f89e6c1f2f9614b482ae01e3c509b5a00",
                "4e9240608a98ff817ca56f12e270cab5c3082a5400046c5c2fa22391f3d115f93695b473c3e070103a8fe215464495298c4febf401646109f994bf8be2ad77cf00",
                "facf6e6e06ace4b58e1f13c081536d162c91b7713790728d28e1f9bd4c72eba5068ce3601cf71be75c47984a370a72ecdd5c5cfce266db863fb1aa26ea23c94a01",
                "5bf30e9a42fdd7b41eb8a2df395ed1941e85a87cbe67307e72417fc36feb159d6a8b42ae4f20994b8648544878dd66f276f353dd4e78a0a94110aada875f6f0501",
                "5b6a34165da4832f6ad0f38fa54acd238a1af25918d742ea4e090260039b981e31c006dad762ba2958a0d518cf70553b07b2c54e1f8605dd0e358ce04aca2b4401",
                "c2c329354f45c576a1f7da3210145619d625127138142a95219f2712c7306d496ebd33593a2723bb1b8a38403419addc54f2df5c16d30a886b3a827a9748070300"
            ]
        },
        {
            "path": "m/44'/0'/0'/0/4",
            "xpriv": "xprvA3utJ1RhnU2Bsb8zJPExWGpDdicb4JsTaaGqoo1feiAMNqCH4XTJtqxUPHj7BVR8WNbAz8qUG2RrLcUzX227EKxLXqLh4A1KgaYwp1wtZkp",
            "xpub": "xpub6GuEhWxbcqaV65DTQQmxsQkxBkT5TmbJwoCScBRHD3hLFdXRc4mZSeGxEai6uiCWmjmsn4bcSi287BhNksNQKNo7M89uM5i2jA9nfdRh3Mz",
            "identifier": "23e82aa6198f7661d99d8aa561dca75a384e6d9e",
            "depth": 5,
            "child_number": 4,
            "address": "2TV5dXNJRQL47M88fChujCbV96i5T1EB1Gq",
            "bitcoin_address": "14Grmw4KjPnrr1TsnVGu9o3UwwGWjVyUsz",
            "secret": "9c0fc9b6a7da9de9d86d826f1a6132d56c93253f661082be0c6f23f091257d65",
            "public": "039d2980b44ab8a1b9e5f07ecd5e4b16c6ad8270961b9b22205215d27e0a62df4f",
            "signatures": [
                "0832020e160fd2162e9708c575fada466ce68895398edbb7512aaa9135ca82aa541a87bc120c3a04996821044a6259d40aa71f3d4de555235b669e22331f363301",
                "a07c010350295a06930ce49bb75553fb8774364386023e9793d698090125fc965c53435c474a0f7196a3b4697dc65cf28ea72857d70faffc50016e154dfc65a901",
                "ff7cae86939bac1924cbb910a72f5da639e2ee15c3f7763612964eb50bc0508377518953664cbd94c44376933b184c4ca53708968ec8fea92f27350cda238c4f01",
                "3a6864968d098686aa1fc91ac25786611c372743a9baca972af3e531ffc2962e0f139964be39de44084dd1af821876f09c416b6f7f53ed15f5a148d9e2d75dac00",
                "3cede898ae529c1abf1bdb05773d995ce1737a6570c916a2a777f339ae9999f9449832156cbfd8232b12d8d703cad382c26854575be3e72f45eac3bb79bb306601",
                "fe33b986ab25d8fbca7e5623acb3b653ca15fce88624054425b4ceee7f9003dc444a75a5170b6947bb6c8a5e2b081e2ab44fa616bd3c0074ab29798ea154efad01",
                "9f8455e7805f44abb7f5f45b1984e848be9dd18f1f07ca66bdb0ed406e8de27d7bd67239c175e8e0896125b9809da37a4ede76a5393f530ccd05bf710408197c01",
                "ccea7fbf812472861f4fc905f402e0fcc8865b471bf9b4931a0d7465c78181ed119f74608afe5c28fa5b0f1cdf1761c20d5721910749b562d47c8fb8693f33ed00",
                "308b13adc487d8411f3ae23c40c0fc48c1c57124183b0ce7a630d383d5b77aab5a1d6d38dbc6980d0799126187c8b954867e8776271074d62f7315d4be06f65b01",
                "ac8a3d33071cae8a6af50ab1a0754699aae3a6a1abd8eac139ab2aadebe95c8535f633f92abd7015fe73a79343ea22493eacdec41c8885ff6b9843a4a2de154900"
            ]
        },
        {
            "path": "m/44'/0'/0'/0/100",
            "xpriv": "xprvA3utJ1RhnU2G4CubDaaYQ72FmkiZYWYq1hAbm1MegVcYZrM6utrHYfJNbdaBiKHcQURakJhvbmnmnofQkmCvk1zCkA9NEBKjr2FSh92dcHa",
            "xpub": "xpub6GuEhWxbcqaZGgz4Kc7YmExzKnZ3wyGgNv6CZPmGEq9XSegFTSAY6TcrSumcVibWVyueGeZMuWhfPTtsjSj8XtCWvZ5Nassn3KRQbGdgJoJ",
            "identifier": "e4b949a1dc2473a8927f33d09c19abd389d24b5e",
            "depth": 5,
            "child_number": 100,
            "address": "m1ohRbL32CYwZ7zzi9t7N8QNNLhHAsB7Au",
            "bitcoin_address": "1MrP2kLt6q15Zw18CuVti4nKvRtgouNbcn",
            "secret": "31b898bd4a4d9325ba18e9577ac91eff2ffcf2ea301cf43caf7c9200c2cc00cf",
            "public": "02cb5a9063dc31f2b81b2ddc3fe167ef18ec249a89222376c2b249b1a54ab83dcf",
            "signatures": [
                "26ab2847df56cc13efc308491827d48345fb5e39d9c39ed32ce87796940aaa6b63a43b659b73e7e87927536eee727fde758f5bf7f2c9ef4e4bfd9d862bdc2a5600",
                "8b5e6f0b25c82f1f042f045e7752ad2853a9fb5e88e43a9ce773530dfdaa78d107e5b5bf6670f0186633306d534a1494415e3a9c99a4f16f1e1359b63cbd4ad300",
                "88a50e0286d4a72b2df1fb9afc3900acb7e70919a0b7424f292a36af2e991f1f5f5bb6543dda36a3b540d89edc4cb995f72f8d8f473131cbd6b2459a0b54681301",
                "80bc43871cbfb3543677cccaf021081374576157857e68902c899ee5c03bf8bd10cb9d08b1fa45f505226c24dddfa044f1c7f9035c3b072e02d52f7dc6d27adb00",
                "5d160f7d0722be3825aaa0f740304e817d382443a809f4704ce7fcdc928751d65d7c31d8e0b3d1957b4ee13f86675ee7d05180d634d468e543cc710720ea427800",
                "6a16c0c7f281129ef99dfa8af569dfc352886be7201ce503bbf63fca776656773e530c8844a9de139125a76c5e60985c787b710a335512fdb65db96c3607a46000",
                "9ba33505dbbe668d79b456a671b1b2628aabca4148fc4ef5f07ab225bc48388059398def1950b48fb80922e7873bb629dac9b7faa44b937bbe7694267ff3716901",
                "bccdf92f1f767a7fa603da832430e2c14e0c2754664a728413142ff11ca573dd1a25e9537cae8980bcc433c82224af5b720f87ebaf2f6d0015e4ae1f7ef7d50400",
                "7454d9d59c53e190d3cd2fe3a0e489fa2c0a2dedf1e367bac0fd75fec2f63eb97dd25687758ddf63ca89974d18cfdf9adc0cc170943ec03b61680ff54e3d72f200",
                "41edc30e77910c09d47e204e5a9a7c9f8586ed953228d3b7ee7c3a34de7654d40dc2a627d4163ea0f9b08362d8be6b20e013988deeb3f90cec55328711be860100"
            ]
        },
        {
            "path": "m/44'/0'/0'/0/1024",
            "xpriv": "xprvA3utJ1RhnU2xg8Rfs6fZSFAZXhzMivfjJYEcSUYuxAhX7wkUvhYHvqMVoQe1kc6G38FNTkSBUYkX2UpNguMKmBQxfK37qGe6mFFNxTYK8q4",
            "xpub": "xpub6GuEhWxbcqbFtcW8y8CZoP7J5jpr8PPafmADErxXWWEVzk5dUErYUdfyeg9Dok3eh7tsqe352nPz5yahjJLjE8CBMRLqkRVrt8eKQBQahyp",
            "identifier": "7abf462d9e4a5e79ab488d0ae27941bea8770b92",
            "depth": 5,
            "child_number": 1024,
            "address": "t1DpPkBSe3jAgeWN2ohC6YzvqvAhnAMf8s",
            "bitcoin_address": "1CC2aN4UN4rYNjhUYu2vDPa1WMior7wRL6",
            "secret": "ae6bbb63d3cda20792110d882457804951d9a575368aa68b70325fdc30c69466",
            "public": "02ecbaf57af5d4c143c6503a68d68759e4d5fe15d11b52ddc7d7d0118ba9bf9f5e",
            "signatures": [
                "6c60b18c1954f219f0367f4bbb6fb94ba4e0cfbfed4542da9ca6cdac3fc99fb01e0f4dd6d088f7a44a8585cecbe3888cd11b3de5c80b861e763d82c4e5e0303900",
                "16084357a13b1736fcedcefee739b9b6e6874d09012b92a82ee596afad34e1ab517a50bd0c89ae6d92d9eabc1efc9d85d9a3b57f9a687a68fdab45ffd249e3aa01",
                "8fa028f54dcc12f8f844fd6123a4b3e0e8d95ef90ea18986246348dc9ddb9cbc5d7e584889d6f3e5218094ab0cada74029f9c3ed03b81da440906040976b4bbc00",
                "5b22e8948ed706166d2e38314d3a0ea74a34008f3bd9a4a27b88d6b69902c9a52aa9f170b49ba4c42df0fcc42cb242fb88818b6c44fd1216ddc1a7f3e39af1f900",
                "35a8bce0ecf08d782b359ff6118a9a0605606dffb574e2d63261a80f1503ff617e354a73248731cdeb5ca8f7daa8153b290275b3ecd3506e3b211d6debabf5aa00",
                "02f6e4f91c5899bb08ccc4e201e227854303c6380e56595d7305aa66a1cd017a1b4f3e5245b22745affea6c4bce0b0e4a7f219fb41a0ec8e1865d8091118fed601",
                "20f0a127e1f73b6b015e0c9770bab9d7e8b3b29f3488fe82617a751b0a399bda3825d47c2c703323d4eaea3c7c06ce2af1e4133d11aab4829a11707bffbe9d1b01",
                "0133f2a093536f83e534325696059ed26cdd30cf810656393e20cf72bf7decb255754cd30de65615686ef1b661c75b7192d20f5c1326ee720e171d0ded161a8601",
                "2654b2d6c7c667ac7ebb58954fbd23aedd2282ae0e65a921a09ef3beb371042c00b38edea185c34ad12dca01a2ba3977a7866d0d6dc1c223a576db682eaf774101",
                "b70361cf91862a3d6bfbc75ad115117804d694f73f025367b88a67017fab285a3c35125f5a5f0298167862b0843c5a1a3c7268c1dab34a876a62208e95878f7e01"
            ]
        },
        {
            "path": "m/44'/0'/0'/0/2147483548",
            "xpriv": "xprvA3utJ1Rr88Z5TqtR5q6hcTpf54Ahy34yygYq7cz9sbbQ9JLfYNTekMQQeTLG6c73KdriT5F8TXQWhyFDyhizxRYtdDZijZso9nQdGMscirG",
            "xpub": "xpub6GuEhWxjxW7NgKxtBrdhybmPd61CNVnqLuURv1PmRw8P26fp5umuJ9itVhh6X9Feq4oAC4csLm7MYadY8L2kMDATMaeQeu5thm2ijwWh2pp",
            "identifier": "981492b7a357b3925207328cfd5d514224d8cae5",
            "depth": 5,
            "child_number": 2147483548,
            "address": "a9i4AP1JjMEw3py9Vinv1eJtDnzRQrTJxw",
            "bitcoin_address": "1Es8MbzTGj5tkxssjjT5ai8sSSwhCNq4Sv",
            "secret": "7e53f69e43773ab6b60d14ad6f583d59a77a30bb5d01524e76e28c735fd11f88",
            "public": "0225edf7c4ab0edb404ba1c0fdb906fdbf2d0219b8c23843ca37f8b6f979883526",
            "signatures": [
                "df251929837e95d516453e33ffb1d5b1573698e921637010ad8bfa452dcdd57f491034f99812f83dbe2c700ea9dcf52fef388c5a206a1211066044db701ad94901",
                "7104477f80044453010088d2553ab65f62b4294aed1612dd73e42e7b9a3a9fae72f30289930fbbfd8223865ed138cadf98688c9e527638583b080341e56860b500",
                "8f971cb901ff7f4ffbc40704256c6426bcaf70472fc5133258b6790817f3bfec65eaeb495960f40f0fdeaa1044f6d091ffe3f713b9032b58ec22f423a6c492b201",
                "52a08321316c1282edb43467a623cc246a056f8ee33c8a544efa6afc385909cb08e07c75fd004be1bd3242511801b1eb31a6f2d6362971b14cacfee37ad1872000",
                "c7ff9282138aa7a1e19fbb0e56ce6f59d887febf5e106c72e50cf05fc27b857e52bb0bb5e8f013e66897a992132bc186e98cfc20324f407cfc32c96eeefb5b1d00",
                "1b5236f0f76a260a2a4a4eaac5bec2b50aeb7b2788e68bd7ecbed7c096855d61667950c1709cd26ab991d433144d944d5b44882c0f20a1dc0ec75813dd1c832701",
                "c5169b1143a978109ac5e986da9908d49dcd5b80c4a8ecc47f5b23b48c5b6f7c544b4cf26c51f1a982700e971a0faa09722d223ea0428b51fd6874a5a494a69600",
                "999e472f9bbc1cfa378ff59590d512c17fa5de51bc1eec8201fbe936a59302140457a44dfcd5a06f6ad3a18cb1c9b9fa55f54503b52b9870f8ce447c3b2595d701",
                "22518764a60a8ed53f2b4fb34395d0017f10fa5a9c0d27ec314cf22240aa866a7483c3e168de5ef30a1738e9e8950dec11542c16ce66b1257650e8e2ff93842801",
                "8694ac8f49af712a5bd8646775e83f076cadfeb6330f58e80e1141ebf2ff6f6028b45dfcedcf38eb6abbf3cd01307e44876baceeae9d97b615289808c3a8cf6801"
            ]
        },
        {
            "path": "m/44'/0'/0'/0/2147483647",
            "xpriv": "xprvA3utJ1Rr88Z9q1x3sgpbonP56LzP3v9g5kqHQNRQ3LwGTejiDLu9QgT2c42v7s7K9e7MwdQ5anXRTv9WmeUZ9fN59VD5x4ordXJ6UgRoGom",
            "xpub": "xpub6GuEhWxjxW7T3W2WyiMcAvKoeNpsTNsXSyktCkq1bgUFLT4rktDPxUmWTM2mcv2878JhYppyuPrwcFagvcCEquLDXctY5q5shmQa9pcQQK6",
            "identifier": "f33cbc86009a5b48582384973ff281a58b57548c",
            "depth": 5,
            "child_number": 2147483647,
            "address": "mdDsxa4FgU168HU6Sx8prk2jXGTpFvpJEC",
            "bitcoin_address": "1PB7xf19Vk6biorQXYyd8W8xzRADFRBrYL",
            "secret": "0dd6558bc32ed960cac50043ae5960a5c6805c85b0e20154a03d9c6f70e661bc",
            "public": "0310e2e047eba8ade874979bd286a0fd84fcad215229f57287f6a87e9d4564742a",
            "signatures": [
                "33f66c4f74671dfe1ec42fc4ec4352575c31a423e482dbe54c9086a8d20180425d98f2970944efe5e2ce8cfb285d63d89abb164ae128c01e03c5557ad4ea1b0201",
                "c2789e9df7118056c9f383197ba4691699b59e714f7bf7df3355ce765382415e521e6e0b4fead4871da9f97b6afdf762579971385b6fc785265da76f04a313ef01",
                "e0a51466735ab90dc69ba971ce1e171e78c7b40c68d429ae9a93460eea348ad32c888602c6abd22559fac74960617fe4a7c604a8215a045a68db246ce190ab3100",
                "f1149e7a6979dd8e25e52dba02a36e0f277b45295919dd96b1a99ca3e153674651d9dba9330b7436b5609e06eb59fa10e348ee6a859ca938c2b71a6a4e65a0f701",
                "ed8f1d50131642f73f696278aef543db7ff8949e60cb0484cc731c8890faa6f56955ed62541690db6e55a27a73932eb973888326bad1a8a78dae49df1e9eeb1e00",
                "6d24a544b6758dd65f0a2452cd0e8d90b0a66a7d0572d034299601b53e5206fc5fa952186c2ab689f0dd2854426e2a6e23418a89aa28e5dfee321e7a6c2ab85300",
                "33a72c923dbd609c8c900379e0b454ed8a4ad04a581716c42c455775964937c70a5f2dbfb51a39355fa2d6ad0fb29c1a74599da276a347c5aa5b3a2e50d4c49501",
                "3beedf40187d3ceac5f665fb636bb6643ad329dc3c582a8e26123d0329e8a41820f9c76a251a2ebfc0fdaf56c72cb27e6129bb89d676ce4f3a1e64c8a1f7c51e01",
                "27b96b58a333df384be74e33b9a168ecab5683d0d75e184dd17ff2a0afb466801eea701ce78e628a84ecdd563bf6bfacdb6c506d2875a6e28787d9d92926aa8101",
                "a600a2bade62fbbcaf81abcfdab01e97293a8f26af4777e19821f2a64509a7c924203cfdca49c57343d5a66447d9dfb5e701d94d2fa24df2c671aecd333ab68e01"
            ]
        }
    ]
}