{
    "seed": "oBfq4P6UMze5OBu4EtwFoTovtD7AB6IyUTobrk3wJ04=",
    "base_path": "m/44'/0'/0'/0",
    "child_numbers": [
        0,
        1,
        2,
        3,
        4,
        100,
        1024,
        2147483548,
        2147483647
    ],
    "keys": [
        {
            "path": "m/44'/0'/0'/0/0",
            "xpriv": "xprvA3GKSTGBcZC5VFAn5ywQBifWWeWDQJFN1fwkgsS4utLk2kTkcqPT3qXHr3pnrytgHcDQ7vqW1gRsGK6vQAJzAm5EU4bk3QyZZ8R6zeo6Cp6",
            "xpub": "xpub6GFfqxo5SvkNhjFFC1UQYrcF4gLhokyDNtsMVFqgUDsiuYnuANhhbdqmhKgCYSAGZF1TDzqruCcYdk5WwGiFmpnVSzKs2XLudbeLERazLk2",
            "identifier": "1420f10654d3fd5e5603c2eb71a7d514ed7c8f20",
            "depth": 5,
            "child_number": 0,
            "address": "29H8xrq6otYbz3wHHUNxG6Ts4vnQyX1VB2W",
            "bitcoin_address": "12qRyeqWqJeFEeLvCbG7mCt5poy8UEed3d",
            "secret": "3253017ef44e2bd47efcb6d9de46452e74e1ebfc51ee54de43a4e6454a4fb74c",
            "public": "029e80563dd5f64674cc2c0b016a303b937c62a7454d5ce2fc95e0886d7a668f63",
            "signatures": [
                "e36caac30c3982710c15a224438e7544d97218527410d73a4919880a1e13dc1e2b674e9202c0eca1088fc8446bcc8b0eeedcaf3e403e809e22a54dfa64d7c64e01",
                "85a23e1b1daf33c49b33d679a535fec9bb23fe52710951ee7de0f1f91fa876fe664db739be4f05a0d9443da2c41d289a9b9109c9754f02439726074de7c47aa700",
                "3842e26658daaedd7c52d63a56f81087964add74349636edc3746e268df10d7414599442a574261c9b8ee2b69cbde48c1da92d603d2ef94ec04c5dae6974aae800",
                "cbf45decf872f864c1108274625a006d1f7bd72f6032b236a944cec4bc42706071d424b0bba71b8b359363df3357fa860c3a8f35c89684b70e03c6bdb72d8e6501",
                "63045376a125d1d56229fabaa19f0302e2805b0a140dfdf2c6e152d2c1c35961563d035aecf2de2f0480da99727d52ee6e6867715ef9065f597e4e4922c4a1f501",
                "c501e4c3c8204305fd4b51841ac211e06367349c8fff7bd0d818bbdb0d3e765f735de0eb4470b28d5d7a07a010baf998c13cabd58fbcbf8a1d29aca7f42b734501",
                "a0e90771c87605e8b84b7eb0b7d34f52724f724ae9625310a56a1887a38318053740bc926665cce1f375fae44acdfdcb4ce689dc88924a7f3a0b5f4fcc2b782b01",
                "85aecd792030138ca8c2e0c43bba9c1bcc9122722adda08a8af154dbedfa5fcb5210bbcf2cd34e3e3418693bfa4382030a2fa191b0f54a83d4e1387f00564dca01",
                "ef31db97c3622a2efdebe6b6f6bf91f74cfe3a39618997a1b26de17355e49600541907418dfb8b6a1a115d33a01d90ce1cf9c651632398309130c89c0a8918a300",
                "0d9029343f9088ed2b519f47ba01500be3620cfb9a9cfb410cc231e20bb088186e6ec82a9ccd8d9e874d35c63cc1e38004cf487eb1ebe371c0042858b1a4f18700"
            ]
        },
        {
            "path": "m/44'/0'/0'/0/1",
            "xpriv": "xprvA3GKSTGBcZC5WkEEmagWyRJSLNs2ZDaUNT5PLS1dmtDYURcviPuWC22U4jq9WMFFPNmdcmcuuFk7X35AQHF8H88dbGECRmXwK9BqBQeWLzG",
            "xpub": "xpub6GFfqxo5SvkNjEJhscDXLZFAtQhWxgJKjfzz8pRFLDkXMDx5FwDkjpLwv2iUEFYf1hbiW3oZhxzwkKRFyL3RHzfS9LCbqQLZjVbtNQqVm9h",
            "identifier": "cf0cf2f6dab202be41d804f49f075acef469a0a9",
            "depth": 5,
            "child_number": 1,
            "address": "muzcUVUhcD2WSHeEYGSNS9ayNx7q5M6z6R",
            "bitcoin_address": "1KsnPRkPrDb88oouVBJrgzcfWkS7zmysXL",
            "secret": "8a255306583de4d6ca7d451d361d2d579464148bebe21dd0413d2e215c1e12eb",
            "public": "037e5dba2ca2efdc117a6d9059a9baac4d94dcd4dfdab410d96f24d9effc64dfcf",
            "signatures": [
                "f22a9618f2a0cd14f3ad37282246e44c930072b63388690957ab7d92ab2533f83d171893b49fbb5b060ab490479762f325034c00e29f06034b51ae1d0c7cb81d00",
                "66967f983713ddd0938151b7397405b82fcc705d1eecec471bb6d48c01f7029f2be71767056e3c4da4018f561b86ab1243ea937187bc8289107f6c24b60998c300",
                "59389ce80445b1e7a7508a6db6a591696500efde19fc94a7d1b2249a4571e7aa344e64d706a31a63fb4ba18a874e8d48cd08ea278917f46cce6584404bec639c00",
                "b482167f2141f8acd65bb1a6a1b907c129a378445d13321fd1d7cbc713cf8ff9675a43285e014488c95062e18a5edde66b615656a012ee7dbbe6a77d9ce543bb01",
                "de52ccf950fe50e4b2ed262a52f076d96c476b792d3b61afdccba98151046a2e01c80b8e50e3a75efa9b08e618086832c3188a56f64667837fc2e47b226d773b01",
                "48b04f8e586e1338efc030c3b190c105f206312ac5b78296c42a048e3dffd67e35bca3e55bd9b1a47712d105414980700024a35502ff946b393ca890279711e300",
                "4434f6fc2b0ed63a3e79206ed0f9bd19575612b8b67bd4250aaee83efa4a64b2695941c33ea2e6a3b6436674ffa7537e50d861a42ac355b14d7f71ef9cd4dfd301",
                "f790c1d66bc6f37e47f1bc99741a96d285b2e88fed0f1051d5ae4fc6d8655a8f3e87c3473c2d85bbb2b0d214ce29da124dca82865f87645ac68d9550ba29e3fe00",
                "bf90d4e7055649425f236706867c8abd5786568011299cd1567b2865125c2cbd17ec383f8fdb486f7e987e7dcaef9e52bbd31030dcd813cf6f369dedf37a279901",
                "128c9aa4e83c02bbb6f3fa2db4afabc596faa3efc5f03af5186c3baaf593591a25f5307e47cc488f94b384264373cd4f22c264dd6cd6ea596d485c29cd77cd0300"
            ]
        },
        {
            "path": "m/44'/0'/0'/0/2",
            "xpriv": "xprvA3GKSTGBcZC5acG1Fo4meuU9FELJZkbgBpJ87Jtezr9Ywrn6QASjSYYVdT2tf72GJC4zJcKTYDRARwgTpYwhuejZs8Fz5bWoAUAs7oP7zqx",
            "xpub": "xpub6GFfqxo5SvkNo6LUMpbn23QsoGAnyDKXZ3DiuhJGZBgXpf7EwhkyzLryUgUJ1mgrnjXTcd5GwHo2su59BEqJBQ5anMWhfytUYi2VJVsncNa",
            "identifier": "a9586bc448073426b3346b3e1fb0574f935d04e6",
            "depth": 5,
            "child_number": 2,
            "address": "2Vdr1t9tkGshWPXf6GqXnba3qnZSWkSuD2o",
            "bitcoin_address": "1GSR81uWH9wtXqjBvPARPGYVti4wQYj1SL",
            "secret": "f6ffb07409aa86ab6be4ce86802d4c7b76451a5ffc126854f10ee5fcfa17f4d9",
            "public": "022546ab73d9df80dee1410befb33e34f72f26764f23c7b12d376e483371ca5c02",
            "signatures": [
                "e103a997ebcaaf2199ff7724b5e873bb6dc8d6264be61bda4fe522f9a5d5298b1b93d311a31f6f03fa19b87baf9f8df948cb7059e22f2a79387ae9755f8d4a2c00",
                "b8426d0d3c441ff617409a97a5202d21b8618355667e3f9ea9957fcd19cb28b20b1c76f47f19ac48664650662b7bb6a2ff3143c68e213f3ee093a31b7cddf10b01",
                "34d6cfae344f9be458ecc0307a86898feca4915a58ad7d5bed83cfe247a6f18f03430e2282ea142e6aa9ef664f4f4402730e91f40a8a728785b0990c76cc945900",
                "dc3cdefd0142dcec981e4d3ac57a3810c8f26e0eeb62f1ec9310cfe2cab990436f27399eb6d566a6adfb942d8d044de13ec9ed98d0212e7d2cf69bf22af9c78201",
                "d8e723042b8c72e090f03e857273c61b95bb33f360a6d3c15138188f5dab05231023a1de9b9312ebca95f1eb47294f82d628964d9fa69b9f604055761685127701",
                "0e58c2757592920c79f89f69684cb5047c2040c912f8d52681076a20602076d33908048ed0626d54602442c6f2093e1c4a7cded1ae5973398df0ef9a50398e5d01",
                "d4591030a8ee37e9a60dc4a91f17b4f6d67bcff40494eff1ac8e3ee19d3d2b9c14b573c1ce754b104230bc5b82ef700f3403f8a857a8d7ad3872768d100deb1200",
                "5ba4adb9f42503f092f1aa6e7e42f690742c64d1ce21b81d499cb0af2301c16e78574053cef08ffbec382e98b9553d3792982b870e73dc3b80fd8aa7ddac1b7a01",
                "674c97a9bd52aaec6c895287139ae794127963500905945776dd4c2a1b9dbfa163e94a7f789dee088ffe1a43df97b02ad97585169ef8a04aa20da47d387a7d3200",
                "8848761de19d0c50b39ca9c6c60b6c48a686dff6473cac45ae509d01df80fb1e02f263f81928dba04a049364ca4cbbfdf94928509169005410052c0a73f214cb01"
            ]
        },
        {
            "path": "m/44'/0'/0'/0/3",
            "xpriv": "xprvA3GKSTGBcZC5chbthRXvVpfX6ZxMJWQy87DPKT4drbJx1M3Qr4KpMrp33Hr3UTLNUfR64VFEbM9yHWPv1FyjGRA1e9sMNinsH6Kvz8nec2y",
            "xpub": "xpub6GFfqxo5SvkNqBgMoT4vrxcFebnqhy8pVL8z7qUFQvqvt9NZPbe4uf8WtbA7j34AVXc4ndM936hssMChKcn6KanFqVyBN2P37H1rFuCC4G9",
            "identifier": "27333e5c912196956d567094d2a50321e62cdd7e",
            "depth": 5,
            "child_number": 3,
            "address": "FZFUYWGD1efpmZemofMeBt6oPdHFt53AXR",
            "bitcoin_address": "14aGjx3snwxtdApsw7iEr2YFYbU1MXgd5L",
            "secret": "b2c1a5fb19dfc23ac83a3e84170e193a632d5457480e9a4d0bb58bd0740ded67",
            "public": "03df2d012f596d33b828208fc23968c2804f7480ccb2a38207bfeb8dfebbfbc31e",
            "signatures": [
                "80ee093812a9b581d9a594f29d7857105a9a6e4e76803808ffc9c3ac7f68d07202fe2ba1927dd98ab120c5bcc58b1970e41c51759732c5e8bdd35c07d4ec0f8b01",
                "27bd5df8dfa4af4c7c0620573eb56c7b61771286c411ff2585ab62586c540a206755f30b7c2b6db0a4e7f38149db6e1adea272ca059c279ece05243639abe77100",
                "bcc26c8b5d99bcced80bb90e882d3417c58306580d26f890c07364850cf5c00950ab64cea7e9279f5a31cffe44df64b63cbf144140c56d70e40372938768d45400",
                "c2f85c1f5ff0ffe1daf70080a59d104ebdd5b8da53cdb55c89630ba6bd9acc393308856bed317b2ae92af703656f0b179d25a1695171ebb4c1d67e1f384a530300",
                "3921f54c04bd65bc2503bda849b92f6def4f4858c79bef499de3b62b2df3ec0016c803ddcde1a07efeb3de50d0e8cb3df29b2e2c07525ff417de22608c34b84c01",
                "8fc415e30fcfedf19cdd8a280a176a131d04d2bd027225109e49c54a383a55cb4f9d20079cff534b813ae75b7b93ed74225184cb664dca6cc6ac391607fe7bc801",
                "80760efe8dcc2741a50ced886641c61df4ab1cf0ed2c504c76db873324043c6b77c392870d172edffdff1b54de098fe4f29521bad2538d4980ddd5e08cfe096900",
                "bb8a3f7b5cd5d318e292ff931e9c5051da1c7792470d257e5d05331107fc6a5963613db8ba1a89fc1058c4f75c9ec2595d0645a09f5c0bd99c8c9648ab92620901",
                "421c765d5ca8aa4370d8bbd000cbaa2ea4428a617a323e928e1d248f06029e0e4c7a06dc3ac840c7ba55391fc28d8a1ea4880b01aaa2f09b74c577b94c62f61f01",
                "f534a0b752aa69089b7ea22a098cf100d1cef75f9e399be8b81c9406297c717a4c4ef24fde9b7ab752dcb4ae8ca820aa86914d4af65ac86195526b023fbb765100"
            ]
        },
        {
            "path": "m/44'/0'/0'/0/4",
            "xpriv": "xprvA3GKSTGBcZC5fXpyjPNfwSb8amH55tGAjsM1RP2QcEC8UxUNUnjLEtP3d3dTxDY7fy7QZs5VPLUhfT69jDibJw48UkGVzvqFXnwF1q8TD8Q",
            "xpub": "xpub6GFfqxo5SvkNt1uSqQugJaXs8o7ZVLz276GcDmS2AZj7MkoX2L3anghXUMzGCdSyMtfqFMngMY5nrLFapyDdXfzMyocSnseScRLG9D7PUxv",
            "identifier": "85af0c752fd12cdbdb0d8db00418dcab8e72c6a0",
            "depth": 5,
            "child_number": 4,
            "address": "t4p94aKVc4WmKELFhemALTXpM8nifQWmZm",
            "bitcoin_address": "1DBra7Fb4jw8p4cVCT3U4wkSk8AmckSPHd",
            "secret": "16547122c4e26d630874744d15e8c1cf0ab848edde8b9158c445364f795eac26",
            "public": "03cca17454a589d0d849a172f631ce32239c15142e22a205517fea659d2270f9a7",
            "signatures": [
                "626a9baa73232dcc0c3351cee265cac4792ae0157d21a0db577132279e882ce5175495956e9809232f74bb0e1a85dc2f8bc78be5c4ee8f01b02e6a893a65e9aa00",
                "f5339b1c87857617b69dc560c451bfa35a39d8a61e1cc9f533a4644f6b76a37c0b54ee755edebcb415434c8786a80d4f5ce868fbdde34c31a0af05bd7e04acbd01",
                "ade343d9126554701f6a4f790fd2e95f9900a68cd370fc55da3a292bec0d01e409f5b4d3766e22ff491195cddf2532214915fa7e30a75ece301ac7cf0a1f237d00",
                "015f14829adc974fd12d2f1351a906e8df6fc39e3c5d68d710ff90a5ce07109b02d4b9a19e2552e60542b950569d6323c123aa7d1893e02034df32e937d848bb00",
                "654162655a3adac3adb56e2b1a3b4d26639899a3b5d2730bbe36839ebd339bf45abc8edfaed9f667fd9422b71bfe96f1aa1d6494ae5fb48449d3c0b7d32a650c00",
                "e399cc15b5ba6a943be036521119f54aebbcd6e023933d747d66239e096ffb6c45a6f78d4603e3502b4c1ab2e84077df92b8b99b3d40e5fd25053ab3fc0ec37300",
                "3de1b8c700ee26cb61d63032cbc02e48550594e1ae16e2c86c6fdbd83bdea25230a03e45b8d98eeef77a237b86d0370f33e02dea724975ec9d27c6c7133e8b5301",
                "ed1f8bfebd25d9db6fe3e777b8f49c3db8bab361b2c19ce73d7508ff456919c10cee56797ba5ab126f49ef282cb055345786372cf2c6c27a76c8d23bcc42630f00",
                "8f7129072446ec309bcb2a66dd9931da16bf26f3a80c8c524d21383d8090716b055dad5ae7c1ad18be5593e44283ba77eb8057c14024f21ae983af16a44be6cb00",
                "1fd88f3fcc15f9b78e308c4cb5bb8d1b773f6b0ca3caf93b80c6969b7fb55d64644fa035c9c190578150d949ad1e98ed6ee1d7ba6d5db130b04f927250b3e8cd01"
            ]
        },
        {
            "path": "m/44'/0'/0'/0/100",
            "xpriv": "xprvA3GKSTGBcZC9s2MDexykCvb4evpt1mVrHNMaCWRg96tYWsqpT5MNgb2BzDkbuZ6WsroYGb8PMNduJ6Z7iM3i21M3ShfJfzjEYv3sqTwKtyS",
            "xpub": "xpub6GFfqxo5SvkT5WRgkzWka4XoCxfNREDhebHAztqHhSRXPgAxzcfdEPLfqVkoKtxcaoKmcchUh1EcQVMjtuzQTGj2EhjKgn5N4pAZUwSQrvu",
            "identifier": "26a5764c8b6ec0a27847ee390a10e60b633994b7",
            "depth": 5,
            "child_number": 100,
            "address": "2hZH4dE4KHwB3hoQEDEbkS8K9zqrH54ZNxE",
            "bitcoin_address": "14XLtoJ7pzTfnxj5vLbZXWuiYeCp1VWejz",
            "secret": "659c231424344d715b08c6e783cd5b3cf78f0d053cb12ff186387bc75f721168",
            "public": "02e5be1b32814cd1e1fa7e7293092a5b08278e45133f08acd4b5520687ef0ef6bf",
            "signatures": [
                "572700756ad92d2a2b553920e155211e312d932efb2c4b5f53a20d264291139a5c94a9e8b6dd573013e7f693c32e3f34f2c4bb8862976de092df02c5e4f124a700",
                "19766b1040d55d3246965112ae514d550d32c77a09a5884bfe4e31fcc9f86b9b68501c324ba8946a5fd5a5ebcbbbb70c49231513f520471c6cc63ca5c572954b01",
                "1a2d1af6d23cbda1a86a6cd083274b2b3e91b7147231df34332c2599b57c02b45c127e6f73b70ab966066ab3f31d1ebaf7778c1435db16f02f66e7a63ee3e62000",
                "eb08f1a68cbeddf796881e37be48589ca09a986903a85f781b62be61bab9c5d664b94ef041c7e254747cf9add4021fbe629ad019bcbd7488cfc4942ec9fc107101",
                "8094a14a620da3720be013e8c68d8a2cbe2d7edac442bd9646a830986d47aefa77b39d9b5a87464d13042eab0fe5a51a4152b3cf3497da2b9bdc049842384e5300",
                "65e0cce292a2936a63469c0fbb7c4619d9084b14fe1267818585fa62074bd25042f95e27a7a1f5b8e5bfd54bc12d98fb273aba527a80bedc721f33d8dc9399ef00",
                "2a5cebabbb8895789bbaaa3a4450b0f0da817fb65dc4b37878e16d1fb9f095c4597aeb94805a5326db5f77e0951ebe68925c405bfb596cac850189f213c3e31c00",
                "6471a28909dfaaafbe15072428bb9d9fd4ccc681eff3e11c8e5616b2122bf31d532095621b3800602d5e81a8c4a7411ffcb9b0a6e892da8f5b322324020a22fb00",
                "85519525e86e50ca53bd871214946997e3051b29ffdd722170a971cc6098e5be30eda098c049e6c3e3f474dd7010b28f9c2318bfc3ab5bb035943ffa8266ed2700",
                "9b73a348880171d7bf924bc0915f7a6803bc97d5f0b52dc278a1bb5f15f8a7a34cc5fa980a9dc313aba6ad35c3e99a50448a5b99e12f465242be1ae471e4d71c01"
            ]
        },
        {
            "path": "m/44'/0'/0'/0/1024",
            "xpriv": "xprvA3GKSTGBcZCrUjNoT58frJFr56q1sp13QXkRuCH7sf2KXfR7inZdmupm4pNAc7bYYCbxjUdt3JS1UxpGvvec132EudHPMuyWyj48GMgbEBV",
            "xpub": "xpub6GFfqxo5Svm9hDTGZ6fgDSCad8fWHGitmkg2hagjRzZJQTkGGKstKi9Ev6NrL3SRgDyRgTftq9cednzQ2H4Mk5eSc8NjGPHfZapgyUnUCvF",
            "identifier": "376531168f2b6cc08ff9b51698dcb6c478989583",
            "depth": 5,
            "child_number": 1024,
            "address": "2Wqrk4VqR4s22yEAF5fA2DwNx2NQ912xPyJ",
            "bitcoin_address": "163uPUeowWktjK46M7aY5VvZdpKWN6LmP9",
            "secret": "4388228b9fe7a03652347ef593e0ff75693ce6186521bbc0db97b1f83c6b67d6",
            "public": "02c4c5c2af5528f59daf444ef262c728c764d5f10f83bfda7f56a1a3236a5c680b",
            "signatures": [
                "fe8e38b66d7a9b697a543f32e661c28e1640bfe253ce6958a99a0baba1ec3e563e2f5126c8c605735292669878a9de41111ed5201bd004114af20b62611a248b00",
                "a0e9d900837792dc4aaaff8f2b87d040c6b873a267b60c00c9e273c1bf42958e1949b222964bef3908e9668471391fda0242075b3f4b7bf704fc53681cc553c701",
                "d57009e209ae9b8da23e9579ba6040674b503c146813a833d6010923452374d51da9a636c47282e59ebd148a213de55d141b745ecc824d2988cb85a09dacc8b600",
                "2201280307d350d9c4022048077dc4882d61a9c003a8847541cf4b360b65d3005d5c030c925c3388496ff6be0eecfb60958620df0cf9e605aa92a3906267224a00",
                "8957dd50f1ba856ac732da25d5380221d5698a0af239f1c245730c095fc0a6af6543b5a5def87c69cbd6d217715e59bb62b201065880730c2fa450e6772b323900",
                "c60f87b3b8b62229d12dfb8a0a37da06e376d7516d986b33dcd9a16cde9fd54967a79e6ed868797cfc566695b57049f6dfcc3e3cb2e75cf8333ba7b67d92015b01",
                "922b9af58cd2652c8b21ce82ec5d6853a004695ac6894b0198af496c04f8d88c73682f74a10cf12eb60417159278f5b6b2a75c5ad4e2afcfe21f85f1b419680400",
                "5607cd076c5b6dac0d90fe3553d38df900298c2a7d959d1c17d66672500f70c35ac318e418373ff0517455f084bcc5ad7728a310664ca1c97e174275dddc16d000",
                "4421d63d362f514c103e15e151745c970bf234fe0740f5e2fb2d33c6c964fb1e0d2ea06f0b1399011f0d1c18c1fd7de066f1a71a6883e37c98767ce41267fa7501",
                "9f0f4dc45ce491b4b142ff963302455125a1ccb85a56ce52566c639a63fbd584200aa3d7c65791533b31bdb055ee37e65ef59ceaaf37d25b151e585061da014300"
            ]
        },
        {
            "path": "m/44'/0'/0'/0/2147483548",
            "xpriv": "xprvA3GKSTGKxDiyFcHrYLn7UASmMwmXYLXhVZPC4QqyFg1umpiRT2Rqfi5C6Rbg6Q2q1BRMihoJHHydYCG54ndoqArALmFZT5H732zvhiGWEw4",
            "xpub": "xpub6GFfqxoDnbHGU6NKeNK7qJPVuyc1woFYrnJnroFap1Yted3ZzZk6DWPfwhFSZap999EbGKK9GMfdWzRUfpcwxTermfDnBSESBzKykABKr3n",
            "identifier": "d84a3bb1ad1fe55bdb0354083d78350fea6afcee",
            "depth": 5,
            "child_number": 2147483548,
            "address": "wMwH3RPiPZLq8sJEEEc3mEKsCmjcmg2zVT",
            "bitcoin_address": "1LidtFLMCGUiTrEwteCSM6K7gKpw9ZBx8F",
            "secret": "b0165b43487bcc15a2d94bad32b230474085505bad8b2b167ef48e5d254eb323",
            "public": "0301d4ade3ce24b56c8fc345a75726cd850f5241f14d9da101a6e775cf1328baae",
            "signatures": [
                "f334e7b86b34f04806fc452b7d7d08c1d6d305ba57b2cb496f010c79361c3c6a5e2395fba52d37536ed54bd8961c34ccf7e360f29ebd31e5f7b2272a184bf93800",
                "e587edfdbf4354a820b69389cd7ef7d186bf88841e5b4e0b60d9ad6efde72fcf3c14fd3875a11dbaa5bc2546f17e71e1e894ca5a7738751ce9e08ed3f568eeae00",
                "2476414593544a27a8f35f085ee9d3b5d4e46113c8fbc073940f9d9b8447ace10771dbb7b76ce54b23d4ddf17198f9a2988e0dfc65779cf6835591f35f7e163300",
                "6f5eccac2fcdfbd30a1b840689a2714b1552bb4c993aa5fd612f506d0738f19d33ab4ca117e76f49df9f6c5c6fd7840937158e68abe7f81c00109974c9ba0a7400",
                "70b4c97f451c4778a9380ddd7bf38b3a24b7c182714a16e82a48f85192da2406486e4f1822dc072ea7562ab97cadca67db46c59316bf003cd69da6f49c0fdf8100",
                "1e5e999c70c8ff1c53ba55a8cd32036a358159d85e2a3d908466c8cbc085f135315ee584eef61c582f9981d57c127e2bbd27402ac326876b343037e09faa171701",
                "b284942852365b8224a94b62a8a69155e4ec12951a32ff34d3908211aac9426b67bf2a992c6aad72bf69b5e8986723213797d365a7896dc57a2f59cc215ae06b01",
                "4117926fa788fbce489732fd72b1506cbfc122006cd0ed9771c91f07c298c91d65d65f2ec54b7e6ec7540361e01c72f6d470380867c84b9a536888377cbc3cad01",
                "033f1ca1040f82a1e6b1563f1c99d65610a8f5961e08a8e0d85fbaa4de9c0f4a3798d0e5240ea7a4ecb102a9f97f69244a60b2f85d646e0c36e5b376829fbf0300",
                "db2354b85063d433b3e217123a1657309840803a3576dd29f12273f0d879b5c93684e3ee3987f6d4b226256c8838596747526d71ea0924d251c69b6af34c012f00"
            ]
        },
        {
            "path": "m/44'/0'/0'/0/2147483647",
            "xpriv": "xprvA3GKSTGKxDj3cs6xzbwxmZQ9NVMWUow4XKK4yVUvvkDdbgJXiwoAWmuqFrwu8vbAjkTAPXuoS2fV2WFwfsr5C4oXKNvDKFdMV5iWwJE4oXi",
            "xpub": "xpub6GFfqxoDnbHLqMBS6dUy8hLsvXBztGeutYEfmstYV5kcUUdgGV7R4aEK7BVnriqm5EtcYpxwo8Y78miVKuXfZMwn3GdQyMU4Z8L87hRN867",
            "identifier": "153d7869daf97f4f6915d067432100847db105d5",
            "depth": 5,
            "child_number": 2147483647,
            "address": "NwvAhucFatmbHM2DHFF5rfrNkP5WYsBHHR",
            "bitcoin_address": "12wJq4jGvuBa2vxEhMJMGAiuhRnzK2RaKT",
            "secret": "2abcbb14ca42677698ef70c61339bcc927fa5a80cc01e22cda9751e60ce886a2",
            "public": "03fa3aa875333bf2eb35e434091d84c9f7f33cec6b94176805576922178efa5ed5",
            "signatures": [
                "c41d747331bd9bee7c64b0943797e0dcf88b24ec32f3fcffc8a6a712067776d014ac7c165b070e81e1c2a98677d2ae19a9f87f4ff0b07fbced37335c6c2960a700",
                "b7476c7c2fb04959f50f12c326f6ae8622e0d678f551b99c8a100293833332253da0b84f0fc3eb4035b49672b053b201e9985bbe841c787503a16bde1fe7d08e00",
                "f9a6a3ab7fcb39d5cbfbe2533ba1f00e4d2e55e5608b6385a049b37d0e861c4c36ed258440f1d91877de190dd2c82b29cfb5433d5bcfe35c52cbfadfd07975eb00",
                "c7e63f0d1d5eb0da8e98fcdfbccfeada38413f77d54c3bd9bfab2c659245b9617cd639fe10c88554edd6333021953a4ecd870af47f1da8451a25fb5d9dba35d801",
                "16b0da8cb138a5de0accfb3965e45916425d6f26a6671d0d43c4279c0d3a70534f59d15ddb53369fafa59429d6b6104b0d415ec1db9452bdaa4e312b3879e37d01",
                "e0bcdaa49050f1e5e0b3a4d1a8ad25967c4045dd0b4afa51004030adbbb550c97c4595ac891660d66c0ba2fb9a0930b27d0f3749da06cf7ed0265f9cce2991a500",
                "7c37b3600186fea7827248a436de54f8f9a25bf877b8d4f09b5b86beab7e84b832dcc9970586b470ba290134bbb3284620e5e69f235271a5231705809e4296da01",
                "ee4e94224ab4950aa382539d19f9cce776e6a9c0208619124d9d1ee518510a012d39bc533478d6996179acc7dd71bbc92ba0511a5b209458e91015c4353f759101",
                "f6a417945f65af03f0c5f9347c177e8bd88a317b931856b584248a1dead48b377f6439d06eb6d775fc1639032722ed9f3bfb1c5222ff27ecf5a863969a6ac1ef00",
                "02ac73e76645b4b3e88a91fbc852f62f5fc56c42fa2fea5bd400596da10e4c5b34bb3dfbac49965028450ae6c78354e86dc8b4bb057c8a77f9dfed773d1253d201"
            ]
        }
    ]
}