{
    "seed": "QoO+EC/Fy+5nnhFNhp+1aGc40PgOZLgtEGrHyRsnxZU=",
    "base_path": "m/44'/0'/0'/0",
    "child_numbers": [
        0,
        1,
        2,
        3,
        4,
        100,
        1024,
        2147483548,
        2147483647
    ],
    "keys": [
        {
            "path": "m/44'/0'/0'/0/0",
            "xpriv": "xprvA4JhKSdQQ7CvhX85y8tWMmwH5rKsJHJQ5P7jb8iMv5BuPR7vqvorcKzyUa6TcL6HgrgfFEg4pDSTo3ZKyK9Dxvwnh3ZCfXhgQjNzRKdF3sa",
            "xpub": "xpub6HJ3ixAJEUmDv1CZ5ARWiut1dtAMhk2FSc3LPX7yUQitGDT5PU87A8KTKq2CfiSUkXG72Tb1bMUjqyV7Zir1vnDaJNwd9sbuhc9Z8fPt588",
            "identifier": "247f3ffca231bc338c46eb4a3baaab1bd111e866",
            "depth": 5,
            "child_number": 0,
            "address": "H2LvJRsGmexXvgPtYzhhSUDr14cTJWpCbz",
            "bitcoin_address": "14KymPTyGyyUehvqJh66HoMH7MtKV5j9RE",
            "secret": "9cc29b58a871649f3f7f87403674e805c8cfaaf57b4e877c4eca7f2ca08cb6cd",
            "public": "028f1510484f246592668317fce7a66f64dd1e59aa717b1a6cfa5251c8e32039d0",
            "signatures": [
                "3a6e4e6cade31656d899f1d2de25c6167ab99b46b97431b29f6b790aad6db7b864b1f33ff38e83bbcaae0381f2261679ba7db09813ab6d80b28041bbdbf955c201",
                "f1c82f9553639842e26554c4c76c50150ff179bc158e8e743332c319d0421b404babef0f40e17cfaf288627121c8faa70a7c1944b8635f1bb2193003cead0b8a01",
                "992693f305348c561558a6502f52467f69871dfa980df9953ab19409467ed9a73f52e5bcef4d0ded94897fbd10ec07ef717f9a25a16065cc2795765481ea329701",
                "c24d4b744ba367aa5d1c53d0efafd33738357505b3ffba0ab92d5b31af8afa1203b960c64b149771d40e97472aee12536b69deb0467b636f1a75a3d046650f4f01",
                "e078c1f3b843be82a9b68b12bb3d00ea6b74291e11c001752e25cc4268e0553455b2fc318681f8e93a4d9960f4ff614ff6046c17836bd64c8d575bcdadaa524301",
                "76fb53ccb4d854def019930b2d2f63d5f8d614b6ad44cc6484616e5ebe51bba82989982eb2df93e3e2a569e3f4de4010c00113899fd2764fc2aa627e89cf1a6800",
                "c408b9f1e7fdf8d4064c492e357c9c32c87537c4477c2f666e56a11053a0578477124071edd764fbf885c53429add8157490c6d9b55f6d7e4761d1bbb0eba0ec01",
                "65f32c78d15c257bc71276643247b0a45ab943f775590e65bae699a5cf6a0fec41b8fa247ed9d862fe67efc2ff67835f0dca156b1fdb8371e3929151c829568401",
                "afaceae48c8fa7dee3aa9160d6ae1ca7aa1e6f0fa2d5310ad96e432499d9355f32579ffa9da4c3d201b5f6956040bbf66c054d67b264b04da432dc08061180ab01",
                "c7a72b144fe9255c751dcba73996fec8e00d135802d4b546ead9c3e32b15e9c433b1e7efb2a270c8430bd394b1d085201ea3c3a6008ec8e4f61f8937eff1523500"
            ]
        },
        {
            "path": "m/44'/0'/0'/0/1",
            "xpriv": "xprvA4JhKSdQQ7CvkZFZs2pd7kgRCPgSFS17QyumgtPUQdLwC6ci71nPdUdFPdCaJhvknoZvUXznRm8W763iZp4e8pMguHV3ivkKRUAsGpJavsb",
            "xpub": "xpub6HJ3ixAJEUmDy3L2y4MdUtd9kRWvetixnCqNVGo5xxsv4twreZ6eBGwjEvjf2Cy2RwFK3sVSSDQhsvMG9Nj7zkfYNdwzaHKsiZmhWeEyMNG",
            "identifier": "4401008bb500bf9fb43b5278aa2efa5d5fa600d0",
            "depth": 5,
            "child_number": 1,
            "address": "221SN2x3fVsjbZE6Uy1akayVSsSxbSrfXrQ",
            "bitcoin_address": "17Ca9g5gERKFzvDGdxB8JyTuE2JWxTdVwK",
            "secret": "1e6959b0f1f247f4d6f6b0adbf7e7923d35971133b762b8ab867f83a079e991e",
            "public": "03685dfd3ed4ffbfb5559c2a2c5a1a3f2e5122c754281e089d3f2bfc54e69cef87",
            "signatures": [
                "73f9f3e1ecba45a72e7c09a78a5b91ecbbd27625c4b0f7950abb61c49247f6f60e03e92d5177b3e42a935646cba78ee523f258cd293e19861bbe7ab86a7540a400",
                "002d1d2bed281e7772625cc973a9de2d474439ed76b029cff0e62791b9fd59ff6ebd8946cd0cc0efe76bfa2b4c89b709669d0c9160a3bc08af58dd971c2d4a1c00",
                "de213b04463d58c333ed6bdbf7a23bdcc1cd56c3544c62218d50b4c4c32d270e574a97bdd48c458f1adc7c058fd7db0a5970ed50a62ecd389d94a0e43f7bc20600",
                "a550eabf4cd94405b420c521ec0ff846744bb4af8efdcc04e43592809afb0d7e2995f29c17272ab8fe07707034d4c19fa5e952485feeeae1725a0bbe8913ad1100",
                "ba716326c11426a0bac159b5f0dbc8c56d4dcbddad7ec9e7f6cfce11e10a9c7417c37fa1553ac2150131082b8a3675a944c153d4cfc44a5cd92e4283f8d3b9f600",
                "21968341e2754a540eb19d572e89b2511855089c2064b6575d187ffc4e808c6c2f4ec331b8d932943160c429cb19aeee705c2863802311c4d87e36825f66d76700",
                "c36f06fd86ac422c103ecc31f2cb0d3986e6323b72e620999b5cc01344aa58cc3db3ed9398574445f204ec5a38c2aab5d5d841e18c9859a7f1eb5e29762683b001",
                "44e2ddd7370a56b05438f31a8660a735533508630d8ccd2abac12d434fde101c4ca2895712863ba012f2cae89941a2d2078ac3de28465e832aaa20caf1aec23e01",
                "34155ddec94466e7a5786d5d27fef794cbebebcbe50486761dd37d93c8fa9b1c1d9f63732fa90ca9fdc86c710d01218bf308f02f75756e20299ebc4316d1f71500",
                "9eaafc935db0629162046eaa66388c9eca60854be581901ccb005f04cdb52fa04e30e9a4aa3c1c249eacf35beadaaca9b5a1d4caa1b6009ca5192bb3887457d800"
            ]
        },
        {
            "path": "m/44'/0'/0'/0/2",
            "xpriv": "xprvA4JhKSdQQ7Cvnuwvs56Hg2WnLWgEADwFNtaJtxEDLNrvH6m8EuRnR8EZZtFAvP8i6cxSnySZDFbpUp5T7KePpSubK3Mxd1wE7EjTLZ8Q7sv",
            "xpub": "xpub6HJ3ixAJEUmE1Q2Py6dJ3ATWtYWiZgf6k7VuhLdptiPu9u6GnSk2xvZ3RA6YNvCNrxGkTfuUh188dWJhtVvJXGZM7jcf5Fn751T5BWUrdJP",
            "identifier": "3ccd1ae177d549d2ec43b5027a3f6f8d5eb0fe2e",
            "depth": 5,
            "child_number": 2,
            "address": "shXCYh4ZyQSBfSQe19tVUdeNvPmNvmHFVj",
            "bitcoin_address": "16YVFTQVn61dL2JDf8c4rsSYMm2juqZ6w7",
            "secret": "09261875a89f6304f0c9addb5e3ed61e0149aff5590deaa8779ebf8e665e03f8",
            "public": "02753d2682845b36ae569a6a16eb15dc5e8fcd85bffabe1db428c00a10c0db238a",
            "signatures": [
                "5604db204c65e8470187cf8ca3de8be4bfa59da40f46a10b62832c05176cc25976d4fa2ec41c03bc650d1e4aa5f8b2d7618e90ded3120c30dbdbf0f029fd5aa900",
                "edc20dbf3ddb758da5a9e5315fa1a223ed917203a07f89aa6c87053d64e952c21d4f840fc4cdb233d6ba8aacf81ac843f7a56150a80f7dbb42ab8b2bc0c06fba00",
                "5012b0ac4cb79c0911763ad90db1dc659c9e0ad394a51af7c85f4935be9a4de147c0effdbafd222f068a1bd0b66555085336ad3098ef3a5d0b1175097f8012d901",
                "087f1963d741dd3ff222b9514cc0d906ca02992bed39643462457dcdefa3bc8639d8b6e746d18209edc63a66af0a880b90c63acde5b5fa898b47398238b8777b00",
                "b4ed47f9eca987d3d0008b952caaa99b982914bb7be07d5f131ffa674f3d933d07a6927fa01a22bdaafe2f7a21788c6f47d878b23de39c5d0632515b17c9ee9601",
                "1b3d5b0d5ad2030f535c35459ac56e19267692ff843b44ea7c1b0c74bce9bdd57f9cdbf37ffecc5ed79906bed5738e2ce768579c523103ee6134811a4317736801",
                "3b0cc7c9cdc06e897b20b40e518d86a67b189eb40697ed6fd58e2f09e27f36245d497eef6bb6c28f4247cc7fd3c6cc789bd11aa63e1e0d9827014bf52301e82600",
                "17461cf3e03e5cdc95dac2bc1e7e1328ad0d6655043620d31a27679028db2df64c27e1edb23b26e6b6ac29c59c63d87cc523d6c1810fbc4f1d6602e17981292501",
                "33608650edeff9d7e4eacb3b77b594ba0954bf34120ca543d34718fe10f1ce7463e8bdf8fa5652641b6adbdc4aacad59e975243502dbfe7906c621408e7fa45b00",
                "26595a9943df3b7c57baee922e90061b27faceba12f0c7c2925f65ee1fe4aedf49ec4c0fd58aa69bc2a3c6feae7f8c743bb14d63182cfaedc51a7d4bd503887000"
            ]
        },
        {
            "path": "m/44'/0'/0'/0/3",
            "xpriv": "xprvA4JhKSdQQ7Cvs1kCwCFxbPdUDyv6cKAbVw1KSdopuz6ZP31N97tVMq7iAY5bZpeexuCVDM1pHYgJbqPmvVGgBQyZ37m7Bkt8dE9veHYtfcj",
            "xpub": "xpub6HJ3ixAJEUmE5Vpg3DnxxXaCn1kb1mtSs9vvF2DSUKdYFqLWgfCjudSC1oj9hWiz5VpNNz2NB265XjrJjHsAx4EcJNdrpB6ZwApfV1LAXTQ",
            "identifier": "af93344b591975a41e130ca4cd1b79a58b82f8e7",
            "depth": 5,
            "child_number": 3,
            "address": "bRjURMXshhfasXNyu6Q1LCMYADsSTRKD2p",
            "bitcoin_address": "1H1MbW9sqYwzgkc88KuJiF9BUhhLGghjQk",
            "secret": "430384666da1bffae02d1a5e6776a75e5ca35fd4fdb8d48a572a8738627dfc52",
            "public": "02944634e732d294cf72390a11819daad59f509d99bf316f70f038cb2442d1097f",
            "signatures": [
                "f8371112885d06e38f94b2c011e5edddb819ea54cc8f877b10d5f2abbf080df64b4ea64ce63928ea5cc76c34165edd10b84a33892eb5b263d202297aa7e098c700",
                "2e0eb74ca891faea2a0b2338674ad56573e96c61b7256a29928600a90c91a52542f69a648f5d28b7b8a99bbb99628b57cdb6405a807949c901e678a24f55b76100",
                "5ec42c90386ce51cb942bd686448307bb2e8da409150c1c45686967c89596368187824c244dbad18f8f7b81e2bff74e34e37686e3cc7c61a4e14f6460851f28500",
                "bfc87b1f60c12a3e242b51a1ae4d9885baa325e8e97c4d9dce90efc9d2dd79a8703245b7152276fea5c4831c14abd16d3f94b3f2368d5a205c60d81489f7ca9101",
                "72c8326c35603a98fd07f71ca2083e087d4f803348b8906a9b479f9cf41604d77cf47493fee2b7fe81dddce4daae656ab7ece379b3156ebc1bd5f2ce8ea9bf4600",
                "ff6fcb6834ea1e90cb5712b9ec13c74e1a2adb139184c7d9369514abddc0338970636620d93beb5e50cffac45059807f146c14d3adbfcd76a0d82d387eef6d7301",
                "90612212c1e92db794dca964daa1a2375715680f7e771afc847c5f49fe140b7474b6b2d472d2e2f9661d049f247c93be45d48e702221dd0a7a285427731553a101",
                "8d12a3266361efd01a6e8f8401fd9bd29689cadadafa21cbabdfe6927617eecf2cee93f554ba9d77c849e45b119d29ff3c8d128acab83cd72acc485e12e06de801",
                "40f3a5476aa0d2002bfd49e7d917705f21c9667fc51886fadd8e8433801b8279309160ca6fe295759ec7c4bdfd76836e6f2b7effe3035f628eb2e7576b23731b01",
                "6b98b1526f9f4aecea2a952dcaff250b279bea49a61bc90c502e108b8ce008884bab5f19ceaa06626e55876753a44e80458695294478da81dbdcf2c174289c0a01"
            ]
        },
        {
            "path": "m/44'/0'/0'/0/4",
            "xpriv": "xprvA4JhKSdQQ7CvucHsNZtZwGhPoJyXgB1M6yTBh6ecCzj4qMUe1NkebERpThccdLCuxuWhJsyNraVGbrv5nA1zmjxPjpf99jhKfkMwaPeQ5Yp",
            "xpub": "xpub6HJ3ixAJEUmE86NLUbRaJQe8MLp25djCUCNnVV4DmLG3i9onYv4u92kJK2JF7kCav5bnhmx1YmyYQZ3apL67rGp8T2fgKkZWQcy7oGnTuwy",
            "identifier": "78227668af2f756d60f8a4cfe98ceb08820d6936",
            "depth": 5,
            "child_number": 4,
            "address": "25jmhUgi71TKZVNPpaxT5umyXEiuYcojYmS",
            "bitcoin_address": "1BxDNX5QS1vczcmSq1bBiq8mrfCXaUMbpf",
            "secret": "015b641efb18f90c08dec4490c8b10edbe51ee7bcbd4a1dffd8bbf90dff890e3",
            "public": "03e26ae8ce501f7f3f3f7915abf518db3ab8a78466ec3aa49d6c0f825733a80d6d",
            "signatures": [
                "2d9126ba49e9882a0249697254faec9d6cbcb97ade9063c21c97a7b253321c1e79da33e3f5729bde9cadeec373ce0dcd5e51cc726fcdb194b278368ec9324d8e01",
                "1419446f7a125efa9acc5606b3836bb1db7a6a1343c3da33afcfffcd1698e84274d664412a46466880ecf9591df1c6830be7bcfd597e959546b9ceff766c37fa01",
                "a9b2b0edcbd0b8f0f394839ad11bd1baf23a064e5fc5ed9bf1acd9e95a92a31b5bedbfa0c4709f0733e1cdfd1da45a2c42e9b5bfa210d13295bc2108e9158baf00",
                "8139315815d8077e5bacaec3490b3cf67850df73cec67b19442d2ea886f7b28760771ea211a2a9caf4be71b407c8ec4202f25f0cefd37f36b40c3e285986114501",
                "9bd80bce5f14158376d459cab7b9673ab0dc8c3ee5d11746a12edf4e2fcec9ab7ae7394b36addc324f07a99ac0ee5f663b8e7e6682790e320797dc37c119b4aa01",
                "6ac99c416d57d5b34d4021b866e47f97d70f1dd6f46ba09b11665633383eeaa809b7911a401f053020490426980977790a179fee4bd1cd39e86607c08992dc0c01",
                "3d4c7d74a54b18185b5c21373dd55d7b1a3e33179280cd98a4189372af8eadbd7435b828bcc25b0e0f2c5705354e1dcc1c2aad94261784eed7f53ccd0082cbac01",
                "ec1bc2a6b562b84b9fa935dab32f0bd3ee443fff22344c7b5c79f9e58a694c1e5f17e6eadb7c760be1eec9cb9c42c34af60cd91d4afbb20538178ec4ad9057eb01",
                "9b97e3d14c54c524e4824141660cc407e3ed461d97fa97a7e45609b9708e32ed3115cbd008c7ed074d0ed4bb7c4000d659ac82b86c9c8b951268e0bda5896ca101",
                "e6839674c06402169066ccb53d70184cba2b07c3005506c919685480427367c27258eb87a44ba22b7f65ac66cabb9cd7b15bccebfb9193479f8a62f96113f96700"
            ]
        },
        {
            "path": "m/44'/0'/0'/0/100",
            "xpriv": "xprvA4JhKSdQQ7D18rfBxChUMfhdkD4e7XtLYKutEHAn4uZ8MzR8YykkGEkuCtxUJPmjynAFE4ju3jFhysqhCtYzdoEWBke5bMnMvJCcaCSdQRk",
            "xpub": "xpub6HJ3ixAJEUmJMLjf4EEUioeNJEu8WzcBuYqV2faPdF67EnkH6X4zp35P4ChGc9v3pRQ6dqxAX1TZkjMm2bi7cbtU59igRGmHbgSSrvZnyFN",
            "identifier": "25803aac87eaf1641445a637e8c475101240b561",
            "depth": 5,
            "child_number": 100,
            "address": "ZkS8VRWpnb3af4kNzM35i7xZbdQTAJaYQb",
            "bitcoin_address": "14RHccsHZ4AEjFLrSujrF75wZJ5NmdUxBp",
            "secret": "53959039f3067e1b0754f0494af00058df9838db8fc11314676ec5130b2eef0a",
            "public": "03b825195ea0169aa16889509aa6ece904b9e016deb2c743baa43f48c961c024db",
            "signatures": [
                "fd17c5ac47e1abea30de46abdc4b09907af112d45005537c56b479106bea59c40a282a7aaea447b36bdd1b631fca5c41519e3500084c0f2b3bc8db7b4e6c50cf01",
                "dac190c6d3aee7f3a033fe83ab281ca5395d5b5f6ffadf65649a239886d26bdf5b20392fdc39e6a3e65f270dcbd509804b93872e144ce9ef10aa97e936fb9da101",
                "4cb35288a0e08b8e6e961dda795522b77225986bc08efc1d18d223b33b928a6f20411fdfa5481a0928df6eb246e70fe9b7b63f0e97d170e442a65d47caaf3a1301",
                "b58e2aeaececacbf02d78f9fc789c2d38fd75d93a25863ee7a37fdb9f03050446406ea7e601b135a850c4ef23848602a863f3eb986a4f6a7babb9f6df1054bd300",
                "ebe476f6227291c1a1bc0a6e7eece6e875beb6fa9bc683b2f7cdb4daea3341c6471cb4e798ef07a4fe534c3827b7711f3999318c4d14212d3457a3facf8e82b301",
                "0f91120f69fe48dfc62d1c2cc7e3100dbfc2b12d35c0b4e99a3dc821f15ce9ed33e4ed341c8897e51a4777d345fed73f5bb15d46825d75637a9c8ae8bb36457a01",
                "9b81ad6cbdee36fd0406301209d84501784a90adc7fd5641df5ea8580b5dc8aa17751d5451baeedb104174aeccc42808ebc2de9fc9db9c9ded32be7c2ad03c3200",
                "7f99bb1d1b66d6ef16aabfad3e4ed8c5697320927097248d4958bc6e75a279ce7bfe4508edf5da4e80e8de655d08720e516cbb4f8a33221284a4c320f9b88bda01",
                "b14387c2c0f93b90cd8663fada9d14d7592eab30cc6bd468aa517fdd1fff7755099040e5db4db6bdad4a115df461298a45e7589bb0130548ce43eb8acc04bbb700",
                "e8c7f60462bec7cdc889ccf6157746c6bcc67f7eae8278b10383466b9b6d553555a466d986228a8a60741f63af27fc42e9b5c4106b8746f5457aa96ebd92dd9700"
            ]
        },
        {
            "path": "m/44'/0'/0'/0/1024",
            "xpriv": "xprvA4JhKSdQQ7Dhj6pZ97qS54SfkEHdBZguQEHKGEhShwLhaEsJ2d1aJ2ihe1E2yothEPS7kQ9S523z578agvAVT7uXqzdUoNQXZr7JrgH2jB2",
            "xpub": "xpub6HJ3ixAJEUmzwau2F9NSSCPQJG87b2QkmTCv4d74GGsgT3CSaAKpqq3BVJjoj9q5k95Ka9XBHnLH7ptU7HRcCu8oU5K726KHFSSkApSNj2z",
            "identifier": "a22478122f973b0e4f5d253ee3fe1ef6b5074ded",
            "depth": 5,
            "child_number": 1024,
            "address": "2EHn6xNgZ9a67bPtAtRB7dCAJHiECwcaiPT",
            "bitcoin_address": "1FnL9zMw2An8qhcrkNPV6kYpqVSQUsnUwa",
            "secret": "9384c058c07447b7d020e0377dc614bf982de7114a4302a63579deb86402187d",
            "public": "03da800849098e0c5abcdd9dea1bda611c8195106caa13d6caf3b402da9d920613",
            "signatures": [
                "c48302c51a3ebbfdc669beaa18308babff89878aab899d2e94044041dd6da0a83964e6df8b32075956fb99e75c0333a7455a51c47e89297419b687697424f5f901",
                "879a9e17a7312be700afdb63190419cf03a9322d89899ff2a05362cb163bad123e4c86ef82f1c327945e14552f697c1dceb64a1e967a69d6a2110ac4621305f800",
                "c8224dba96b555f027bc78f54b963131ca08b2b17bad31ca9cba2bc743a199273465320a8624a775f0d0aff9af8e2a557fa500e931ef85853bcdc729ce53839001",
                "4338280a69f6457156acead6f706c1c0dba83c7426ec915ef38f7d303e7f87ad7c3facdab2ee1bc5118d938f8b807c6dbf9f262ba8790747aeac8994cb9f18e300",
                "407f018d1ed39b66b1da788c09b77714882645c11769886d6a6c301d44a6c7705ded9b89eb88c4428910db0dc954d59b0f6dcc6f5d6c9c190fc34e2b1a50df3b00",
                "1a2b9516ef295ecd74b6a48164434400ff2388eabadb4f59b14e8637020bbdf4135455b5f7e0ac9ce067af72403cf4aa76e8f7d0e34c19af4e1496c22d9d332e00",
                "eaacbd9193997d7636cbe1751968b78d854775b472ab313b30f3f5eb4d517f0318799693869ddb37b0c99bb039c370bcfc4778afd739e22ec2f54433641d529c01",
                "c7ed254b9606ed22ab3e29ee8b314d530b014a39273dda507558f427181bf8100a9aad6e260850f5087e736d7631f81efcfbf736c304ecfb79d2b436f993f30f00",
                "9c64358cf53300c867b8b6f3fc44e94b67d6e85dc657326afa6c31479801b9941b29ccd4dee36e053946c912a37aa4ef5852bd81270bb7b1ced0ca327ab596a501",
                "3deb6f7e9e63b44916c82aa96040565367172b9b849f68b0b670d4b5e0a5d6b843eee7c874b361f35677ac3ac40fb7db5cfc98ec962a63156476743bf3707d4d00"
            ]
        },
        {
            "path": "m/44'/0'/0'/0/2147483548",
            "xpriv": "xprvA4JhKSdYjmjpWDp7fZngLn3555skaePuCd6G8ofrS3ppbJJ2fUS866kp21BWiJC3P5ZBPaSMh1tgMTCXhYNnczDhqYvVkXZWWzGx3zsHKEV",
            "xpub": "xpub6HJ3ixASa9J7ihtambKghuyod7iEz77kZr1rwC5TzPMoU6dBD1kNdu5HsEmmezbSvgHkdPgreN7gkafQK5HjcnBZZNnii56p43hUG84SYhM",
            "identifier": "b3fd3ce3d75e5662398e140dc02aec463cc21406",
            "depth": 5,
            "child_number": 2147483548,
            "address": "dUR6iUdRVM81inzyjmaExNoNcb7fdTNetX",
            "bitcoin_address": "1HQhKcVu8yaE2dsgkH4pd1JqUmJUtNs14P",
            "secret": "e70c0cb188ad34c1ec4d1ce7e01f3ac8791315905915b41ff8b612e092d27742",
            "public": "02296e39bece343f378b32dd954343e8c80c51c7726c6e7dc3b6378bd287b9bec5",
            "signatures": [
                "68ba65a993100d2986635e1996faac09dfe4966f4d5855249c6c0d8b9df4b989052ff41da4f27dec238ab791649bf362f5f8721debeac99d1cf66a26d4cf7a1701",
                "db1458848613f5956c066f4293923520882014c9550a99c2da07da22939879d0537b77a0ef5609d7a6beb15fcb1ccfcf12ce8252f0ac152924b931a8678eb65900",
                "8522f9b4add8e423f018e6285a68b206e9165d3e08d83a16a8e72f743b4a15317ae9245bdcf386e0f8a6c72c2b3a264cdafcca5cbe099284225203ab33347c3e00",
                "41936e1a7075e1b989b3e3eb7b996a2218c825a4633aa5df7b89bf8f86dc29c87876552beac3e5df7f60ad9c95133b23db7378f4363586aad925a79fe4df85ff00",
                "55454771d9798d3c8609bc8530f03f63e6803a335e6fe749da635734da0eb45b1b099a704f86ec2686e4948d8ffa98eed122427668e80be9c2e73d1c9c91d39100",
                "96ff23d27aeeb35c7e7516d16e49dc142d0feaef8ae437ffd62f279ed52f983b371d05e755cedfe2f1a2a7d6cf05c3b54caa96b162ebaef05e86abcf8fc4db2000",
                "40d9d294f9156ce35c05df860981605904673ad97cfeb896f3a5036e94fe702b7680e0cb524b0937f37a268ea1847a46c3b3cf813935edc07b83a2649790178901",
                "2ba1620ff7f0446eb23df59d6246bf3dc01bfb0495fa8b094af2becb51be13e103def7fd1a7d6cb99943f647a6b68a0898a5f0645ad6c622af58deef647bf48c01",
                "260e1376304047fd67787f763ae8400314835712de5b262c259f1f27da60895a3ba1806a460113e528016dab34761e664c297c683f43b8dd1f5098d78faae90401",
                "d012b216822fe71605c8876e5d5c3b1a243db5f0310554d2ee39171d175b0ef7645094206b9c4c410891ae8f3456ea5d8aaf06b4af104c22932797a5bb48703801"
            ]
        },
        {
            "path": "m/44'/0'/0'/0/2147483647",
            "xpriv": "xprvA4JhKSdYjmjtqdazBVcXirTdn2EzTedKT76LVbGngDH1cNFnSAFc7WQf5vVoL4QfcFzUATAfXkS4cvD4ZFcZTLZFrkEYgQoCq1gWRg39eGF",
            "xpub": "xpub6HJ3ixASa9JC47fTHX9Y5zQNL45Us7MApL1wHygQEYozVAavyhZrfJj8wDnHqvVZSyHs3LePrZ3VptmQtNE9JxTMRGMuffRuhCELR72qpKp",
            "identifier": "f0336f412f5acb38268e89f793b638b7f685cce0",
            "depth": 5,
            "child_number": 2147483647,
            "address": "2VrywEebQKtq1exXLgReUtNFJiqfbbgFZgK",
            "bitcoin_address": "1Nu4nn5M6qG3ZgyaSo5JaGop27m6vdDurR",
            "secret": "a1787c17f19360c572d70b615a651083f22d38c35c281cc66b23cbdecd206436",
            "public": "03ca4c73d0f2092822c6ab230c42b43580f752a3379be413a07d76f2e7ec9a9f07",
            "signatures": [
                "88e77c3681c9485b92222613cc676aa57c9029438969aa80d28905d32ccf5f4a27433a8b46853fe7093faae1b861f505b83c9c9655ee774c7ea38fdff6627e6c01",
                "dde2e5c5b977f5be5681d9e66d353589267c03e20c11b970508883c45ae29dcc565e2dc47bd4b3408ea2a223343270f906cb0dda7fdade0b8ea65035771f10fc01",
                "c99f20bda63d4af58a835b7a42ef70155334bab3e9621efdec7ee4c75a6331450a6adb5744ad5d9e852d8d21d8fdcb4dd25397c2e58cf46014f329f74f8414ec00",
                "5f9634525bb5340d16747d05a072e958b577b96c1798697b30e2e0fefe9800557284dc0711a29db56ce3726cf779bda24b0b79e7e9783fba2a5f0dab41fae13501",
                "4d80ca47a02aab0875fefffb8fa51af5f26a3e93b2671f2961bcbadbd511dde164178f2c2ed58c8d9d6561e879c376fbdbde8b8d2d44f2cabb53bba45686e45000",
                "052e91dee950a22d52df20cd392bc2ac22ee01501cc0d6a9b0a29dd28cb0338e705c4ebf9c0b84611ffe0ece3373e4732cb3a151924807e4fdbe153bc11faaa401",
                "bec9ae7d66eccea4c3bc9baa514beb23ccd3fe0960df2cb28e75dd5fc999b3f17c621ad8ea56284d7e458e1a6a91a5a32b1545da3dc471634409c26e845ac3d801",
                "420d755f280476a7ddfaa11be6bef78f228badf2962299d949a5bc3e7355629e39e449896bc6debce53bf8d6b85ad4a8d32a64a339e7f0d9d80d380e16e719fc00",
                "932e98f53317d68cd591097ba5a48cbf59b04fffefa40b6bd141a3b3ed7786353a9c687c1cacfabc393c38027dd35508746b3a79ebe2c5884c50e97a432e204700",
                "8acd8d53a958922f1db3cb29b7c3c5679adaaa1edb4fe3e654ecbb32dd4ad9591c34d59ec4bf3d4784b475f550e27f6632b9326687a199a007e0d9f102475bb300"
            ]
        }
    ]
}