{
    "seed": "c6+3UuaifzancN6Ao2shsCzQdKhOV1y5cu+QfoxW3PlejDwjsowN+gaRDmKDVkh4VSDfB1cWTcBECHzo/JfrEg==",
    "base_path": "m/44'/0'/0'/0",
    "child_numbers": [
        0,
        1,
        2,
        3,
        4,
        100,
        1024,
        2147483548,
        2147483647
    ],
    "keys": [
        {
            "path": "m/44'/0'/0'/0/0",
            "xpriv": "xprvA2q12eAxWQxXDmSEktK9kSCptc1ZAQtQxx96EAVycNkW9ej33TeW7hbiyA7jrJcNMvChVaZqEusjDBZGAa9cUuym9dikGENLXj83Joqh6DR",
            "xpub": "xpub6FpMS9hrLnWpSFWhrurA7a9ZSdr3ZscGLB4h2YubAiHV2T4BazxkfVvCpRnK9URcs32BFHrwTCrSb88fTbWAgsuggBvVFrRVBN76QKDQYSx",
            "identifier": "f70edef3511de54ba6a9897e7ecda543a0bb8ca7",
            "depth": 5,
            "child_number": 0,
            "address": "2cihoL8mWTVyQ6tnbzZjbm8nZfF6WmL4aUm",
            "bitcoin_address": "1PXKidZajdwhX1BGPrrbunWLXciDeCZrE7",
            "secret": "49f054b4adaa7a21b74c76605caadad1dd7742c4b8ec5d6a004f05051ad7f155",
            "public": "029d83f5a288f520e471fbe9888e51e96d8694ae8f5bd5d81d7409499a0ef4f951",
            "signatures": [
                "acec27b5dccf5461b78aae5d8bf68f74c394cec04bc159222cd6f94495f2e1ed49477750ff0a2a9c0f5e165a3ac28c74420e786696499eafccb1e5da6718150a00",
                "ca4ff31a5c0a50cb8c717db86828776e5b66649b7033ffd7d2d400481a89c8c422edc11df42f02dc93c1c4bbf9b29104bb9fcf8980d4fa01a816d37f4d7c5dda00",
                "64ef245bef8c5939d1cd23d1d110a87075fd48d2f8e3c2af81fafb3a9b6038d27800aa5b1121d2a75c2adad25809e0c6b31eb4a931e9feaa2a51ad9f0d4493f300",
                "63a42f72f636e10b2601c42d430aac8fc7e6b7c38652ed6cef5c695a11ac04ca5569f40fccbd7424a7a7b67e2bd19ec98ea7b789d151248650a5cb5e775034f101",
                "93f72e26ec196cda5219c827445f03af5fd405994af53c46abe775c420b74d5c74018a335a8a389a2ddac6cf56c265e67cc17a92a49e2eef33e9ac5f9573257e00",
                "27e92e22ac3d9fd9799bf5eaa2bd669851548f20653857756cae441a07981c1a3e5bac7c1744eb862fbcf3d09d6bf7599543f998d011e7ef25f510a865024c0e00",
                "0a520c290ae22b2c2aabebcc588278670ef4d47c930f9417ce04ceb0400b829e194de1958cfbd8b9da7545d2c7c1f084684e0ecadfa290aaed67b852e05f5c1d00",
                "256754c12f6886965db5b7b0f32f5f59f1bdbec0c2ee543efa7206c6d04616895667fe6c643acf2b8cf773bf2e1e9b0022a93e81e75354c2a7cbf3f62984229900",
                "9a8b8603109358bc39df4c335e96862b452dc1ed4bf66d02d0a3d1f485beba9a17e20f0a2de1f3c1ef5e0cf1a01b4cf86359b467a12c16159352e59573db1cc701",
                "7863fae03231a85efd730157f54c34329db9f01969fb347464ae4e615a0013395b0e75911b28c3cb71bc59935fc70147ff188159d6d0d7ea10c8ee7fa9542a6b00"
            ]
        },
        {
            "path": "m/44'/0'/0'/0/1",
            "xpriv": "xprvA2q12eAxWQxXHbRDPW3p75UFHkErnWUahEbV7SunA3VWGR4Ee7tSJti8knqWHKB8jyUExK8BS96Ph2eChg7R5WjWtZuLY62QvGkkh8smp36",
            "xpub": "xpub6FpMS9hrLnWpW5VgVXapUDQyqn5MByCS4TX5uqKPiP2V9DPPBfCgrh2cc5mh3XdnJ6wRxjPHekiyVhwtBiaVrHJVkRwTiBuPSp7Q9W2KdBD",
            "identifier": "7c61c196f0057e0f873e0d9d2eb7705836f5ee45",
            "depth": 5,
            "child_number": 1,
            "address": "2QVa6rzDMsZPUQSHrz5AXjvGMtDt6CbkaNY",
            "bitcoin_address": "1CLfu1S9Tzu8PhMq1UxVcWS8EZNTiVZgog",
            "secret": "508b3cb81cb00dfcf58ff2b428d8f324d1371fd0e2b4ff44744ae2772cc8c8dd",
            "public": "034b43b388140fe7a4889a768b4bb7ff7b6a243d639b0885b1ddb53e8dd01fd45e",
            "signatures": [
                "e8f3733d3e74a9c5c8ecf7409247fb176f465555721164fd749cf6096d4d89663b81f4df98f28c05fa65645687a705909d4d952418d6544d8cee96f1f80e41f601",
                "3c4bd23f292d7e845be8f26e2265c53292f2eea99a47de240cb40f265902946b04894effacf540e4cef92675506ad6b862eb3fc0527920999bbcb9794ef09cc201",
                "f8b0d7104dd9c4673f4bcb20caaf59de1cee75ed7cd13f36759981e4598fe6160dfa9b8a92549ea9a08593bc32a4eaadb89d61b9642e70682cc613c8ba4c6ed301",
                "1e6941031fc9909db28aba90eea57318d634a0aac0e841ad149f9439aaf219f5010481a4a4cd8764427b041f371b12d5673cc887ebe7a8cffcf8f2e6e3b687f500",
                "193a958f660ce59d15529ba96dbc479c71d50b8625341b27865dfa7528701217027c890f6865a5748d6010b853cabc1c26385b46e7cfee0b07c265bfeb954ce201",
                "ef5ca256e761c74078928e83b023b1407bdcb2ca79dbe72017a1b98f4bf47cb6145815afab28fc1d348ef627dbdce33b463eb8f9ada447ea23b69d29c3262a7d01",
                "75f6ee3061a2ea52244686941c3640e3ce993bc1cefafe9cb7fabe43eca5e24c58b0ef6596c67947cc47f696b1f5d3ce5bda4788f1e8afedd432cd9e09e7b8db00",
                "46414c7064cd891cb869475e2b9263b8c93e193fab27829c8b345c8aeeeb0fe434c761c2c2204d75cb3bb9b2b72a5cfcb66ffde9f1bd947acacc14047b855b7d00",
                "23a34e10fcdc0a7533eb360cc9c0b7b52a6acea39e6d807980d35b9b20a15d022fd1e3a395b76bf28bb33450f886384bf7fe0bc89e034707e4a41fe78e91e40801",
                "25d6584d4a423e80f0ff702d0db92871c0c90e54174549bb733e2042abef5a6d2b2e7a8f6b6cfe947a6bf0649dd9e759085a2e7b2eb5c3849a78a269de28820601"
            ]
        },
        {
            "path": "m/44'/0'/0'/0/2",
            "xpriv": "xprvA2q12eAxWQxXLzKSrCN8MRDg5FPH331LLyrANg3rG8TwkX7ePqwAKemX4nmevQyBxeDL2p59cz4h4Eos9DsgiVdbJ7wpaBZKesLHNTcd33r",
            "xpub": "xpub6FpMS9hrLnWpZUPuxDu8iZAQdHDmSVjBiCmmB4TTpTzvdKSnwPFQsT5zv3J1YHwGDSJo1c1843rsAyiFY2bduA9s5cnZBkRBEWxxhmX1ZqX",
            "identifier": "50a0807e391728d3a54e2740a8f17b1a980e1639",
            "depth": 5,
            "child_number": 2,
            "address": "2ZgHr7QUgrQhXbpqoox7yhBdXMVGmTm5J8e",
            "bitcoin_address": "18MKLDWp1SFpekExGPYzuEwtavG8GgPSDV",
            "secret": "891a1172147ee629a0d933f6366a1b81ff84a55921818d1e2f036c9ac82a8616",
            "public": "024652353eb6e9cf9c1134eab12a5c64c582eb02bf75de963d9f9fcbe7babfd693",
            "signatures": [
                "6cf6e286baa1a26474093a3c6c42e2f7095840eef80290e62bb98763273add0f06b0dc1212efd274ffe1d8442e1b933d76965f828df3d89fbe4ac58e89fbd8b500",
                "dcec3e221ba351e6d60c1524ce090f488135c8295edb2f92e4a0e6a9f8fb042900ac57deb47046cffcbdba5b745bcc3d51ca40bed3d6f27d245c11d978a17f2301",
                "79c68f05d0efae09a88b9e7bdb583bad1d8a3651d12001767f494e3a6cc114a72dbad0d64f00366aed83c6f81195dec6b1d4677b59577c34aabb9ff09f9d849a00",
                "27e6aec20b397500b499149ca305076214c6bfe4da41ed6568677effc1a55fdf1f62e8dca3a61dd939bec14ce73538c55bc3420ce1ec6e77ce86845e36c07a9700",
                "d9965016bc515ccede7976b393db0367b5fafcb06317ced30ff7f0e92ea73ff954a01f60f4ca3636acde363fc517565c22ec7687926ed01c279e4e59f802a2e500",
                "7d943c90762bbbd6bcf53280bff6cad0c43f6390e40fea1ba210ef6c8fb4e3716192f22df087dd11f3b85e3e9e4ec7bbc453e38c7250af1adae39fb79241fcc900",
                "06fba7f8f52773b0be6e58678de6825e3af7b1af6d80678b5d6a0e1b617e3ac10e36593786f08036a8979b923103882e1c704c279e2d879ea85d596f92faa78c01",
                "688b01c1c775af40163fe4a6fc2e8f2cc4f2ed4f4d3f5b8b6312a0801fb1aa71792ab1ac2554986a917286d96a871fad48ddc9f5382b4387657ccae4b227a8af00",
                "fdabd0d96161ce2386eda2e15e168d94c8e29ad8c0287df6483bf39b69ce67aa6abb34f5838b8d5df3f744373e44b1bfa5d3182c79203f505c4bfe75791e674400",
                "8e4a8637adc42b46547a3dfff627f7055dd7f6c139c05d7eee34de58f8efcbf307a04bf2338eae083ca40f9ca2d73cb5d76464a8b19d229a29ab4fb23245633801"
            ]
        },
        {
            "path": "m/44'/0'/0'/0/3",
            "xpriv": "xprvA2q12eAxWQxXPBMMcjDgb3f67M1JvKEUAKYARRVXvGDbxwb62AR9bMT1hkaTM3tszhmNycKWndqQyWJKSX1oT6yH3Syev7wRzWs8wKcbKeE",
            "xpub": "xpub6FpMS9hrLnWpbfRpikkgxBbpfNqoKmxKXYTmDou9UbkaqjvEZhjQ99mVZ3pK2y6VzyiH2vZKvSy2NWPSF7Gj5HgC5aumQ9Hyq8ZM7FPv21f",
            "identifier": "582f892bac496af23a343ac54d5bcd42ab701fd4",
            "depth": 5,
            "child_number": 3,
            "address": "23w9wjEubh2MhSVdG8hxDUbnrGMSsMa5v9n",
            "bitcoin_address": "193HQjDnHqtq1wDDjcMbnf4NvPVs5bKyNh",
            "secret": "75709e410104ed3207ad2ffaea26186ad4c5b5ccab9ef569363b5341a853504f",
            "public": "039848f2c50f50270a3c495f355e4f53be1b98c050113951ac558fe932735ac571",
            "signatures": [
                "67eda47fb7fd8f924c05ffa4b488af83388c9c3b09f00295ea68a6cf3a0ca4155f88a5683c30e89b76061975174eb9112d517d5e8a272bad7042920e4549d11701",
                "c584ab7853ab4410689f9836cdaef339aa09ac5178b51b9b6db2a8c7fa524fc76002a0904a5b91481cd1a9e22b1bc23df7287c5472d445731f164cad54ece62500",
                "3f286b5b80e37ba3bc2691742ff744d040224366d21355e8da1652e32c357db82a915d08ede616e73bdc5f3b0acb54df3f6e00ce9388f5172766bcbee57e657601",
                "e1eef50cb7606e17fa9d5545c05bed8fd061ec60f6eb819b47a48ac81b52cdfe52dd889217994aa0496556bfcb997b12e4e917029be9138277f8ed3fec829a0900",
                "ba98dc7425c25004a69ca5b567ef64d646942bdaf1c260689937b2ec0561bb560e05b7a7792224f7ca07a2e96506ee7cef316343f71ae75a68165cad83fc960101",
                "c029e4bd77599c7bb1e728140c37a862cb0bceb60dbb2bcdd54c79613c34dcb96c8bde1301f2462841ab1421d5dcc4d860de6bd15073b8f9fd7547dd32e0ccc501",
                "aada3cd4ac7fa21ee66825699ef050ae2661e6b3a314d9e3c0247e6cc03695c770ab45bee3c240e024a2ebb0ab74733c6206b98d1c6c166f06040afb9b9c9d7c01",
                "ac3f5f0e1864473f54e2a7fabe97c57a3822c2474788271f9be9d174a4e10f32766d27a15d08d96d21526f0d58ae8c595eb80e43885fe8c702718c22e528595f00",
                "7b57a74853c8c26dc4cc0b7781f122265b3c3833fde655131fb9096167a7dff3258134231e6d49e9feadc127981df2ac43c309d14d5ab25aa97e5460bf5eb11701",
                "813452107a16fcdd06f49d53c27a4dc2780c1889a602d6b84503ab577c39a3327bb0264cc084d8885508f2ce612e57b1691a1ad0a0b43a0f5b31002e47a6007501"
            ]
        },
        {
            "path": "m/44'/0'/0'/0/4",
            "xpriv": "xprvA2q12eAxWQxXQrjJLTq5nPtzw99kKFWoMoim8G6q4T1nb53f84UJjbwweW2jKDey1R5qfehx1ezx9Jca14q23zxjtBGCgfuX8o71spYLATA",
            "xpub": "xpub6FpMS9hrLnWpdLomSVN69XqjVAzEiiEej2eMveWScnYmTsNofbnZHQGRVkCvVBhTbxYo3eUD17AwzPLhdRXWiaHX3o9yUigh6yuhSenCadt",
            "identifier": "82f79f4017f2983f95e2ac5065f6ad64c0fc7859",
            "depth": 5,
            "child_number": 4,
            "address": "2mF9Cx2re21EyUSpJkMqAwqmfanatKSqBzP",
            "bitcoin_address": "1CwVV2E4dJARuddG2xinn4phErWc8cu947",
            "secret": "7f71cf7d15383a84a0001712f00d0f3548cd3170538bd93c4477f152c779a2dc",
            "public": "020ee1b01e2c6f5f6e63b5f4a8fe723d2a74af337935e052f26212dae66254f2a2",
            "signatures": [
                "6b00e64876029d9c29f297849fd8debac0a13a83092107ad652b71c17fe4e06a6c05f1b42cc7942905af9d1935dda39ea58c2170047c064b8d06bc64dc66f49e01",
                "65fda48a171cbb80f6b5e9c258f0b3731a376f8635ef5ef00429d1f57e531cd17605c03a0498038d6e5e61b8e39625e5b7b89a455bb32e222acea25160fa350600",
                "ac99b084a96041970cb40cbfd996a7600b5f0a77dc2fb26fa4b1f9672ac6a4c364df5d2af171c3d306e836009ff809e51ae5e0d8f43889eba3e72d5c3de563d500",
                "bd352fc2efa2be9541dfb79c193fd0a8d548e24d430475badeb242b0e3a65a7767f762a311506e914c26b65847aa1b2ed3ae3fcc5d69a1f76fad60aec1c961d200",
                "1681ba18e8c21bd09463909db7662b4fb703fff721a369cdfecddadc2d839780681d01340f2165e18800c13b13c9121e68849eebeb71ce39d36c45da75db202d01",
                "ee31d60332a491e56e52e7d551e47a182cca7b8c32e843ec85766ae25a8e9cfc2cd6239ecfd241f79b80e46babc80ccff9c194f35f2c3ae8367f15b14b50f2fe01",
                "f0b9b8a00529c7daf7b92875568028b95309ab34c12f1cc4935a8c8f36ce4264127d1a78b859c1f8f201e04defe6d96d3b8c2b58244006ba1cb12eeb5c00c2e401",
                "c8f05117147d35e693ff6f728b7f4b78036ab93473f3c6656b30e61f5cbde2450ab99069fab7c0447d7a1088ff4fd6270b6cd32ceb3977aeaba5d52038bff0b000",
                "850b70dc524699ee765f3aa4dfcc205d270b408d15a1e5373fc3171c893a7e1e1c9572bdf727fd43cb09b33cdfbd95410e50dce77d96a9d2f3636442c7fdcffc00",
                "ca1323f4bc710d7a5fbadc9819ff4633eafe7cdf10d208aa0cc34e5f28cd1cc47c4686bdd6893845fbfe577b60a0be11eff9cc2d2700f241afd023d3248669a600"
            ]
        },
        {
            "path": "m/44'/0'/0'/0/100",
            "xpriv": "xprvA2q12eAxWQxbeTXXVeC42RirrgfBYRYxEomtJfnKftXEsDMHhjaw6yQ6v2LJtNf6YbNhkr8fbz1RcoGr5Dc1xQS2KJHsQjRt2WCfosEwUqB",
            "xpub": "xpub6FpMS9hrLnWtrwbzbfj4PZfbQiVfwtGoc2hV74BwEE4Dk1gSFGuBemiamG9FCouMdirgUwM8nCiVVbKXwq8QZQ4odedzg1HPh87qy3vZ1tj",
            "identifier": "22e071b253c0858a7ee31006f1db44497330b24c",
            "depth": 5,
            "child_number": 100,
            "address": "fwBx5CM9DYy4LLzuo55ZrPgbw62dE7xhc2",
            "bitcoin_address": "14BQrB4xuaMWt5CuaXSBinDx5uZTHcvFcQ",
            "secret": "a8e85c1863c14603b0ffc30840bba8fb2035897eb96d0cb34c62358022556a1c",
            "public": "020814810b6dde18bb581a0a0bee982c9e620dc65e483f4a00de994d5aa655a20f",
            "signatures": [
                "912dc19892e1bea87b9e71da136ea8679958528c2677f22680bd6e31b4ea2a0218fcb9cccd46bf20d83933fcd2931d077addb55a726a1175071592519f1bcf6801",
                "1acb0759d578ad8fc00ce321d5182f959bbe7e0f48083449dbba2b6b34aeaa6e3d2ff7659fc95724a08cda375c839f9819e233869382cad36a82b84b1875004d01",
                "a1c33184b797f1da37959b0d90b417aa8036042f4d52bebf642fc9517c35e42b4dce0a255f7f792a5a1a2ecacd2b637ad3e409099401649d61003329279920e500",
                "80561236ba3dad9ed3848a10597f7d7914488fdb618cfae91c0192c266bb0caa10f72880ab18793e4d76bdb594183c73c840648bf1094a314076beff5e5cb5b400",
                "05c4690986f766b29b0ee4d50374a851209b479fb8efda6cfd653545491e6f01175ae179067caff55ff232d68d536cf4a220693f024d00f3a394972ea43902c001",
                "345ada413c56aebeec19de8b9b8176d054f4dfa7f68996bfcd9ea130d2ff24e10587569499e9702733b7f431cbd109c2bf83c923f485e7446c38aea2f126a38a00",
                "ad6fd09fdfdebd22d708fa78174115cc1bd9f88c2318d47829bc65a6402e4d451df6047b3c3b9f8e42eb12691184ae420d66b41207d22a25ef942e9f1f6c950b00",
                "270980b6148fc530cac28d52cd1809daae0c2506b42d8a5101e0ec567f4b37db78bc606d6196fdc64549127ac9785a2ab8e041c8668ba89e7f0de0d802076b5801",
                "efae30be055b1d52e97cdea95a92615360a87527f4f204ba931929ace7f3abd118815b174c0b303c77ae75c706409a4ced89b7ac6df185a04220e28dd6df9d7d01",
                "1072992051b0d8216786d37bc6734c8f2434973b0756f263dcac4c312bdf8afe759d8fa0c02441ae7a726216ea6382a7c6828037ced01a5814be27eddd937a8301"
            ]
        },
        {
            "path": "m/44'/0'/0'/0/1024",
            "xpriv": "xprvA2q12eAxWQyJEX5k7xHTzewcr1TMFwhBVNYkskWKh3BVnEmbkgQPHqu9To1aMFnagLRwCztBpDqwHHHc28FVHPdNnptdeoGYwA3GCKTcng1",
            "xpub": "xpub6FpMS9hrLnXbT1ADDypUMntMQ3HqfQR2rbUMg8uwFNiUf36kJDidqeDdK4vUdtkWKVdepzqLFCk6ABzPqPSxM3yGCqvSZS3KqCP5JeNMFkx",
            "identifier": "a73880cbdf00b123033f2b85ee7cf17b378488a5",
            "depth": 5,
            "child_number": 1024,
            "address": "HTUVnz6XSNsbFy6VeeLzcL7HLjPHjTDFxY",
            "bitcoin_address": "1GFBXwZLKv2oeBbFSsrdfMH3Ve2kNi9mon",
            "secret": "836f1659c429cb969b7b671ebeccab9276e125cb2952db3f93a8962aeb607282",
            "public": "02f78af41c2f1cefff5baafe81292ecad725e60b809f6d65a1bbe7daeb06aff0bb",
            "signatures": [
                "2f3d93cbe48a42f96d5810cf9cbcc74413686ba09d123d4207bc0120c356398f227509088bdcf101a4e097be54209cb4f68faaad56666215917c9f6543e4cfdc00",
                "72a3bbb5f96c7112ce100a16b4d4c1efb317111b3031a0ea9fd4daa5c4cc99774cc3fc0ebbe7175b75361a95841dca57e276fdd9614ffe78663f95211449835001",
                "d5c8b1a2b9d08c071df90e28bf4dbff501eef5c99be1f70ca4cf345eab8b150237ed17e2f9002559f5213d87682bc0ecdbd59aba643de4829473b562e660b0be01",
                "a4dd577e07c86fecf7e40e02f85ecb0bb6221411d4cf02cbbf8ab136dfd1318d3edf1dee60519782343a794c521e3124d9ee05a90ddfcf9b7fc16cf79920ce3401",
                "ad172fe3a5f7bfeec318f939286c9235e7f7278992d3a1d35a4c5faeccbaf2da1dab66176c232469934644a09246c60c0a3541962ae489ac483c93a1c87539a101",
                "810a1b4cdb945338f1cc721c73843e5fd083390057df2b697b6d351722b5965917c0b27d9eaad64fed91a2e6435beb79e21c2a3b49e93388787c43f64e76e73e01",
                "53a99ebed90e9856fc20e2475d4d5f20e18e3124875e8695dc1e4b713da65ac87d0c0ae48b98740bbc4b5f718f713ff703c14810ad9dd7272b1da794bb5d875300",
                "07afc51611b4880222bf51fa5dc9d74d8b3c0dab144af8daabd774e84f867faa059cf00131cbb0b0fc02fbb4d26f3fa15fba1a3db80143ba8b58545073ea580601",
                "0c7eee0904edf49fa08299b3e80557c927992d43d5767dca41e9012c02769db63f1da42486c45514303b573d9b05fa9453ddad325ca8c95bba49a71bb10dcf6301",
                "1e093ae088efeec6ab67131d892085d410faf2783baa9449d97cd2b96fc521827ec0878dbba741f37964c7d2672dfc28aa5dc5602f8bdbf0e7f0a217291e52e701"
            ]
        },
        {
            "path": "m/44'/0'/0'/0/2147483548",
            "xpriv": "xprvA2q12eB6r5VR1tz2JTcSpUwo3HAm5mqCSUBrG3AjYPbu44cw2h1Ugrea5VeHbGAi861BPrw77WxXnaQb1JCby1aLCuQQu7B1XKnsiAe23dB",
            "xpub": "xpub6FpMS9hzgT3iEP4VQV9TBctXbK1FVEZ3oh7T4RaM6j8svrx5aEKjEey3vmMo8Bo8gq6iJhSjgcHHhUKgNaHhWqwR1SbZDD5mRzRYsimBWzT",
            "identifier": "32384be3acb6d3a0c570bf42058b20759eda44db",
            "depth": 5,
            "child_number": 2147483548,
            "address": "WTspYmPiH2frXjs16P5Fx93k9w6zUzwTWW",
            "bitcoin_address": "15aYE8wfe38jRi3Zz5CTZtWEa4fbexi4pe",
            "secret": "45da175a3f3e817bd050797e835f58c72069f36f4b0f9f622e88d362904e31c5",
            "public": "02a017d8af56624f53fe32a205561e693e30b273cdb8f61e0cd021dad24fe14313",
            "signatures": [
                "964ae9f497ed957ca0f87736d86b69e8a34fbe59f4f40cad5ecc84b541305ef552c1ef185d63bd318430396b98fb8ff984ff91a8dfd76e78fc3bc39a73c5ac5801",
                "9bcc3a2bb921faa711bf079473a00ebe7c85246df96ece9444276263cf00312f6f2096c14fa56dc2bb5dd939e5dd4e730bc09a7bd258718ff804f64fa0178e8f00",
                "92aa4918a1ab146af8d02cdd3d48312bef2d88a8884794e7900dcacebaec5e9b7fe2a952160ddcf83b80e9e89ceae3b1cfc3c9eab51559b9114959702b3a3b8800",
                "d7795f4e8c7609f82809dde765077ca08eeba747ec2a4c840e019ba2af0757220f9b4bf3ce16f6d4ba22146b13d75b6052db89257a0ecc8047767be371e31ba301",
                "4a434e91fdcb34b3ed6bd47d0c5f80b5e45d3f175ffc9ff3fe7bfbea91a21d793ae7cc9992516c31e3bdea7846c3aa33afe1a7e316284ad7ee636ab92142f13a00",
                "4af1521ddf5c4e89e1252e462ed63b5724ac5f4169584630044f06cee2baa5bc08753e8c6bdbe6667e2986a356aa166d8eeae9a9137b0ffba2c726fd76f9ea4501",
                "962dbef71ffd92af5364e22ad59d8c91bb22179bce9f8f5309458f559f7121194cebc99125a7b8cd572797af07dab35221ee6e026902d58acf6cacd4922d572500",
                "9d4e0aebe271952ced323357524e2cbc35e52039cee4896a4150bc598b7db5e96154b437598507a8e96ffd9c6978931307c19166b85c9103983c123070ccbc6301",
                "d9f2b64d0fbbe7e5402b5d646749983c9a8b01c2b2b9b6bb4e4fb37703dfec8b18e1cab477e861ac4297450cfba7c9256990add2f952ec843decaa1af28e591500",
                "c7d0fed33f73ada6178ddce03a0df3041f0ea6183b2d81b6f5080b453c1d62ad51966844392650c875b89b7173a62bc4b4bab6fbdccab9a1c02c7a3bf63e778c01"
            ]
        },
        {
            "path": "m/44'/0'/0'/0/2147483647",
            "xpriv": "xprvA2q12eB6r5VVPAugR9USNaDLGcPfPiemKpeNCLBtPtmJ9EskkYFFGoXu6mFHVjaxncZq3m8FQSGZGcSby2rF96um9cK6mTWoAeTXt6jfpYp",
            "xpub": "xpub6FpMS9hzgT3nbez9XB1SjiA4peE9oBNch3ZxzibVxEJH23CuJ5ZVpbrNx3Syf6fGU3TQ8JgpRD6raeCKo86E342pxA2YGaf4EuSP6tiKGBf",
            "identifier": "7c439a5d85a11f3a24dc159fbcbe02ec7da1dd0d",
            "depth": 5,
            "child_number": 2147483647,
            "address": "bA8WffzfznG1AZN3NuWNYLjHNhu3kU7i8w",
            "bitcoin_address": "1CL3mveofmFEhwHiymrAfhnCbUcgZ53u2W",
            "secret": "4fc7bfb6d55deb25ec8037e65addfc751d90e5eaec8d9f6ab832bf105e8f6c23",
            "public": "02ea03d78964aca430c41b13fd755399c3753e4b92a349c2e68af42c306675bd97",
            "signatures": [
                "32da805dfc2d44a4220fdd2aa5b8ed96db93a131948bf5c445332f98eb5eac5509539c71289ab0e4c4d47372cccc9e70394fb2d28a5fe5438baa8e699eecdf1100",
                "f64ca831100395efacc26f4ead2f021860e9f943d63fba1c16f05a41194f4e4411d9ef5abba74cadb62ad98d475fc9fa311bc132c7dc2e6f8f2c3c181f9f48eb00",
                "ccc5fa12f691ae734349f1262fa8277b4ecb25bc0000cc2f73ef499d6f055068689f90a9c574e1aa56307ba6bf7fcd817c009adbcfa2f83d217c99945ae3773f00",
                "07cb73e4edf8feae163dac70856f9464847dfa61e3a350ecdf176d343d7069eb45f7666cd3b8582043ac4f9786d3a6c45f4a02f2b04fcb97cd61d413bacbad3a01",
                "d31dade431b4857239d281dada66cfeb90a2d1b19f2ca46850987b8f01209120730bf77a3c947ee83cc43f5a8fc7fbd8b7fcbd7b144f1e51fc922d6a9ea64bca00",
                "7f80a0f94685217a37b17c1da86e09cdb1e3448759fd0e0557ae72c41ab32d422b89857674e9a332e00c71ee784d7e7130d04f7ab5f58b15fdac778034e0a37000",
                "2ac80707d9d5e828761a6502d26b5ce46f91af723bd6ad6e68ee5c054eb1a99a51d0bd9676cb8bc378b2315edf40e660bbce9c92b8a7a3c68860ea158ad59cc400",
                "aa9c96145c169a6df0510942110e226a5042dcdd57c8fe1e0e30263524778009549ceeeccc4e72b0362e0cf97ee6bc0e48134caa7dcc03fcf735804b9159283601",
                "0b0c6497e26417e96f28f7b4bf2a444d59c7771fbf8ce2acee1af673c2a78b3f6562326dcb6fb2006d6f63aacc37e04786c65209c5529fdf8777c04c26ccf5e400",
                "f19bc8cf6031a9f3238db9a242fdc7c7ebcd90794db6b000345a59cebe8418de16721043c7751fbab4e38b12549f89ee5e6cb979d8c7803e012523a7e0fff32e00"
            ]
        }
    ]
}