{
    "seed": "7TvpJyVd5yv09z4mtMYiPR87CI2RHnon1/I8CUUITkbB82Xu1l/s2n/NoEOWYIm9dWi35JHsPcg8G0cAVXbyYA==",
    "base_path": "m/44'/0'/0'/0",
    "child_numbers": [
        0,
        1,
        2,
        3,
        4,
        100,
        1024,
        2147483548,
        2147483647
    ],
    "keys": [
        {
            "path": "m/44'/0'/0'/0/0",
            "xpriv": "xprvA3GNj7biiqkjuejHkuASAcx8owhTNyE6idL5bYHnHeyS8g7u3XZRmFJKeJXgXkNYpJLDSYgkhXmUdZ5pKvuStDyy9PtoTrNm97BP5ww1f9H",
            "xpub": "xpub6GFj8d8cZDK388okrvhSXktsMyXwnRwx5rFgPvhPqzWR1UT3b4sgK3coVZQdVUt8kWJxnsbMcYn4npJB9jJGZ9hS42aGPVZJPHTegDfhSX5",
            "identifier": "fdd8540db0649709b16245c1130cd1e2b9bd4ca2",
            "depth": 5,
            "child_number": 0,
            "address": "2YaKbueByqMefgp9sFHjcSPw8KQ9kP52uro",
            "bitcoin_address": "1Q9D7Hn1NCBBYw7x2Ba1u6z2Jj3eUKEm1L",
            "secret": "314db696368f4c796cc13fcbbff9cbb9260a70504c198e5eea89ecbc189deb5c",
            "public": "021d479ebb78bbd2f914cef1423cd0762858fa0a02c1b5601d8fb43a14bfd23250",
            "signatures": [
                "d7e060e06784b2004a6483069d4bb42c642446b680e479f64c3580eb1ce9a0770fbd765c4bf090a4ad45cfd0203a1676522a686a3755c3434c7d448bf336dc8201",
                "1571af34e69eaa01d35d9e7a51e0c2f87e8afa58135ca8f2a83cddb49d29405628324d29539fbe91945440ba93646e0c39a149f8c7832c11e6764920303a599500",
                "fa7a4ebac940c21dd7d494f9a76ec15f69031545b7b62c9d6198b05df700b85b5431245b48498a99fc24ab4fb5a83b920a391909637c7ec078074b95d122838c00",
                "c4f6d7a79a3d7122b3155c17bfb626cb273e85a3547c4443a0766d05396616e85188e7a661a14f1982a3208e50ef1f77b4a437f67794bc01f0990372a9f4bdb000",
                "30d641bebfc34447dccc1c248dc32d0fd05a83d193afe93987a0f85284991e4c0c0324b8fd5dd68e080986dc7cb37713c051eafcb6de9bf5d2b18be78e2e55f001",
                "9d5c0d8e714ed26ca015263c3b186fc2ee3be6be5453801a0e3cb46764c21b5b254368223f35726c3c59b8ee14d6a49a9c360923569dcbaaa546adcdf2d2d67901",
                "b25b523d82a0de509e002f7c0fb7bdeb1bae82f923b7ff5e72bb8a70be1d4d421f0401d52c03f0d9436aba3e1be79dcac0d3ad2dbf59aa04f9a9ab9c195099a200",
                "eddeb86a96657d3d456d4eb7b14a26c473d2ab89434ff60391f2b4d184316b924fa6fd51fe4236065e63ef0fa1c71baca0d2a20f4cf95b346fab5e87bb6df29501",
                "71dac11cc38d0fe44700f18eb836eeb81c3610b739aba86615f1ca8db6a54dd1044ced104737e5443071f2e4d40268891f2787654f3ab01a643dca47a6691f3e01",
                "8b5019f7c1ca05e340fbf832d525ba3fd3c3bb52b58178bb335b15ecba630f08207f2e0ab813340c91783033c4cac0f9956963f7151f10c02bd128cdc545731c00"
            ]
        },
        {
            "path": "m/44'/0'/0'/0/1",
            "xpriv": "xprvA3GNj7biiqkjxgUdoN3DMTG7zHd3MgakuMjoYpx9gj5uRVMXCXwjTXWqjKGm158DSiuTMCPFzZp8VeSaAhxdWEhRfeY5Wd1eWqX5UV5NVfZ",
            "xpub": "xpub6GFj8d8cZDK3BAZ6uPaDibCrYKTXm9JcGafQMDMmF4ctJHgfk5Fz1KqKad8gE1nfuFJ9qUGsc8YmVACXEBTpFxRWQGkTi1f9yxRVEQ2bhbA",
            "identifier": "b5074c53d020984321dc1878d8aae494576d2170",
            "depth": 5,
            "child_number": 1,
            "address": "2YafWS7kuRd1omKbUARrYXfQ4Qkn6k9XmYv",
            "bitcoin_address": "1HWC3ok9ABgSDJG9RzQ69wf83imkoeGxuB",
            "secret": "3fe1a8589b3e5d1aef622c7b2a6434539d4274a190e50c0cf506a40916ecedd6",
            "public": "03b49b786630ed72ca263ed632d180060833043bfcd17b0f1dc834c202e644e314",
            "signatures": [
                "8ea314518f012e5eb8be6d00e8cda65912a215bfd9f2e582be94086635b6069548b612873ea9a8d3f627986cecb8c35bb52a8e33e9b7aea3f1ac3f742dc4e78b01",
                "6427ef64405576de19fd33b7bbb8b70a046122da5bf1823212753a74a2277fc4207b190280abdce97a7b2673fdb7fdada5999dac0758962812651b9a7efc690300",
                "0c6c35a3029af0703b1dc5d747e0c0d47524bb443b0f63309375c879933e14714e36d2947b13ce8293bc57dd62b29a1a6f442663bf14e031ebd84cb4332bb66500",
                "fe3157ed0bf3c2e4dea5ef3e426ff08f5fa6e56d716ed6d9ddb59feb6fd14a4815fe07c2151dd86864edb6744adb03e9b66e5900cd308e0ef865fa9d875bd5c800",
                "6bed0f3e7dbbe68237490fff8b6050a2bff7417e450b21776ecd162e64fc4ad66ca63256a0f3e436aab9fc230aa3c41f36bda7a08f539f20fbfba13a4b4808a801",
                "07fb0e9350e992d9cd6eba60d84696a70e32340daae2440fe6d51218608e86087fd8031f17291d2f31622057740202369b5ac65fd278ae0436310622ab6fb5ab00",
                "6a01292bec75542036e1ef869e100bd1aadbc8c08449118509a17149e8e185491f7a416e5543b52e7071d1079a01d918f34a45422964a07813b7938cc9e33ebc01",
                "7370f6c07ad340c45bccd39f5fc6e5bf21679a7644930db5437fc9be26391f04245ab6165a3d253b5190e63f6d2c16efd9881d2c847fd63e718799ed65afbd9d01",
                "2c65068eebdd31c4c339754fa2628d6f4a07a4e1a8aa19ac026b7996e074495e05adabe3a943a614f48aecb6a30662853197f4991a5305c8a6acc59b04e0fe1801",
                "5c6aad8d5b11753cf41d478ee1a366265fbd0c92cdbf983bcf74454b83b773907fa4f565dfb8ced61a63b1dddff76476b73fc20df079c53380c2c2eca521acc201"
            ]
        },
        {
            "path": "m/44'/0'/0'/0/2",
            "xpriv": "xprvA3GNj7biiqkk2KETbWAqAxUKxu1kwQKW8Q9RGCs8yEhwuAubWvBMSut1HPaK64781CeoJWaikH5rsPfqGgrmrVo7rRguJFAkXTTeL5Gq1Rh",
            "xpub": "xpub6GFj8d8cZDK3EoJvhXhqY6R4WvrFLs3MVd524bGkXaEvmyEk4TVbziCV8iGSYjqkwjBDiEm7SpusMXDuz37JXffGuNLzTHvz7bJgTYwBTJV",
            "identifier": "a8b4dfb303c14e3e3146e641c7dc14e962531732",
            "depth": 5,
            "child_number": 2,
            "address": "24En1bJj9LsScFBHStVzP2SAKbdnXfpVQXy",
            "bitcoin_address": "1GP3CZYvFjHqPVN3h49wNnqRQLmMF5jKZv",
            "secret": "0aa484757b5e9eca6980f3efec09808ed492cc25f19e6c86f4116d3b65d70792",
            "public": "03ecd6606e548de584712d98af3e6a58a3ccf0a8e635d3757c8d425737f546c3b3",
            "signatures": [
                "a93cac6f0f9c146e1561bc4d2543813231a1c2fc4ef56f7b858c36f8d2da789815cc3204c5c069a28d3ebb8b05435b4420755abab72822cccbe7ebbaf102583800",
                "8402e1e3407a2a25235ab3b0778a7cefd8e492cebf8e34b1d382f07732d9f4552f90c871c2d448f9395bf81f4b40b2d4f88a0a0bfdbaaa2154e1de8d978c4d0801",
                "5a71b5c8a943ebc2b19603124c93b89d55f439d52666881b8180ce0313fa7daf4c41dabf7307bf55c8158373aac3b202ee2f32e655525afe21df0324714ba9f401",
                "ec5812cbee692c014d91c069fcc702d140cc28648feb12e45c0c4cf849a7ca824b187e49676f77096dfdb6553ddddca0bf328bf21582499dfec22a82b9b6623200",
                "3978a6224d19e26e577f98f55f15a1fd06a04c18fecf6d773a05369e7f4538e940fcc52e8905b7f1d63aeb1757fd82510118a90d84ab81af10ed42c73e70017501",
                "ca18563c6a18b004f04c21f25096e62547006f58bfb1f727da212a6221e9901114a352ed763919f35379e27367f08f48f99666e381077af3313a40776b480ac900",
                "c174c1fac8ec17b661439fac8b73879ec9cfcd902f0216848bd68058c3910ef63247caf90fe0ee59c421af3feba39586f9c0ba768feb582454f4e51fe2c2048e01",
                "e5d1d19b011301e074a8ebd96b468528c1183730ddb5f4241d829f138708d56112450e903930a6c241585d602597750d0a00a60ae1dc85d7fb36bd20e4bcdc2e01",
                "5d4d801278979e23e1f3f1acd6054496f19c35427fa0f2b737f44d9d280b51fc35a212af53ca174c279c8a5f3e1586b806e3b5cf5f2013929938a322a049cb7b01",
                "0148fea1f1b71e557b24cc0c015b9c8281c216d2f381ac60a976d8616c7f9e6b1fef6a3da9abf728c2a3affaef5b80d56a9faedb4fb930bd8597690251cac72500"
            ]
        },
        {
            "path": "m/44'/0'/0'/0/3",
            "xpriv": "xprvA3GNj7biiqkk45bRbdg7Zrm6knfp9SFVj4CX8vKXj2YPY2v5Zo9N5A6Aa5bddfF4yKUQT2hjtyPB21MPiZs6yEsFFHDCw9kgEjtqdo7URRc",
            "xpub": "xpub6GFj8d8cZDK3GZfthfD7vzhqJpWJYtyM6H87wJj9HN5NQqFE7LTccxQeRMkbd5K3NcnHPcL7xUY2ch7coo5SZMXUxVcQSsGjL4atf5yU7CP",
            "identifier": "8a06d8e805a86edebadbcff61fa9b098813a85ed",
            "depth": 5,
            "child_number": 3,
            "address": "sFeFgmtwczBk9oTZDNukxhj1w5JSGBv6ob",
            "bitcoin_address": "1DapTENzEkdUMNWYfZ4UkGFzBMjA8n3243",
            "secret": "c1af5ae6f9748968ff73d73de76ee8ef7ed41eca86cc25efd472e1661198b46e",
            "public": "0355ba3e7c7433aa0914bfbe9215dc11699fb0b7c1eb69bad0899da66caa7b8749",
            "signatures": [
                "fce5cee85c1c9620e417d9fc7e05da44ddaa21abf1abb76058d99cfb649be7701c290be3852f61c13c720bc470d89c48e4059d8501eb888f95e3c2efea72c8c800",
                "50d44923d89c93185941a1bdc1c2b0607c2e206f64e7598de7e9cd6cc6f68b991a69b88c122a5ab1b502c55264cc7e60313415670860300c704d470225ce503e00",
                "be98e889caa944dd81d7243f6a30341a4836b2d9859c68a2e0cc0e72ed037f7e0a212305147cd8fc9b2f82cfe1262eeab4eb6adff87c73ed8d5d60d37b6606ed00",
                "1d7a310795bf283fa7f9ed8438f947a79cbd3f74a2fc213d4d903b07e526ef6e5e873c7092a688bfe67d210a9e02557873ae2de30ca66a7de31e9d9f9e8a28a900",
                "3986b6647de47381aa76dcff533926d72caba39279e1fc7dc560473943befa1f515816242447f9ee934c647fc67636d3d35849741f5b6a21c55a0eccc8270ce400",
                "89f266f0e8e1d04bcc1563d16fbe7289dfc7123335f8cd3699f25e5b4c9d9f0961d83f43b590289e212a026d0d121cf050241acd2e2a7d9f1c6d0f18f242424d01",
                "389f96a13ea5d5e87fcce123a743c0eef88f5c4efb7f95c738ef307d98b2ae382984ae147cc687f3f9a289b05e893013436a4abb1beaeea3c141054d4280eb7300",
                "3842e07635a04021536e8cc1ba2288911019f99b9647541d61c96a48363b7f0840da564743c359ee605bce970cdf3ba50fc469650adc89d77bd6f83983502d4300",
                "0ee2bcbb0ca347eb19cb4559b8627c3c358582d8b62d402ef5c53f2f7189bdf56df0808499c4e174c3c64554268a9df113f61f4837817ace9763e0e4af750fd800",
                "aa5a24db1ecaf438ca73060052145cfae94a744eb314dc0a38e478931c292fb15318ac610b591ba12d0a2ef08a39b6116e7f1675993f106f90c00117dad6b3fd00"
            ]
        },
        {
            "path": "m/44'/0'/0'/0/4",
            "xpriv": "xprvA3GNj7biiqkk5EtVDjwSqAfFySuCptJB9gdcXspnCQjAS1J5MvV7SyJZ6F79ySikDULgUXap7pUC3XcY8qhJpqx26Tg9Kzzm46a2irbeoyP",
            "xpub": "xpub6GFj8d8cZDK3HixxKmUTCJbzXUjhEM22WuZDLGEPkkG9JodDuToMzmd2wYSUJSS6advjHwCwNZ3KDro4X9U2wbmcRMr8q52L1Ysw3ZQkypR",
            "identifier": "c176f4fc33d26501bdcd164060e8d982dc06bf88",
            "depth": 5,
            "child_number": 4,
            "address": "9R37YMw6DSow1vbfXeZDJWzFA7EmFFny13",
            "bitcoin_address": "1JdwvJKkJLoswNupCuw1phpP9sP7NwKBw3",
            "secret": "833579c4b80f6e704a6fce2c1d19853cc961c570d34a7d714eff7100181e468e",
            "public": "03b2732ec533a140538ac9c0d7223f2bb11903a4d91e584f55a55c4a96b985e3d1",
            "signatures": [
                "0ad9902a57aa8943047252e4bb9eb21f8aa18f54ed0d625c5e737ec1ed4f19941b463b232f98242a3eaff716006cd7abab186f19a4fc41e09ca5ce3341a7893601",
                "622b9a74f79f259740b3c23cf3873f25fe3e85e8e3fdb721796b16f2b35dcb4e19ad1e3c38276dc0289ce835f53db9f5ac0c2354e6d593c51941494e5a191e7900",
                "c105b32130961fd55ce9b15f64f16ac4671edb5c2bbb5b3c06b1f2f3de9b35f842ee2cedf6fb77e8b838b2ec7c2e18a06cf6c7225fcda55ffaa0de39809c156000",
                "c2e3db378b426c9ff45bd6696aba4799b3ab9f4fa423d4e76db12e153ac596305797e91f1793e1184f69e29aac44b3cbecf311b344a9ac619fc3cc585572c6d400",
                "551732a63332ab7e7a7578a9929447941e133fb1c18fd661800fd8993f6488ab6be1de6276ac87f00d3ba7d8d69c66e2059ad52dbb593a22a975935991f6b0e400",
                "7f2503979c8de4eb6a749a7d6750d3af22a5aa4cbb49198a1c41c468fbbd36fc22188e2658ab2303a8eee3a694d5ac2f07466feebc07677df17ab6ced3ec1f1f00",
                "0afa3f784f4d0babee1d69f0772a9aacbffc392fbf15baaf21ae22f7e7a6a3a7705be1d44a5f86dc392fefe1676b0d6ea8df1a0f45b00a4630159658e477cc3d01",
                "b6e2e0e04c32c58e77fb1359ad27f0d4d9096c5057e9b9eca55d69657f0f581d34a19a905f0c296998f9b0a9465e134a77bea550d65a9047e55daab5f8ba961d01",
                "fe0f51112605a7f679e9fb8d421d8b7c87e389e6d4f99b5b36300912923809a7175e58c042b955c794b0c2c4a2d96e489d09c0086cc6b96e2ff078e1cb58fcda00",
                "93ebf8d2f4920797b8f3c8b1deb67869bb8e4fa34a2758b8c05a635984cd7961536a4973d6c028b1ff39d4919925777082d5a0be51f32a301ee61413782a651000"
            ]
        },
        {
            "path": "m/44'/0'/0'/0/100",
            "xpriv": "xprvA3GNj7biiqkpJ876gF26jDujBjwF8NruABocwB7oBbh7HY4cX3YghHksFBxHaNuYB5q7vbQSrUD1AUtmm1hfoE6pJvLSNrzst9kgLPTkjwt",
            "xpub": "xpub6GFj8d8cZDK7WcBZnGZ76MrTjmmjXqakXQjDjZXQjwE6ALPm4arwF65M6VBNrh6JcEnhWz46nfF51spFdrLpSFWLmy7VtWC7kYVnV28p1Fi",
            "identifier": "ba9c60ecb18726d309620aa3a2b55006b3e495ca",
            "depth": 5,
            "child_number": 100,
            "address": "UiWxcuHEhNYmoTHfKrMePpbAiBBRHpEafr",
            "bitcoin_address": "1J1i24JLiyfAigu3416EmsiuuqmxjPFWZD",
            "secret": "84572ca17ed6bad59631ca2732d036847686147df908638a3700817da338040e",
            "public": "03a5727493f19245c46f8e0d077c71808c957b3e166eca774290d221a9934fc118",
            "signatures": [
                "179ddc5e87167abc25f738e7133e38b789b6963559a491f199c1e195e80c2718743db2be8998dcb0b00d598c4cde57d0687bccae83b3eb6f9200f422aa2e498701",
                "a532ea3c3760c8c103f672be8501bc05830e7047e80f40a49bffed89511773094388bbac326b76adf9d79ba429d9dd6d47628d7cc348ba09946a1ee387ca270101",
                "4b32403902a51454333163a247c5ab2dc6f7a4fc3e06f827f0a56aa03b1831657341136efb9e6e9dfcf06f5d2ab5efa54afcd48943bd37b7e01d91c2c845b0ff00",
                "541ab0eedad363e2bcbe9205a7d95de93b422632c5418465406cdf9f0a30f9ac3175b7f0969176ef0f9b8bf607d301ed9c72ecac90ec2dfb8c782f2b4fcd0d8201",
                "ab2e13040cf5bb7e9f1675e093bc000969bff30c2fa4e8b49b31c7635d5930647285f5436e67c420b259add47689a536d29fff830dd105a45078c4592fd7647b00",
                "b7c794a0c118d6e0bae6773f17c3af508747b7c7286f3c99136df30dc4b6a0ee034af721108ee8a7d0e4857fb92c48e1a935f4b5a22f94728a71f2e832ecd7d900",
                "df66ff07624f9d6d9937d7c7e11f3afa881ea18e199eb3177eea2ff3797ed3e5457211da0aa4dffeb98ded0e436e7102633f9b3cf5078ea5ee9a1cca18f8e5b600",
                "63b2369a0872e819f4477714c93cd54fd1a1c358254119887e8efbf482002db773b9d0426886ad1f3f938b327b0ca5b8ce235a05d135a927256e05910bb11df601",
                "d8abcc776286ba29b4604d75fa2eeba662e6dbc6099cbf1c25293d5abcc4171a5ead2474f6aa67ae48ec128b145a3c6992ad0a2fb0f4e928bc3100e9539233b900",
                "acba638f49f243d508bda06867e528bf4129ae9839d92249ec60452cf535cc94581162a84d4b85f188ea04e5ec77928c0d38c3e9c9a14cfc167fe93b2602581701"
            ]
        },
        {
            "path": "m/44'/0'/0'/0/1024",
            "xpriv": "xprvA3GNj7biiqmWu5mZ8WRWaFXp8uQ2dtPYfobXDAdHn2VnCL8ypXacWMVRPVURUqqPoQfdmEA3fZYDZYeFKQMBzmUAEL7qYdLNRio77WnTZRE",
            "xpub": "xpub6GFj8d8cZDKp7Zr2EXxWwPUYgwEX3M7Q32X81Z2uLN2m58U8N4ts49ouEnSJbvTiNDP7pm43E3FPnHXHyY1P5xAsVYsMZzDK9qhVbWL161N",
            "identifier": "c4c61e4a40c7f9f21beca0bf406fd2d5f61f7813",
            "depth": 5,
            "child_number": 1024,
            "address": "ykeskbhEiFbw1ruyHw8hVySZdFh46WcT7v",
            "bitcoin_address": "1JwSn6rkhbVbAbaALucRdyc1udgR5jmurr",
            "secret": "1119e1c466621c643163eb0d32d550fe468e117178355d8fef398d0ae8852cad",
            "public": "030fac1cead02c766281904a1b35aeebba7f90184baab8040a9b9b7d1ec166d161",
            "signatures": [
                "64d6f88e1e1b441b632114782aca58e6a616afbadd2c7478a3fb04601cb7f19d707d696fcf1fd4f7ddcf4a66b0e38d331eada63a9dbd3afd27d40ed7f30054d300",
                "e208cde021870bf14e933b7d2e0be7c70db15175e84f9543bae45ec1cdd20dd6113000095220f48d1a34e4320e9c76fb81c8566f6811978d649033c1c5d43c4100",
                "b22d80a636b4893ed29d8e1401749e5c3729158a664cf03f4e75387ed38119ad750b2c3e4973e0adfda00ba044517961d9ae8318763a2673b97fe135d5e46c4b01",
                "5dc8731b62ddfc72d0e241c664bbcec659bdc8216b112b71f8f1a3f78f6f424b68936ffae9717431ea82b8c60dc710e20e664247e79c0b00a3307ccbe2b163c400",
                "0c737736f1007a83fd7636d04c40b2f5ced22928a87f8b9a5163124d080cfc5159591a36b7e4e5cb7795c02fc1e7a8639157035092bd27cfe73c80d6d4a5dca901",
                "960dbf471671abfa00615ca5b00d7ba9872f3ea1fc159f4ab6568c67b51dc5fe3ce32960ec9ed234e4466f5871f4a561c1c9d23ac3a6179f6a877a01a74084a500",
                "3bb6614b5c72cbec01c3c23bb7d57cda1cf7ccfe969c3f41b8c47c2f645c03fc36424f590f6ef8d59c74220f0258512c17174f03e9e098c7941f9144f77dd6de01",
                "5657bcc6fb327900f852b8471493b6be5798cd90dcde324a5020a0178cab0fe47b148834a9bebeff220f566f44eaaf5ab2d749fd64dd85078ef2d3883e14889e00",
                "fd410bee29e489db02ff8eafd6481c88a6fcace2f10359913a57130ec51e09a34748c17e4d3e58d3143cd70a57b2bfaeec23054eb84ef8bc0290961206ed611201",
                "594e49b5fef7b33d887f8e43f8fabe303d5279b1bfce0ef89d74ecce30102131739c024e91eb8612cabaed7fb5db57a97f6080ae0f0a80eb12ebbc4d9865c06101"
            ]
        },
        {
            "path": "m/44'/0'/0'/0/2147483548",
            "xpriv": "xprvA3GNj7bs4WHdgpoHJESpgz8s4LiYhso3CcgyUf4bacMjniGcnx9NiJx8SUmHF1FhyUbTUA3mR85wB7PSYrohTAGwrSoigDVQm3PqLGfzkNf",
            "xpub": "xpub6GFj8d8ktsqvuJskQFyq485bcNZ37LWtZqcaH3UD8wtifWbmLVTdG7GcHjYfkodEnNaNZ5Zdjq5NSMDbnyFdNn5t9TyVLX4n43HBnyPgy3A",
            "identifier": "ce46cd786a7db52b8c4b0393b98d5c99cc1b8f9f",
            "depth": 5,
            "child_number": 2147483548,
            "address": "efNnfCmEzWQ6n1RyE1Cmstofd8apNNbt8K",
            "bitcoin_address": "1Koh1yDa83bxFsXv961q8FKEkYnxw2FBZk",
            "secret": "ec5dc914b132a6225895acc582e62edeb5286c0a6eb24afacf35cb7f7adc3c56",
            "public": "02cbb81bd5c8679b01000c1494429a46e7394ac0e6607812ba4375a8d965193cee",
            "signatures": [
                "f6c703865ad6f1922363e6c1723dc7d6d21a4b5674fd88e8a94de1ba7b812dab58083f41f963d836575586b43244e8aa6ba47dbfb066d9f0073e8a9901e94bc600",
                "b6a063bcf6db68da669b139ba87cd5baf9a60c202cdcdacfedb7a75db4246e8e6dfe34dfb01b1234401a8dd727197aa7d1201ed89155a425e8a6b56f76b58e1300",
                "c46af51d1931c2a080b78f3db83e31732850eeb5b1bd537a9cc5fffa8406cc1b6ae2b6b00fd10e2f21f640b31283492378490e4bb074fbdd1cc9006c9789561a01",
                "edf26dc0040f80db022b26934969ea7a4596505d73cb25d1dfaab919cd4b66376664ddab98515020ccc4d4bdb20ce5166920253dcf15d9931439680c80c8524b00",
                "fe25e894ba76d725b069d0dc8a7915eec010c0d6ca51fe5b3e803e43b01adaf372207fe5e0cabd8a688565808bde78fa3bd0bfb247548f3f31d7c8fa0e977ed700",
                "04ee143872624acdd9381d75667d46b678f2e11f01e8ac5e93baac073e6adbde2d02316d8ff058f4e4fe077dd8eec9d070866b9260f100464931a5e806afb9bc00",
                "37dc1399610b75d0a36a03b326d78980220386b36d818e585f2779c7d56c88930fd95eec064a4914455e2b16e8f3f5e3ccfad9b37c5eab8eb556ba878a5a490f01",
                "d48a1d425e597309cc34997808edfbc984bfbb598814bcd729bc0711586854cf62610a0f414a8d20e236cdf25ee17ef83906cb3b8229d352ae1374511a80ede001",
                "f8c993d6da7f0197ed3ce7cb8292684cef38f3a181e767c81ee96ec99dc4f0fa3db0b1d2532acedd64d7c5ee44d622e24a1e94adb77928cb92cc3f466ea0191800",
                "32e74fcabfdaae98e207e1456f945f55e6617f29900bfc36d8aa0ca559d4a8f42d9e8254c3f2b159bdcde4bcec76d0229ef37c23fd7e31a88eafd7996f6ca6ea00"
            ]
        },
        {
            "path": "m/44'/0'/0'/0/2147483647",
            "xpriv": "xprvA3GNj7bs4WHi3YRrdrvaTXAhPHJKABeSpnxjnLZV5XszfG52KomH11VB367v27DrpHUpH1tYGycTftUbqfQtrn4QbVMnVXWHqmvuG24heAo",
            "xpub": "xpub6GFj8d8ktsr1G2WKjtTapf7RwK8oZeNJC1tLaiy6dsQyY4QAsM5XYooetKWXv8YM1AJKNtksPiSxLPvMKkD2s6uU9zNSmX6F1HmLUhYzYvM",
            "identifier": "5ad2c9dc53a924e7a8d021083f32f403f77c4592",
            "depth": 5,
            "child_number": 2147483647,
            "address": "2BTCXCxX9Jqmod8rMUUgjvJVxctDjFuBKSH",
            "bitcoin_address": "19HEL7FSC9x28Wc1yRQeMK73ukHS8oCMUc",
            "secret": "e07a0b7085afd77758cb2e5f6df147cf7c50d185fa23ce2f5969c36778f103f3",
            "public": "02086edeba828baa10aefa06b4ecaa90628332f488abdf2bfaf4fe9d9c9c96c702",
            "signatures": [
                "84b9ff4c5941be83e5cd6cfe7114efbde0a4f50962e5e6faf9baadbfbce32d7540110564fff1eb7d320ba61231f850657443f77712f993b409adb5270ab3af1d01",
                "4e09492a5267274bc7b7487f0d1b83b40406e1f89eb6f1acea9948020f208b5469646b3dfaf3d4cb4b05c2753b14476f8904c7df96a95914f87f61f85a45a80801",
                "9629aafdbb44a07d1dd88e38e320250ad339e1e93407b099fb1c4972c6722f745173aa85826ea84eb0ca82ed8d6f7a0d29c9053bc01abab2d20f64e8d6bf175c00",
                "f3d689dba1a1dc8024a4bab90a1ac632452e9345414a824e6e67d7bca99c31fc610c6cb33cd447db126c9abf7d6ec637b25a3bcbb0046f7565c1cecf20ba52df00",
                "a38267b7067cbccabd8a0fdc4b7c1e03b90bc9068a4ea36a526d61063938a3a94b1169c3c8690e1e54d3682e6c9c8b8c5980a1c090276300cb0eaa762a10245d00",
                "3955e6cd8b57dbffdd4d92d6568dd39275fa7d6fd4612c35c401243c37f38bbe6594bbf51f5e6d6fc6499f027e063d61c83e82abcf87968469860e567c5a43d501",
                "b3632753440f5eaf2efb47af9cf9a6954942447a3bbcd19f4c499694d24928fc61020972ae69c14335bb48085eefa64b12589da6e436dd280542d0acd3f22abd01",
                "a8b937fab10fdfc0405aed6e5d4e378ae9f6dcf53236c6d5d57a1677d1da258b4690702a5d59a43c2fd22fa50fdf9838b6b558869d138c169a44d14ec1ea8ea700",
                "05ce6e9bc2c4620553d4e175a8735cfcd618dbe1aeb355ae36c9279212a2cb410dffa73b5a3f699bb23cacd9a307c1aa6f011a8dfcac527d5eb1dedb040ad09e00",
                "d724bea2dba9f10600d5b2a33f237f250c5d725cd169b39904a909fe83e351a6595c2fd4de07a70309f18fb89b2a473c8985c6a4277d29413c029741d94c5adb01"
            ]
        }
    ]
}