{
    "seed": "1XoRKDU3iECa8KEMmsWvZgY4/HO8G01OfwCf1HcEKsk=",
    "base_path": "m/44'/0'/0'/0",
    "child_numbers": [
        0,
        1,
        2,
        3,
        4,
        100,
        1024,
        2147483548,
        2147483647
    ],
    "keys": [
        {
            "path": "m/44'/0'/0'/0/0",
            "xpriv": "xprvA3HG1Rk1HM9ZWtYnUqVfQmDMVwjnAhN2ybPPBUQZJvtxtR42A4kM55V4a5GdaByvnpLbkJ3EkXUDW8P9fAmeHxjWwtZfzrVmK9Zyu97GJnh",
            "xpub": "xpub6GGcQwGu7ihrjNdFas2fmuA63yaGaA5tLpJyyrpAsGRwmDPAhc4bcsoYRMvtS9Gjo3nyKRXPaSYYKResdf52gjyjQTqFBVryjpAmy3fU3de",
            "identifier": "cea5662776f130e1273ddedacab4cae680a2a5ad",
            "depth": 5,
            "child_number": 0,
            "address": "Zsm4MpMhjQCuFbq5QD6U6JLP9Kufzkm3Nd",
            "bitcoin_address": "1KqeLeLnrX5RgYJasgjzVgx3otpuK14HAA",
            "secret": "e546cf8082daad04ec1c86b22d9b651b04aa7ccf44c8e14bb13ff13fa3a00241",
            "public": "03bbd3e2a8ded9965b673844465a15737e69873ba0dada2fd97b815e7836f555c8",
            "signatures": [
                "829d4f67dfa11ef7f1b7ffc089b38b639c9b54b900ddff38a61ac1f5cde778ce50594aa0490b055c69822e197e40921e97077f777d3d7facaaf5f1de33be4a5d01",
                "04d485028852680d888be85847034430a6c94fb38045c248bb2177b2608e20791fdd6ad19370a452c0c96deb3ca68fb0970db3f3fa75584f1291fe20ae2a99e200",
                "2634a9fdc9f9d3ce18a848a5a98c576fecaa50f86e942901ea2ccd3c513f6623480ec015e40c203e0fccb5d773347539109f2c7e970a0e6991e6d76dd246e27201",
                "a95653bddacddeb94cc8e4ab9e0bd1b39af2fd86203edf76794b48d5af384c4926cb245583072ddd298a63a5c26eb161d8a5d6a2c7475620d926ba3827887a3501",
                "85781fcea6cb20723f80d0a4f3ae12efffd7c5e7fcad5004fa8ed606d5afbf8668aa9fcef28d8893b2c5a6964c5957753658112310e4fe8a3e5a9418d39ca50b00",
                "a85079b461ac3a825c5b4685a57478232074d3b27e91d3e369e604a78abc67c2359b3d58a18b72daf0cf1b95e410af7f4dd6f5cdfb80f7b0b6557bec5ad8b59200",
                "4f4fcd11689bf808ac92aff9729dbf533213dba690cce0ffd8435360d4ff3eb148ed52a89f5819925d3d194e54b5391b4b848c8ffed88393e318a9b65285dce700",
                "7547b41d7c4a136a31f19c87fefade0bea559e79334c849f1b310215284dec7f3c93458d78a14fa3413e802f0e603f974fd2fdcc3ae8038c828f1d02b6cbcab300",
                "e6f7c824eb6e3705912239064d86f6d3806f01e99eb8a31fd3f341f88e74033324c38d8d24fb3f3e4734e12c13606e6303546880830c812fee95dd4d5045afc701",
                "ddde7cb4b8a183dfeb2d248c3d0b6441fc1e4a2216c3118cc5e13691d67e64906f2d9994518b1e1d562b777157ed4b90bdf028d847808f16bf4a541f3ccdf1f300"
            ]
        },
        {
            "path": "m/44'/0'/0'/0/1",
            "xpriv": "xprvA3HG1Rk1HM9ZaRhphLMiu3JYQJ7rxCP4z9Nymo5MdzMHw72BKjboD9wjqU6sRDsH5hP1pZ7sSv4Qk9XEmSq7edFCmrWfNRJDsxw422RmHaP",
            "xpub": "xpub6GGcQwGu7ihrnunHoMtjGBFGxKxMMf6vMNJaaBUyCKtGouMKsGv3kxGDgjpYySenqxNYcze5e7Vjt6zatxeWeKtu4GuWqTWa4gd1odVMjXb",
            "identifier": "6c922284d4273e56733aba1e003edc3977cf23c3",
            "depth": 5,
            "child_number": 1,
            "address": "6NfX1WnVYWYTFjq9PwPobH5pxFTBk68yNP",
            "bitcoin_address": "1Au53LyJzrSfR8bAY3z58Kq1mrJPc85z3o",
            "secret": "e1286205d53a54247708564bf9266756ac8bc7e706d81883f380725270549d45",
            "public": "033bca9524546d0b523f50b7aedb2aae2f2093a04b8047a1a85de361b783d7aee5",
            "signatures": [
                "56a8c378982a0e258ad3c6080288b623134648fb537355ef3d7227cbcc55ac8a1b7e340892db93a192060023c2b8ec4dcf96ebbbcb8ba05e4fc3940b7a7bcedb00",
                "97e67a191af5a8b2bb429ccf8bee4fab688c8195770692d247f73f0e4c9f51563efa7b81374d2c9c5d347ad8b854af44bc28341a6e919e83e67ea7870e29e63701",
                "8f06ba45b391d84872c50548664f02ce62b5bbde1848a9e7db4cb42f8d12aec57271ebecc8f37310f51e6a85eacaab694756837e1fe22620a81efadf6f5c092b01",
                "c57f6bc31d00d2d929535c15d5dc0094ff0e4e5ff47b73da8c6202b493f2eedf38b8abda157df2c86165a09603801f6746ecf6e5d372e8c010dc9a510e3b5ca901",
                "49c6b418de97da39a52a4b6341e315618b1b8ac01eb10d014a0f1f1c8fc09fc4099e786e739b48b78638a60b46402319ef74c2099b1147725f634a5fd0c5a81d00",
                "f1f7bc12b613929688c7aba305f257711871a86af73183c1c2d3e2617897ee713c314e1ce43da65fd7f8b30335eeab6f233a21eb58a870f5c27e9bdf8263d9ae01",
                "e2464daf62f399512934674e0621564e5b2d6e64a45a043b6b07b3ca5a2e4f2e060254ee412308f1b3893f7aca3ce7e0dbb2d2d2c8b983814d1ec5bfa7a9646c01",
                "fdaabdabc57d93b7667edffcc97a7eff02be96ffc4a0413e94b2fd4698b3b1fd5dd6d35fbebf302902f865fa50141e545da5854a9d599758e3d86ba2374cdbbd01",
                "84ad0e4490847d65facafb065cc6e0ab68bf3643f0d65782e03b9c326443f1f5234b776eebe2ca002678f73ef7afe244663ae93268e8009369eeb636637ce8f801",
                "62f4e060adb4401a74b93b5d8190f06cd7dd7f214de225ae51e40a983346952d6dbaa204c4a0082841fbd2e33fc5fc58d2a10e4b6714bf006ab28785ccbc3cfd00"
            ]
        },
        {
            "path": "m/44'/0'/0'/0/2",
            "xpriv": "xprvA3HG1Rk1HM9ZdshqSaxSRufbDmTw62snFfJngXnY5mtY7QGisVYoq9HJ3VvHuoFinyyYYcJCxx38kurKjYFts5ksrGaN5qdyRD9gmkqumtZ",
            "xpub": "xpub6GGcQwGu7ihrrMnJYcVSo3cKmoJRVVbdctEPUvC9e7RWzCbsR2s4NwbmtjykYNZLzTti3kTBUmnHxxdBHBGKnzfgtocK3wdfmHH39yLXCpZ",
            "identifier": "7e03f8e18fbcd5df595ca46c83b593454cab67f2",
            "depth": 5,
            "child_number": 2,
            "address": "21UNT58xQRbDoDg4zpBrbZpnnsujPVa2rBW",
            "bitcoin_address": "1CVJuAUXxrCcTU9RPYLgAFL5EjQojKQjtw",
            "secret": "aff94206a07ddb32a5dd1fe58c357b6b0a067aa0c3a35bc3ef1d4b268fa078be",
            "public": "02301f1bd410cbaf1853be67cc73849f8f6968fb4ab6303b83d5073644d43099fc",
            "signatures": [
                "67a1bf4f8e3b2ca5f483b65a00871da7e35569fb29adf7365a739638897b25b47686a72a9e8caedacf148b2b5773111153fdbe18133e32b936bde12eeae2c63101",
                "4de672dd76d80f03f8ca81eabe24e3da0f34be951741e63eb4602608566054bf6aedccac298c3bc9373eb06c2507ef1e1ab6c62b9dc32a4401b88fd197a27b8701",
                "633c30156bce4c7575ab7cb8f19028c2a9eb9e35752ce2a5ca88fdf86aaa705c1710380fd28a0af6a8cead20cb94118a15a6c3560ba9412c2cd8911ad87d91c401",
                "24ee87c42c4f10e3f18a95a1a147119062f7a1fa05ae4ef1d33840e7c18f34566e0924def467531e6a41f327af2c9da41e52bc1dffe2db7bf586af19ef594fe700",
                "0bdf3ee9088243b7ead7150d350bf4eb8994c5e71418db9b508a3a45aa32618574e5bb915a4e94dcb9ef629a364fb1d7cfb7c33975c844f5d953f50045fd08d501",
                "c2c3e56f797dea29f4f383c33b0693d273e7b14bfb1249351abc2bb652c283a46415cb545dad2c94a1643a47695d5f1030c609a8149eb361352774079c719dfe00",
                "27234de13b2843ed7fd32c7465efe05c6d653bca99f9f93b2a2de323564c0cba5f97e7cc6db0886d0957e38f6b08dcc7104d66b30f889448cf47a96482cb373a00",
                "c7cc3e9066e2e75047a874e320318b2e91112b9da82acec38d088554fefd786a7188ce3b1d8f9d454c99b18db4f26589dfa14ca8ba19bee2fdbf9989e7b18db300",
                "675fd4ee49698b8e02f94b7429c8f032cbcb277a3674315f19abbeeb2ad981a9246b2b69d6f44634a12ba1fd485e623ff0ec913fa3ad1c9298aa650dc0f2ab6801",
                "a3ebf9a15729c90fc2778bbe0d56c1e6b390d8a1166ec22c5f5b01a861ad8efb61d62feb665d7de0d43412a46525c7313f28c3ea95360eae025da49327847f7b00"
            ]
        },
        {
            "path": "m/44'/0'/0'/0/3",
            "xpriv": "xprvA3HG1Rk1HM9ZexcmyDP8ZZMz6PFbsXWwHUiUE7kDwycaTNZLAWmwxhAXjpAkX4untz3rziuR9HnWLPbmyK8cLrYwgDCPjjHf94GbyzrhVxx",
            "xpub": "xpub6GGcQwGu7ihrsShF5Ev8vhJieR66GzEnehe52W9qWK9ZLAtUi46CWVV1b53vWqyZ3chATPq6fSt4RFsGFotD8nHVH16GczopscBPaT21t3o",
            "identifier": "0e1102e916cc2661c59798eec8f15420fb76eb51",
            "depth": 5,
            "child_number": 3,
            "address": "2gepnUKNxZDyHWgtHjJyNc5i5599L9oRiBy",
            "bitcoin_address": "12HNqf4iNCwc7HvpLBTc5pg7vQ1hhGaAXb",
            "secret": "bcecf19baa5fa862972ec5b000cdff120773801141cbaa162db70357ac5daff0",
            "public": "02a9697d94383ec822644e22f2cd5c80fd923aebf355a738322013718e8b171609",
            "signatures": [
                "77a76dd276f05987bcd05aab42ec6819d081cabe5a977be83bc5a95af14a407869c18a4696190618216e9fb1c04c565290d9fbd6f6bb49a4ffef6078646b0c4301",
                "7f5ca141ecb66b4ad9f111845b4ee623a7dbf09a8fd42c43f711736ed59aa07b5db8e8d5140f3f583e6b68d958bdef54e8f403c9e91acd6367aa979c47eae8b001",
                "675f4e8fecda25404cc11ba957b5c9d9e83ad0469b7152c7d47a6d862834ea624e6f7eb3541d281ba0017cd8ca08b0dcd3d5091bab79410129f1b523912c06a500",
                "1e7ac982aae371b27b606c2bbbc406a7148b10849b95e60875e7d944978afa854648d53abad685f595f0f748b7f8ffa360deab67eca95039d29548365d32343e00",
                "db4e1e65bb87b291897c6a9dba93b6726057f2c7bce175415c1513762f761db3733f1dfe2c188ea5eb711887c63546d86a6ac24be6f2ccbc1fbb93d6a41f70a601",
                "a3451b4f71543cdf13ae68638766bb5c8a7bcbe3d04f48b327ef7d351d41d091595aea38a17396670c6bd69998fbe177f9d03c24a6cd6770e78a154a5dbc8f8900",
                "58428b88208450d4e53536823bc755f4cb0977bf8eeccb89af81ed326d2f1f631bcfd172dc2ea130ba30f1ad6afd1604a9495d2f1ec3e56f503bb92fde31da4b00",
                "67a59dd5b10b43aabae60ecf7b6a917224429bb2974b390ff6b7c79d4bb6bfe5350cffe7191a09898879124e1568e81c21115aa23d97c4ce282eace242adb0d901",
                "7dc46ceb7ed8d5678c8c9ab37e18a1bd55a6e0a8cc285359ada9008b8bda8f8c5cb1f7bdd3972470f4e6d397dadaf3ee9c13a345a2326d2d919cafda49de3e8400",
                "ddce48242d9a4bfa9997d0ea7b40fcf1d0a32f39382aa995cd072d2504d931c445bf9afe0993dc3b08eee0c30ea1dc8ca8af6e5ed2c8e3bbf17cac31607fb0d001"
            ]
        },
        {
            "path": "m/44'/0'/0'/0/4",
            "xpriv": "xprvA3HG1Rk1HM9ZhX95VjCFwMf5QQ34Pv2PwZ2gRb83j39JeNWBtYsH3zDfbwe6P6AeVYJXCTstQLwByzyyRRkeUWufDjjX4F3zV1mKTrAeQZM",
            "xpub": "xpub6GGcQwGu7ihrv1DYbkjGJVboxRsYoNkFJmxHDyXfHNgHXAqLS6BXbnY9TCdRnYVuyNHWZRgfX7SByfN5SYUyYA9n18rDAysgM3MguLrBHd3",
            "identifier": "72f333c27cd0b9f5f7409aa1c4946470d43f0b25",
            "depth": 5,
            "child_number": 4,
            "address": "rUY2s56NpcWcjSvhmpRWUqkMotrnu9ChNs",
            "bitcoin_address": "1BUoNrTtSG2Q9pYCBmkFTmskrZ9tPNQF5R",
            "secret": "21a7731d626de3a01361dfe6901eec68d55c9b01eb6266113ffbaae91faffb83",
            "public": "021c21f64bf3ff7ca6bc9dfeda558e7b1c405d962d0ad2adce1ee7904e409cf23a",
            "signatures": [
                "93f409f4c9f167abc6cfcf6d8250768fce5609157b4cc4c89f3330fda91548b6087d3b99f8a83a575b3ad106cbc9174a1b513a180c3fb81bda21a29872b7bb3400",
                "20eac1bd1f10f462f1022eb1f104fdc3232ea22cfbc80e32c3e819cc9abdbfd3173f951ba8d6a13afda04689a3c8d413f19e35c053ecb015d068199194f6022000",
                "152c1082e7d6cd1456b76d86b7bb0edc463e2fa618df704bbfc75ea8bddced1328dd2897ddc2d69a5e566b2b9209083f64041c8e7c1539383230f169a3a8b1e800",
                "f4ff2d687c1fcf7928f19d1b467088b8e3f8d7f96acd61066cb65d85809fdeb91f980ee34fcf5ca8032f0deeb75f44140c67de7d1812cf5af406d1108984b82c00",
                "619587644cda0d5d3500aecb4b843dc08b5e960b46b5fba2767b5e61d5311c621c93459cf471182b9eb6d86010ff20f96a7e6e9a177d1ce9b24cc3eb7e8c8a8800",
                "8000a96f9c8a74516ebe344cde480fd68829c67e800d8b7a95b60eee7f404914528f8e2a06fd55799c1f3d62ef2c80bf3bd5cb7454bdd8ec0649ae04c397b7da01",
                "a2d94d6c4932284da4009e9674058814459675672ad91954f122063c6e648de72a97f2d3d7f9b465fd2ff242c4095dff89a28367cbbb28201cc022de68ba744401",
                "b6c0b29963a26c10396c5d50037ef720f9c94fa060ad4eb0690a7b0ecef2247e51eb142c1027b57fbfe32ae889b194d7e3ba3f7bb3c92c017214c8cd6b739e7301",
                "c9032190015d6754c5b14b2fe6b6e52b8ec6f6789bb9d6c4a35911270b2ca20303ca345388e1257219540aa7b7e9c860a042d30bc1d4fb7ea4b204e95cc1014a00",
                "4da899cf992c8640a0fcdb0c69eaab23bffb681e43992b08a72322d00a15951e5fae7bd237ecfa34e8c7b4244a68286eda3ff231a2bba39c70ef97ce8b5e083c00"
            ]
        },
        {
            "path": "m/44'/0'/0'/0/100",
            "xpriv": "xprvA3HG1Rk1HM9dwdsK7KsJLDu2uA2uQudfmwarCNNC9NKjnz9VY1vmXWCMEzQ7NRBWKWE8yGcJ1rPzdgs3m4zP5ts3dsZtExNuDpF1egqe2eo",
            "xpub": "xpub6GGcQwGu7ihwA7wnDMQJhMqmTBsPpNMX9AWSzkmohhrifnUe5ZF25JWq6GQmuEQrCaMQ3MX4ejaEg7eQd8zB6mymzZFrNf8Hc2aMXx4HPEf",
            "identifier": "e62af2fe925ee9090ab9d5ab41a206784206616e",
            "depth": 5,
            "child_number": 100,
            "address": "T61SVfXmvWf1ryJKHAzeNboDH2VpeQ5S4w",
            "bitcoin_address": "1Mz1sHSkZX5xJ497Sc8McSoCsugYAipcg5",
            "secret": "eec980eab4f84fd49827987477f454dada3080a682bc1879a241794c0981de10",
            "public": "036ffb2fc73316bbd53647f36d6b31cec659a3c849b41e9c870c6301f1d8012b74",
            "signatures": [
                "ce8dba7ddbbfba68b2e6a65487c681d12c1c1c55f1afacf12e6e22a2430577a10e006beba001d8cc4f216aa0ac61ffb9e72cf6f04af8358b2c5bb2484dbb336100",
                "be9a0a06044f58648b5e33b52022b09d6df4b51bd1842845ee860568de91f6fb256fbe74aea2b772622bcfda94b697a229e1ae67788fab052bc55a002f633d8901",
                "6d4db7372e50d2d107bd1b6d180686c32a8e4758775ef0692d9077c6d454df926e5452140d4adff1cac58b5e3f600cb28f00be719a092df7d41637e6f033f83601",
                "8349e45cec3d7c8b2d9bc088ec9c35b04f17471cfeaaade4d1224595c312c00f398562b39138e826c872a994d4e1cc1d0c4d3d529be24f1fc2e4506981be5efb00",
                "69d31516fc617f32beb96e5d615d0dffb557cc6d3e25418f5634e35196761ce62f5246f4a7d720ea1cbec05de0cf8ce7380646cb2c80f545d8b39385ee587d1d00",
                "80c696dde879db3bfd5b6f9e0e83e49d2d9b87cec39522b91cc54ae1fd727abd1ea1d73ec7e0fc13a71fff7b16951d8d6dcdceb7977a210b919fb5501e145ed701",
                "866aa6bdbbfb094f664298fff9a6b1a43e8b9e2a272c6a6c50a6957829e6066731492a303f8da1c1636a7d4964e372026b6aea807d07562aa82a35f9c6b2d76a01",
                "4308d1d3b93055e9771e08e189482f21b87268f792502dc70440eab5d3090b53379be27312b80cff008f0eb45b0959dbaa8bdd87581dfdc226b185749a192c8101",
                "d785671fcf457bd03cc16882cecbf4b35498043bca5aa4c7655b52d3bb95d1ed1bc3ab26b262cb4c39742016ac0e43ab0cc4215a2f11535e8c37077e4a3517b000",
                "04464f70fd4cc8bb222d839c1c884c08b54fec65d8235454bce27f3a90f44f337199d0a431359beb0c86a079a14641a85096a261ad5d8dbd71888d9eb9e7eed200"
            ]
        },
        {
            "path": "m/44'/0'/0'/0/1024",
            "xpriv": "xprvA3HG1Rk1HMALXoCekjTTkccCQi58ErroddYBfHvDU9RQWvkSdC6ureLJyufdZswA4cAuX3cYitUvkjZYCALVKLzbVV1fQoSFSszVnzYHCmQ",
            "xpub": "xpub6GGcQwGu7iidkHH7rkzU7kYvxjuceKaezrTnTgKq2UxPPj5bAjRAQSenqA6A5QpE2RHu8XWSyyt3LKPKFCt15sw6ZpAmBwMstYW2SwTqWyo",
            "identifier": "21a876c593439681f760d65f1d0a179d59e7f414",
            "depth": 5,
            "child_number": 1024,
            "address": "18hnQrUuZG3GeUK9qv3dLx1HBa7GTuEpJm",
            "bitcoin_address": "144y7Qqe7SEXvF8f3Vsuh1MwvHeNcGhbne",
            "secret": "cd07cce4bcb1341ba633f5e88c09d6222248ce0df899b9c1a251da70cfda8dc2",
            "public": "027d0363659a1d88cb0322116b3164d2d26c46b937e6b73f68342859b86844d29e",
            "signatures": [
                "0186ad85999705d99ea9f1a6a26807f2338ce93f1459eccc6174f20c4944bc441203ba2026e8a84f49052aa4dbba3c729201c956b73431d4cd7b0d6f9b775e6400",
                "b49efae7c8a0e551b3d3207d70e7f506fdb9d594c1f2bba77978702e02ba4fc8135f2dc8e5d6e4985fd7e41776873bd89fb12a0f9c66243f785e578d6966fecc00",
                "5e8b64a0362cde44e109f3f94e5794b6ab8a29fe807d09fea95ae8222fdff46f15ec5cc0df900dd5bf425ebd791f8eb697a5fd1d1c34d2ca00319e168393ea9a00",
                "4ab02611c1fb5c375ac506cd756930fcbc4d0cc7d7bf9934ea93b96f46504d5e23619d8e9c7884ffdfa814338f5c01b6da9baac2e42633f1981d43a69c3681d601",
                "95f1ed4a9fe7dccd3f822ce25a75fb89b9b65e23d4815da88b8f2b2b390f1bbc7b1b7042e44d67e8ec7eb160720052c39d137996fa10f56b30d00682d237103d00",
                "b07b4d93b3bfd0033bc009e011d0a5a23b77b37422c0c6d52a73ce8af332d0dd47fe090d07e47dbd7f4ae6ae10876203e72cc4193071caa609fb99be0a82199800",
                "3c9c3203b5dbb41f95ff342ff6c0c19ec16eb1411f8a54cce63cf99b9385dd6b25d2b01cda781156d51f1f661969b02998ebb02c5810b76215ebbd62142adfdf01",
                "08d1334b5446fab21919a4ee507a1f0a0ac97904e7b4c8d14026830d3e1c560c6d3aee1b21e50c22b8674730d1b2428832f6805257df399e8787c87c7cc942f300",
                "d4a8f0e5ede6ab22bce3cd1d69a77da21078c4d5b9a291a08f3623acc0336d503a56a28ccce40ba9aa05ed733663d9c04915ffbf60b2fcb50159ad0b062ff2e401",
                "a2fce2e0404e29e9bd3de6655f2c856f87b79e53157e7b97e3c93cfea8d0d801615a379fa4122aa76e1b36fe99eb596f10ac6054f028961ace622e4a2f1504f601"
            ]
        },
        {
            "path": "m/44'/0'/0'/0/2147483548",
            "xpriv": "xprvA3HG1Rk9d1gTK8tAC15DX5ZQMTgACFH5QeBVdD37MTuRYWRuhv6WSG8yeyjEYbxELJYqDnVyqbdsZ55i7Y4VgeYdDaLTeRF5RPkYxJpumHv",
            "xpub": "xpub6GGcQwH3TPEkXcxdJ2cDtDW8uVWebhzvms76RbSiuoSQRJm4FTQkz4TTWEME5K2RGgNfeJnfeRWnG8VA4n5fE1zW1ddBa5m916stP7BxZSy",
            "identifier": "08526f2f29d393761e59b99e17950573a1f49f57",
            "depth": 5,
            "child_number": 2147483548,
            "address": "21rLW32R51FJWixCoykHuwpHxTaT2KH3RvT",
            "bitcoin_address": "1m1AAvkcvy1zYJyngpyFcxXzRd1BLwpwH",
            "secret": "7d056c93326ed177e0f190542fdb67f6aea105a4d2276bff5480e7e8a3afb619",
            "public": "024709e21a7709eabac5f2e1452486689c0d154556830ec85a2b5c33574adcf825",
            "signatures": [
                "1dd05061c85e905a614716da2df7e00af9dd0359adabf1b4e3c575938212ef431c3d8042310176da40f8f60a607397568af7f207abb1afa8086d3614c7a860b501",
                "c9a31da674df3610a39ece0a0abf756a80b50214e43cc4c960cef1800cb6fbeb140b3a78857082823de9422d376237b12fe4280a23c000c9e147d15aec2aff4901",
                "d3266a420a6d93fca467a7ec27dcb0225b4049e5b5e8235b737b0aa5cd8aadef346e0af638a9e00fdc02a30d83b2d49c182ffc3dfbff4ac33fff6766a3a672ec00",
                "4a76b9ec17b547e7cfdd6d0ac9fe548f955520e3005be18f5fbe94c30feab3dd0bb518907772175df92fd28619a50f26872caa05625d4ae5a97efe1bc49adaf501",
                "0d34b96d9335a1fee114bf475c2cb7690cbc7b9b24180bb95574a30c65a7e5bb2d3d37b25e28e02640cf871b74e10b0340441d6dbada2c92d232bd8e2fdf177901",
                "0eda70322b92e8fdeaf61f6e7471172e226867d17661e22aa730e8de9928dc0271fdc343623886fab83174a9b7a9aec6e13d330fa52d6082cf2052b482ca483b00",
                "75c35fa2eec7ede43cbb13e3194d0014cbd930bc5b232462b0aea134997526f6738db588cbe26e90425cf31694b52aceee5be17d4640cf213a867bc0a2c3e48c00",
                "ce387338299c4db02dea57bedb905ab34c3c0a6a40dc788960e5a9b55ff0c3096805ff4971e8f28094e17b22ff2abe43b3d97f97fb42c4abef6bb35758f9ca1901",
                "1c738b6dd5d534fb605ae16516aa5e173db6c70a2028a8bb73318c5fabf868a718cfad2b00e2439ed2920151f69691552858121b25bb8a6ccca73c90c629c7d600",
                "a4da2445b4d9671e36e362124e27e7407c9643ff9b64f4363c9ed06afb008f7c39a823e0b45ce89c6c4b02fd741f5bec0b95cebf002c17f81c55fddf0c50c48a01"
            ]
        },
        {
            "path": "m/44'/0'/0'/0/2147483647",
            "xpriv": "xprvA3HG1Rk9d1gXfMqpW9Qim32CeSjQ494mo9Kk1LkKjTaEJA18KDnF2NWZkNYeHrHUPGhpbgMEya5VhiVFMW4DoQbrpeXadwcvKUrkAWSe8Uw",
            "xpub": "xpub6GGcQwH3TPEpsqvHcAwj8AxwCUZtTbndANFLoj9wHo7DAxLGrm6VaAq3be7CaU6CnTsvz6y7R3c3NmE43XRuiLXAN2S2Ma4ckjkKJPpdrhn",
            "identifier": "8a9bb157becf3f1ed64785d9f2636e9686a7af46",
            "depth": 5,
            "child_number": 2147483647,
            "address": "2EFurXRnberywz4Nt8DcSBVLiXr4U35tVgn",
            "bitcoin_address": "1DdtmCGDMhFeyqbgugamP9D58vE1kSQHJ4",
            "secret": "5911d6dd366407c533af91013e03d5115940b2f30b9455f2bce84733b4874a62",
            "public": "029efbacb3e9eef3411de18f2c238184128d9789b7f4dfd63f458ea7a3fee3546f",
            "signatures": [
                "a1ed7c759396a0e771c044b90d90321a4bdfcd2fd165c1c971ffb6b53ebb20ff56d0361b992d1e3920c91e86c0aed16bf9d0e9e8417cc38f687b3c27f3eed98c00",
                "46fbcd4fc661f1aaa48ed437e5d82328e78cf3bb5a35da30751f80f9496922534b17c3a1da25837fb39c6880f4a8072f0c94e6cb4cdca63884c36df72d3ede5701",
                "d6deeb403063239753ef1571d84c1509f1a2dc395cd25626b0f76c0e7ec8aa1a07435eaec91fe91382116b293939592c42d546d30fcd02b7261d55b985588aaf00",
                "2ec0a91ab5d1b85bff432f3d8a35308e8860f29cdd48306d1053a09e4f4d00467e0f578fc878a1e6056e4b1871b919ee6e1806df12a0b93eda867379283ae17600",
                "bda18ce37b6a766d78e83ed9bf92308c1a3ef8b71edce6e788c7c068fc7d5dfd48f6669b1a9577e660484aa11e72406757fb493e6ed7e9b76bfaf07d7b64054001",
                "4f51cffb686da7648f0210001911d037eee4313863bf92a048970bcc4c5d7d645add26d0f7b1dfbcef45967fecc4b1271c3bb984fae42f0e38a736b0e017c29c01",
                "b31dd7d3b87aed4987aabcf1c62d42e1d48c65201a7cb76b740204c0401b63de47b8ca9d6024e262b317a7f5746af29f15942ddc17b829237471eb731a07f1c600",
                "04d1f4d00420251339a35526b748f66b6f49263a6f0b2c39c43ec20a9d0de08714463f6616e2aca684eac5586aa7094082f3c5b5624c725a0a41f316c312ba8800",
                "5e5c9fa694896e062820239bb351d56e49b1fe365bcad7cde4cfdd5c8bb5bf9734f89b95350a1591c0b0ef346fd66ebbc7d1ebfa33a2ea032e30b7f038577dcb01",
                "f56b6b1ea2f2ad50aaccb10c08a268d9ed396c6da304234b485e91f7d29b6ed817284a4e56270a5cd57996f9d1add98f4a44783a07edf7184d0c1f8bcb6cd06b01"
            ]
        }
    ]
}