{
    "seed": "zvlj08VEYR+WAKhGKWSIzXvI4kYdyEkDerOUA6wpW/k6hdNy4aaLimJ8RmUzUCJVHwaZO0jxIB+5KkmEts2usw==",
    "base_path": "m/44'/0'/0'/0",
    "child_numbers": [
        0,
        1,
        2,
        3,
        4,
        100,
        1024,
        2147483548,
        2147483647
    ],
    "keys": [
        {
            "path": "m/44'/0'/0'/0/0",
            "xpriv": "xprvA36SKN3dXZZ56EF4htbFGb2AeDdGwo7f4rzqwGtqUjKbD3Y8Rs24eaViCeQ5KoME5dCKJmM53hm5Zee9Y1BWK8NDkxyhDUFnmoRkWeDoij9",
            "xpub": "xpub6G5nisaXMw7NJiKXov8FdixuCFTmMFqWS5vSjfJT34ra5qsGyQLKCNpC3vhMaBYDG39wR5zDnQYxQ6ozTv3FgZnBmnyMB5PSwncxzoVM3sJ",
            "identifier": "85c54b21bf861e041248d0dd1bb90820d98e4d1a",
            "depth": 5,
            "child_number": 0,
            "address": "yaSgtpLMYd5mzJqDk7UkGMTf6AcSmAWiza",
            "bitcoin_address": "1DCKDhtfmxq94WWkTQVbzyTBvu1HDNvLTj",
            "secret": "64be0f848111158a76926ffb2ff5bc567cd38f736cff5e9e9f38515c1b886583",
            "public": "030baa2ae103ef794c6a17fdbdd7c857e47a21da8603c84bde57564b4c70389235",
            "signatures": [
                "ae2e6861f69f3b20fbeda6803aed5f8477a3199574072b8217f77720ba8984777f0cdce63f5d850f6977390f8a565b2e2d5ec17207032a265e687c458d191d2e00",
                "46fe1471b269064c1a7179996f8c7027ae3f57e4cefa0bd7e1119c573ec7f3f9226dc51bb4b47ac7cfbb3f63c9c02db728987f368924d3986c2481428c1e3c4d01",
                "b907d1246631153ff98218f8ffcfdbe3f5f402a66aa76c2dabd519721a76f2f41d5f2d655320e97fcf1a41353f02d1797bcb9b3a32187d64eee09711354a347a01",
                "c9ca5dc9b86aa631d703ebf5992a68804dd8ba2a7b0c9c0306da0fd85c2452310a6e024a39021140c575c04c0353e217206e8808cf7b6b6f3467ab82444dd25201",
                "792012aa3c5f767c463645c3755f8260500a9612047a53600c00092d5059704901997c314d3a55f50e64c9fdb3715c1501b99be1887438c7e10314785233fdd401",
                "2212ef8f4a163edc76abc76bc7df30a125efcbf6d8d63046ed4d0a8b8fbf0b1f1b841a94faf6dce43151b67c1cf8105eb3548524f62738c6d5d04da0f0c80a0e00",
                "694a0f4f884fdfaac2673c3a7ec49dfa03ce53dfc997ddb1239e71a1e8d0e8042b80eb582fdb2f8f66746ba4f7014b8dc2bba2f1f164c8805c61615048c990bd00",
                "35d2b0ac99c0aafd0489f1ac1d5625757c33164e2e6422106608ff8c7b29ec6a39d889601bc1131fe886a161632bfe2098719bb25211ba95da277573a0bb7c6800",
                "46e28cd8943120fd064d72b19223bcf7c4e5147b874bba9d76e579682f4d21d50a5491306c1f8adfa7216ddebb84ab603b42f06c5279e82425c723b9794da91d00",
                "2d5a3ec04d2d0e29dde337e7be325ace2707757e337c7e4d290ad512f5a5eff8197a445679e691b0123aeedc9cf1139fd770e24dfa20c5b3d97d849b1990085301"
            ]
        },
        {
            "path": "m/44'/0'/0'/0/1",
            "xpriv": "xprvA36SKN3dXZZ578rQzf2AxU7ofvSMttLghRFuDu7vFC2s8Lma5n8iUyDTDffyoGdGL4wkQYWJdczQLfdwER5r9rKp8kuVy8sa9MvEMgexnQN",
            "xpub": "xpub6G5nisaXMw7NKcvt6gZBKc4YDxGrJM4Y4eBW2HXXoXZr196idKSy2mXw4y1rVJg8tn19QMCZq2itYuox8pUDtYUMxuyqgz8nkjX2spJ6srK",
            "identifier": "ab2f8aef674f93333689c7c6fed5b98c37f7d670",
            "depth": 5,
            "child_number": 1,
            "address": "h6zQwEN5Lc4qjWat5mt4f1T81fBM2W9L5d",
            "bitcoin_address": "1Gc9W8UEnbTUutr53teGRM7UmMGm2QdraJ",
            "secret": "a32a0b77820cbb5222ef74dff39d95dbb74eb40e4cd0bfc419b0fc17f1e3887d",
            "public": "03d3ac17e2629c0976575f76c7257609eb02b0f3b61639e73b125a2c930a77daa6",
            "signatures": [
                "8248e6dff8ceeb9424b58852991e1645a4d369b05e3df3266155a9217845c4944e4acea9efbcca76d6a902bbd9eb902f72dc892f0637a99218db5bde879c39ce01",
                "5d015559999621ab5b06e7cee281fdc36d4172518b0be09a971e4754e4ec08776810d1cb43f4f6933a1f75c332f6d0bb6c37bfd8702123ee7290d8a96d76a89200",
                "cc1dcfb5ab1442a6aa682f2c0c6a013f819403d78fbbaed8d97889565af7794f7592a35321dd8c5a79f7737fb46ca9eb74a029d6a3135ccda157c392051ba21e00",
                "06c496ed3435da2da30adc5b746c8a081adce7a8b9e34e0cc8a9feac5fbf9ec720cbbfa38dc85df107a1876791ba386e6299ef8cdeb208fc801d2ed15d99b12301",
                "8257ed264fdbe5d1c5707a01ab2adbd755e7f1b41f1312e4897147b4bf020c280253881d3586c981e5d0d16aeb3262fb1345e3cfffe2aae45b120499cff7f72200",
                "75bb1c6b007c652a19e621d4f91b46d14a92f71786ae02e11571cfaf310a7a376ce301685c0be5457297dd988fcccc692ce0d40966ea144f0999b25844ad3a2e00",
                "88a89e4904c48e3875c1c919fa6270db45130bddb5046f4de10644e764b849d81e367599487ea59acac9610e67bcc79fd3be602fb9445084bb1eac69148da21e00",
                "65d7e15c2a9bc9d975fea59dad15352049b020039ae9aeb90df41ee70e7f2d4a0c9038fccd55788efa2f235b1481d9768c25e97e2797baf6f0146dc3f1c5c8f101",
                "230895aff0622b60f2efe5d11fece62cc5dfae03b99dce4f0f5e811759afbc07523eccadaa3aa4b0cf7c162c4bf8a1a4896cf4b8332951dc76ef17abc3c0b32201",
                "ef66f4d53e8a5144c563e131075c25a04ccbb90fa3a2e00a2fa969469804d1e63f1fb0ab7ecf89749b4530b3e760df11393009bfaff34636460eada2c87e0f9300"
            ]
        },
        {
            "path": "m/44'/0'/0'/0/2",
            "xpriv": "xprvA36SKN3dXZZ5C6i1AUPTzJ1dQj89dAvAYXj5tDxHj2ypewHxvNajT7VRBmh5zDUDpmZ3Go1xkRQ8oeE8hKpQMCRiN6nVWPAyieWEZeHZrxP",
            "xpub": "xpub6G5nisaXMw7NQanUGVvUMRxMxkxe2de1ukeggcMuHNWoXjd7Tutyzuou34ca8XcQGbbpJdNQoaHgaM1MXWpTMdqdGewtoK4qqMZRay34qzN",
            "identifier": "c15e3e18be167abeaf058d05d306e8caddb0b5a0",
            "depth": 5,
            "child_number": 2,
            "address": "22Dy3CYVAVjsxrKfaSRiLdYF1YcfPEzUsWw",
            "bitcoin_address": "1JdSK7U3CvrEG6qykx8GtezqKGtfNBeu6g",
            "secret": "a23a41f2307d18e9f26ddca64857929b27c3a3aa656d593ddf55980c63bca48a",
            "public": "039b5ba2c172368c94ec9ccaa95d6ef21ba58fa634ca166eb025da0a80cc2b7049",
            "signatures": [
                "11b7870815c2d923afdbe0bc188892dae43245c14167c29c27204ebe2bf41e2a70c0b33137b9eb31ae5b225377c2c0e447ed171600b5b7e22e44f8b544ae2b6600",
                "4ce06ef06c9bc2c504f19fa7fa9ee412a033b5c17e6ecb8bd63511cfd5abffee09a11950deb1fc9116a78d8b6a4ef8d23a066a3e853d2f420f6a52fbfced871200",
                "723d9e20fe6269abc8a4efbe83851cff7d4d8ad25e9dc6f54692e28b46c961451b8e071dce1e25090119e69098a82e61160c36a0044ff9bb7848d296e6a45c0500",
                "9369245343725ef3f372e6fe6bfcb14cf980fa658da57fde467dc18f8b5da2753e611642d6523e31d810bc9deedebd7e23c276b866c5cbdb0a8f212f216c3ce600",
                "7a315c1620b878e488dba804ae50fe69c3d9b91825b05080ae89080715fd70976d4644f73629392a1c9378b08a2b9898f845255777783d3a097b7aeaecba2c1f01",
                "6d64a01666c4ece9fdd20154ce033dfbea84ce0bd311812dcf27adceb2044b5c77cc0dbf8ec72bb3e1662b59cf40ae7070faf38139bed246e34c3423883b915400",
                "35dc0231b6337fb3e5f450bfbe82799fda44fde1714c20236d34a814d8f0388a13bc101bd53491ad6e2bd41ff3a39e0c4aaca5f8cc8685056c99b72fe3a11b9b01",
                "f5be29fb9d8dbc29767127c5ef71e3a59b0c05c84c5f5392dabff9430377588018f63d772573ce5342e47bd5b5096ddcde103c4c1023ceb314b06072ad25354a00",
                "f289f20ef5d6ec0e9acc2f58db78477cd9649338d0389f9374303bf75f628adb202cea2dab29c8475035c5bae2416b89e71400e1b63b83974179f6420e6a05d700",
                "dd9b1f1b11c6a29b04d24aa9f68bf9b25cf21d04d48ff3a785d71a73b84676262d351c84d7e70700c3c876b66a157980f73da3feeaa725b94b144928d2d3b66701"
            ]
        },
        {
            "path": "m/44'/0'/0'/0/3",
            "xpriv": "xprvA36SKN3dXZZ5CaFsiNyiNZDAWHCD1XijgYyPUYcSU38Wk9HFk6oTdehVaDszELGt2u9ZxFd4cLekHCgY2Kb61YMfZVdQKVBPMzSAABB4zn9",
            "xpub": "xpub6G5nisaXMw7NR4LLpQWijh9u4K2hQzSb3mtzGw242NfVcwcQHe7iBT1yRWqETv3m38oQxkRvUCyybo8EfSkm69vNkYg1QRdUHKuQ6w7LyfV",
            "identifier": "b5f64d9e2075154ed2f7cbdc976e69eccc3a6e3a",
            "depth": 5,
            "child_number": 3,
            "address": "2E2QQPR5ZmFaKFZP8rvibJmquRPBwTwxQFd",
            "bitcoin_address": "1Hb8NAhdHwSiLhoUb5TVUYnUwUSQnCF7G3",
            "secret": "6202419dccbad7368b29e0862c5f1d7d18820cc7ba9262dd949fdddd061f7e69",
            "public": "035f22cb7b8dae0ea3419f66df05aab375c42cace1ca3e785f5b305f07400243f8",
            "signatures": [
                "ed750c25e28f4caad0ece22f6b48163df00834894756bd1498191591aafab8cf513e9cfc06c85b81353d74a2ee00d7f18a5ac0e13fb9240dcafcc1ecbf07e61501",
                "1baa492d0d2929c32843e4eb1a396e3f3d21957b7d8f3952420d6ab4d73f466165fc1fd41247c73952e21c62596ae519fc5a4e8bc183ee08103f5c7d76bb4ca600",
                "1bcda28e0164653841fba9ba72f3516866976390ae5fbb3c41a31e1e5d52f8693912c7537d68f2f09333698c3440e727a0da1ba80757a0f1f0b764523bcef21e01",
                "08f7278074917c906e61880b5d50f186d1bc5f80984a39531d0d37c002d858176e1ecac7cefcc72da4ea634a97e64898437a905eaac1f0f82871cf02711be4aa00",
                "0b77d2cae7669ea1c1b9012bfbae2665a8fdd0cafc5cb181b5e1a51895a9ebb31f73d994049da7779368cfff21a25d69745dab98ad2c3a751df872b298dc48fa00",
                "d4a1b80939238fb1219fb18a467e835eb1a8bce03b86c593e6ee9c0ccbdbad5c3f4ee89b3fb4174d6e8031811529017490e96d663d79eb5c584d697bfe21e79400",
                "3c241111843434352beabedb4b22e812a160ac8db6f7a6dfa5e930692f51bd0f2f3f12fd65b34c41658b82f0e9496abbb7f80b34249ab8931f329632e44daab601",
                "cacbd9c16a8f8e6af585e24619ac6bb938030202649be3f99268bbdecb40ed845f894168bbcae6ed3910eacb962339b90ebe60ec4718e7ee9e225b66aae19a7401",
                "1c130ab8a0b088c8fd336eadcf584b21289c9272557e9efbdc536d62d587d4e441e7d641ec99cab855a93e72c0dc2059e00409319bcd6df568ce582eda4ec36201",
                "925221e4938f4f73b3d846d6edfb1240f43f8d32ef7b98557d3764fc9b44b1134b0c6ca11ceb6d1331410a7f060db77a929b248ebe88ecda25e96fb6526b6b4c01"
            ]
        },
        {
            "path": "m/44'/0'/0'/0/4",
            "xpriv": "xprvA36SKN3dXZZ5H4FpV613xXfDowioVdS2dbQs7zes4ytEQhMLLuH2jubuvFctv8H8j3qtJjn57w6rAnNNLzvjRJ13meTASbxYG56WHYYa6ZM",
            "xpub": "xpub6G5nisaXMw7NVYLHb7Y4KfbxMyZHu69szpLTvP4UdKRDHVgUtSbHHhvPmWrRhNhHXhBMEH6gySXJvMTQCED9c2dNkXt59CavT1BmS3sryFa",
            "identifier": "965e64ad95508fc97170841c20133c253a29ef07",
            "depth": 5,
            "child_number": 4,
            "address": "24zfb5vcRf4aDzZtDNHsLx8MRhmn4YJUEhW",
            "bitcoin_address": "1Ei5SLPEp9zRY4fNJLV8BtKGvYM7FyYtR7",
            "secret": "22d2a270b93942de0ccc9a6ec1e972bff0eff3c4830831b837d34b2601a47a0b",
            "public": "023d8910e592648d7a7dee8cd9ad381e743cdc093d8473ebc31e3255291916b436",
            "signatures": [
                "c80d23f351db74e8c7fa33626ac4567ef43c221c3f1bf8a4f0d7fcd28cdf74c71fbd2c38c0ed28020086747499b990ba3658e38a7fd09a02c8b00e4df250468d01",
                "129f77de0dbbbe810d2aaa90108aeccd2c3e3b3a5276c50c3f21e5b054b535432184dab8c3682f97750d5bb762009286aa0a5fa6c19eaed9a4e84c8c7abbb66301",
                "2647d4cf223ff1bc72cef3f27be461994b32ed420abee5aba3987b1aae410f9b651af066942b90e1f0b86f642c0238e55e71c8979f93a83e1e127c9eecd96ba500",
                "bf6a3284ead814c794a03328804810e9ce8c72cda89e4a4baef8704e16ec4ea170fa208d33994e44eb6b99447ce672511c5660bdec1144b5829188f2977d67c600",
                "1ab557cfd027657d051df6e9c5d6bce61222d324ac34e157161392b5d33641f61ff0a3c95b317497f006fe1b21401247e7094ec707d86e3ffea913b45ea3067001",
                "743a6453f9579df49389010757aa56c3d5820d2a2d82797e895bfd6b7756754775e76b960d08f321132d38eca7e89fc2e204c05201f9a5ceca6126e3b958054101",
                "05e1751299791cb02b3e66d3965d421cb26e7f362e8522fe87ef819864d2a33700603e8cbb0381ca4272c244bea2666784e65c2dfad3123fd3a7c6b8ef83b24601",
                "935cc99ae62db2082ff0e021fad8685e5a9fb2931c94cb561d514e802a715815294a5397ba76a9b6e98c6e54cdfbf6818d704b403fac528c0e6d0d565ea64f0101",
                "5ffe54b7f15698a74d536a2f21cec631a099c8a684668020752138faa772864569da6ced47dcbe013f433515ccdcdc4ab987d44ad7c571a77ef3d7ac9b459c1e00",
                "2bf865e15f9ac8bcdc4e8f37b2b779b8d67d111c785ea5298765652e4268f9b75360d920f017be24fb7d0800bfbb3e71f0fbfdf0ea0690e4a6188822108ac32f01"
            ]
        },
        {
            "path": "m/44'/0'/0'/0/100",
            "xpriv": "xprvA36SKN3dXZZ9VnpyRWE5ocWkjB3TpfiRyjNi4miJ6yMDM1KuvfsVy9dy3tGVLbdyhx3t2e8bhLcNokmFQeayXwxDSfofC5eXsdNAtkfutRb",
            "xpub": "xpub6G5nisaXMw7SiGuSXXm6AkTVHCsxE8SHLxJJsA7ufJtCDof4UDBkWwxSu9i6xaygxpsA3oT4imP1UwcYq36NYs768cnGRUffse4nqVMiAJF",
            "identifier": "81e9f0c69091b26bdab7e9cc3597218c5c65795e",
            "depth": 5,
            "child_number": 100,
            "address": "2FJPZTBduyndudos8RVPcNUP7NeEN19TNSG",
            "bitcoin_address": "1CqvRDi3nBQKJjH7m5vZRmZ8TzfEk7214p",
            "secret": "e872043093d649db24be5adb03ee798ca7c8a4529adda857556546978263dde9",
            "public": "031e984f536d4acf675514b6a7d113e48d023fdc8e6903002fea2de0258492fcdf",
            "signatures": [
                "7888edd4201c7e50d516bf9ad0a2484dc36e0745c2992c679a76683579ddbb8e021761033b2a02eaee4a0e2e0cfa40e3a6e5b5ac183c42ceb341990d4aeae80f01",
                "16c86a72d19b8b4ae86327ece22dbc8e8781c144df15cf8ee68e6fdfab8d2b5e68318d8bfa4da79feff828109d2bdd93e9f68a1f1a0200009ce1491d067ccd6400",
                "87aa955c19d104d94361eb544ca1d19d5e8b4ccb9a5e6d7bebe57e49d38d5ac11d83eacfaa1a8df800899048f323517135d7859fb61c64c7157cf4d4f1f4432b00",
                "702fc5f299af68132ba5ba150061bda5c3bb7f97d1f6332c608fa243eb0d49507a6b363f17de706809e0e9b501ad06cf2f1150a315a36d2f702ae50335c0e1c300",
                "5968377134bfe1a3cdd837c02ab430523287f47e295537beb1127da98277baef437ba19933294e2430fd58e4b42bd22e04c3d2a77f0e16707cafa5ffc6e47d4a00",
                "d1fcbb01bbe266c647ec1e3f91f66983cba70c5c1d497ad721e546dfa8b7ede00ea92a7043069a5fcc8fbb14ba96b1474ea6659260f6c7c9d8657bbf0f7fef8d00",
                "b02e170a4196c55ae521187b7a23e24a232585186aa2eaeae39bcad42958aa882ad4caa701aecf89f91911ff1a14d1327cb1e0ea11aa9271b07b48e41ef47f0300",
                "6b600587a4f1356e66938678d9fbde994c10f36a92a1c2ed1b1a4ef22d24b99a62bddaa80667cc4a0149b0992b564fe43ab6524df6937c10334ce39ffab33e7001",
                "2bb000bf5071d1dc374b56fb4672b5629181ac86a80707151094815b56a992313181c8482738a324b2a1d900f834e763527c4638df11aafe6f84b73c15fa385d00",
                "17688109a3dcdc2ba72ffd2c25cf609d08650762152d569679ad333c0ad802901055cb23786a02726179bcdc704ccaa42e0e00b859b31fc6675bef60968123aa01"
            ]
        },
        {
            "path": "m/44'/0'/0'/0/1024",
            "xpriv": "xprvA36SKN3dXZZr5rrGqcxAKegKFiySa7sQYEk1ZYRAxbLih1w5csoYNwh3nrcagiFV4FBxP75XFnaobw3mw7eDY8heGHakpwbxXqKqfZ9bWnm",
            "xpub": "xpub6G5nisaXMw89JLvjweVAgnd3okovyabFuTfcMvpnWvshZpGEAR7nvk1Xe7avFSWWSc5KdLsPPcayEJV5NMSVn6RfTBtCai86M3HxyFmqrup",
            "identifier": "a5be07cbed614ed137e1ab3f79f4e1e395453534",
            "depth": 5,
            "child_number": 1024,
            "address": "2fvLV4QM1gsRWHG8LsDGTye3hWbv6eYWPH",
            "bitcoin_address": "1G7N9CaExgLC1E3Yr6y99qrnheLE4vF8HZ",
            "secret": "af05a28f240b790d0a2e0b3fd3a864d1a91e6a854a8bf671debc53dda8546419",
            "public": "02a73c78801e3056b83a5a75e7d13bcd49d5ed4c1952e4b010010f03912578462f",
            "signatures": [
                "68b881e663c25e80e26e8c30e349a28a4eb1f15b9ab45055bb72a6cdbbf6929c7c9f80bdc44def0810979b9eff6dddf2bdc40399d3e729f2530245a59b97a56c00",
                "b820055de945b3aa08098f483fd8882813226cc49504db2586d153e3dc2c46f21c42aca0389351db531220ccb3e741efcc03031c272b24857aa093bd35223e2c01",
                "1df1a4a74896bfa01c0f91cf8da52ca0d634d8516e7128013bb2cf71d7aab484080d5c50b7d12a4674e5ddaa9372064ebc303f46c2b3f6ebc42ea09889aaf89900",
                "e9f26497605e201b13e616aa7577f70b5c3da3410656ac9496526810003d273941ab74b11e57f3b19c48149ec4046493c0fa2cc2de178fa78bb85f93c395b9bc01",
                "51346b2aab4108b41f3edfc3e10137b5fbd4ab8b308576e77ceacedc876af09c19413ebc53c9a71cb0d71755bc776b7e9d33c53d6ae4537a5b9016dcbc747ed000",
                "bb6123caa1ea40cc29f956f2387eeac14e18b97fb06f2b665d4bc82716ab56625e1b97e0dd2ae4c83e092f1abdbcbe5ad30ae9d693a1a8f3296e2e17048963e800",
                "f5d2869eb7aab39715a1f83f8b807505bb0ef552423e96c4318ba9cb9e4cf3112dd4adf40e51eb3dad5b5f2a9afbe35dfa3779442a37971e646b351b4bf3ff4300",
                "cc1b72f6aebb57ca0ced63d36c477cb5fa6ec49b7f8d66fc42f6752d0b53e47a1ccd1a608d0b93ffaae16fa45ab7e11550bd5d48af5b1bd3955360e77f2fb3de00",
                "2f951940c8b831b75faea9974ff8ffe6881528fc138ec823939483cecb0a12943f36b690bb04ae142d332ec06787da03943a9f6bf34d693e2e27090bdfdd2e8701",
                "395eca1f2c4ad09f52b10c2b2021a28cfd0d28379c5fb06907796666cbefa0ed133b368fad09823fc4f57612e967856a63138fa8d504097f28e8b63c58a576b300"
            ]
        },
        {
            "path": "m/44'/0'/0'/0/2147483548",
            "xpriv": "xprvA36SKN3msE5xsSYdt83qJv8MBVktQqEff9oZ9JHbDxyhxUtStX9Rw3rppmQHo8xatgkr5aobDXa45LkBdAJmSgQb7DADpCeEqqLkxr9X2om",
            "xpub": "xpub6G5nisafhbeG5vd6z9aqg455jXbNpHxX2Nj9wghCnJWgqHDbS4TgUrBJg5Xu3WRsVL5w24jokNb8RpCRabhcyUVJ91WsWrcHyKsgbGButva",
            "identifier": "ddecc92d14294885d3b62a5b83006b71da75fa91",
            "depth": 5,
            "child_number": 2147483548,
            "address": "kc2jKoqPfrsDG5sdJ38VtxiEXrzQxGnFZs",
            "bitcoin_address": "1MERzZgGRLfTSibQZrvzzw4WeGeQ7bRvzQ",
            "secret": "1ecca2ba397754b6e0ebe8ec48b46f55ea63b33ffe2a9fce2e60f36870f2eb8c",
            "public": "03b726c46139741c19757c9447da0465976c9dd98dc3a4137a0ab209868ebd9cf2",
            "signatures": [
                "e93e3d8cfcda69a92b15f6d47b66af2518c3f15e21035371736dc140dc724b723d2aa447ff8b10f02dcc701d8a999945786420bca244fc506e9db6df5fd5575401",
                "fb09024f53658c78218225e2232e67ed930edbc40aa275358f330fd9dec2342967e882f386eccffa52016d34c9dadec040632243385af5e0dff3d3b3cc7c6bd201",
                "5e94f85e9f7add65978ed662750931e1a5460f5efd493ab337c5b143dbc06df805c852f4e4e968bf9e7e408c2dd650acea89ae0a8259c07ba8ddf6653ec9296b01",
                "15338fa498d968b26a7954fd31494edee46d556c0715da39a729f434aa9068e01d13eba4a7244b6d3cdca0cd9c00428efc15c20c14f661f437987dd764bae25c00",
                "7d85634d72135f52572eb94d48cdb3ae8fd069390e8a823e462314abcc545e68211dab9e2c67d02dd9ac16fb70d9b0d0fe421c2a4b7951691cc4c7620a2e192100",
                "ed4f5ea73f06b7f690f74a6b65cd3205559754ba10db89935bfde2245904c66046d14174518f692390be5c0c299da933f606e26f6d6c86d2665b014e3d21401f00",
                "eea1e2320e7524009595f17837944dbe51e8ee4bf88b13e5237d97e82baff108774c66d5048bca55fa7cec9cda732722207eaf87ced7d520be4afeaca1aa4e4701",
                "f866fbfc1d88f039d804773304e7063b7c6ba8ba2146924f2f9f2d25f65f9b4f595777296b626ac833b9b7237861644921d4bad67aa77047b3d077de3dd379da01",
                "469d6f529d4c5db3ff45f7e4270aa888551f5816c33ec8279058b2de6dc49c9b39f1d1ac80edba63eb0f519f808f06536414c727a6a87da8acdbcfbe072d8ce001",
                "efcba60fcd06fa5e2df9f18426af7a4068fc1eff10217a528fa678031510404a6703ef80e805df7af869b227739d80af81c6b7ecd72461fded4244cc30f3fa0c00"
            ]
        },
        {
            "path": "m/44'/0'/0'/0/2147483647",
            "xpriv": "xprvA36SKN3msE63EF5qh23NaBa3YF3vQNHzKNxs1S7UMpKCBY5d8XoP3KbFoffT8wR4kuVHVH7BMrP4UWLbhwxyG8a1yEFVyVkMxBtNj2ArRJ9",
            "xpub": "xpub6G5nisafhbeLSjAJo3aNwKWn6GtQoq1qgbtTopX5v9rB4LQmg57db7ujexCBDeAqfbimVaxCf7b67Dw1CwYMPKjFJ5G9YQSZXBGbJ4F7xqN",
            "identifier": "0cd5648a22ebdb0b19bc6a582af6c3785ae77f2b",
            "depth": 5,
            "child_number": 2147483647,
            "address": "oMwM8oqPV9iQMXVcJKSg4ERS1AXbDmgW9u",
            "bitcoin_address": "12Ark6AJEihnbWJNCgGXCei5fYHZMakkh9",
            "secret": "10a5ebc558c11f26cf354497156ce7221b2dce61f041c7dfe2ab2dfb14b81c2d",
            "public": "02d6198f51baa8f580c5ab1f692cc5eab2e78e78b06152dd38caebae1af6db5c48",
            "signatures": [
                "7d3021706c7f03484ef7d2ebb64f72b886bcbd2ffad01db8e88ec68f20a1484b2c78ced7b1c559e3ec21ad75532deffeaa5a7e27079fd418747da64f8814d1cf00",
                "1a11a97a537fae4c6e41fe3fcb3651d1f0d60d36d61d7f03185eddc433c00f3c3777445c6ee415e5df81bf59e014614f88a5ca6753a0b3928fe1c4c786ca11d900",
                "0cd4eae51114c1503473e41e448bd5f7439115ba8cd07007db0c67e7eb07445343748f7354abb6cb95f1559ee2e90a0d55fee9b59bc737810d9b261e4ba0b9c900",
                "4d75498343b976923b35ad7f4a3a24471c84c134b78a5f65f974421dc4aca3694ca097d5e4381c57c6e918a80a9147c5615c929d0741133fe4c8d0d528f2789001",
                "8d3e6e24f4663dd754e4cfd40b99c6ed703acaec5812a7fbc39a4c12f56d657539d65dab36176a058acae3e767f02f221229d9a230f8a62a83e7df004df323bf00",
                "e00bc1d700b80c41770b692644cda8eda56fad2fe9a11af08a1b6f58c58ce9fc3d491e754f76bfbd5b315c3f034b8ab0621eb0322e700c9b3497137e14e4c51600",
                "664602c3c2176eaa1b216c7b2f79a7340d5439f0f79cadea686b1859d16b85d13ec3be26c8383e18ea8fff39a1dbf71ea98b89bd9efbcd2dcc20a70ff762643701",
                "b4ecd6481452d09e08c9f86b7a447114dcbd54be4f20156d6cdf6fa7f5dcf29c010d8b27ff22225bdf89151eb43ea62db46aa79a2fb6a39acad05af1435805b701",
                "ed215fa63e85c11625cd25a980813b13787872ce938b9317a0026a903a5651cf61f181abba4639abf3cf09442b43e25549833fb1cc53e36ff9bcac01bc40f80801",
                "484338e0ecd1aa2bd83c0b104993617bc22eca40375330a64d513b5d07f4b97c2b827bcf5f0c97c2cbdc505ad242a50d84129df358b32f0c260e6abd8b5adbd501"
            ]
        }
    ]
}