{
    "seed": "nHWmElaBKmYqH+jR4NdOBArvxqs87xM58UsUcEDbBBw=",
    "base_path": "m/44'/0'/0'/0",
    "child_numbers": [
        0,
        1,
        2,
        3,
        4,
        100,
        1024,
        2147483548,
        2147483647
    ],
    "keys": [
        {
            "path": "m/44'/0'/0'/0/0",
            "xpriv": "xprvA2pXopDD7PUbN3BHKXP5fSTB6A86JAT1m42CTrUbEsRDLQnMnFLdMinM1MPg6ppV2vcHPm9vbQytujqCD5upLyKvqFu5nQf5fbKJL1v7yNi",
            "xpub": "xpub6FotDKk6wm2taXFkRYv62aPueBxahdAs8GwoGEtCoCxCDD7WKnesuX6preNGY1FvTCPiBagHSJQYXobVvDviVc75nMZguD2w7rgHbh45prZ",
            "identifier": "fab50406299adc01bf4c7213a928db4feefb8780",
            "depth": 5,
            "child_number": 0,
            "address": "TqdqsoxpBcMdeh1AZmHZAiF9cE58kDKbgv",
            "bitcoin_address": "1Prcn9iToif1KegfM1a3NT81CNjr1chADu",
            "secret": "93c5de921924b273c1c8bb2a852c85a0ab4b4e2c5a8d50173133e63fe1d9235a",
            "public": "0393f621e6b4a650d6c506e2453839a5479220750c82b694b79388d1719bddcd43",
            "signatures": [
                "2d286b10c27c2680b835b8426d994cca0f1a39385c0742eb6666b4daf1318ef67992de4ca699c7d0ddb9849d30082b479a60fbd09c1056fbe863ea0eecf03fc000",
                "ae3aac7e46ec47053d9b0e57081e4a3ec216e48eb9507a59088532ccab2ead8d046312e031d3805c995b8e1d57c4ee9f5548a5ede1a73e738d3ad6b3c16c8c5700",
                "19b1507a7561d2e21372f60db56e44725fc908dc8f0f9f681a927d68fbf8f8ff113916b05891b328c04e9ededd6345c52faaa37f766e6e9bc4c07daa25da573a00",
                "ba679afd2fd61833d19d2dcc12cf3c5684288ad86a8c05899e774d4ba84f055a7982867106a99b28d77846af3c81e8f5f9459024dd0b9001cf3684b40eebf3df01",
                "349ec6a71395c1763ff4bf5379d78b32af681672f3d8cb28d7a5fb69c0472e181dccd90ef8d80e2c090ffd82b1319dffea3af7c8ed71f738813e00b2e69dd6a701",
                "d8b8d0cadc3f724c209db34d3ad48cfb4e8e9a506e8a16c69a91782440237f594891bc7635911d7f9b64338bcb87d8968c26c7d07d9bf6b71d84b3d0e72e719001",
                "8b281b8ab4e0d9814f4af77c8e4a683ee9b4469977219160c7d8d6ead1d528ed728b177ba72331f7be191d12659b2256dca6871862a2fce1f456353b54e5726b01",
                "56910275de01632dccdc8f7fcd511a035b93a0ea40ee3c960a6aa02e3e50122a0e24b4fb112a2d9cf53ebaf967c9649ace51d5b8588ce05f815034a0d4f7100d00",
                "17e98213da8a2ca177634e20b9551e4b2cd831d62cc0001613cc6e5b3168ae092d6085e441147008935dfc743764d8315b79a50653d4a6871eb60a94a93d3c6c01",
                "b6e176dfe29dd5b046b53a5bda8db08ae79d2b7d155c77f144dbdfa81cb9907d10453473249406e4067ed23a1ecf787e5a93a89260dc8f28a2e2559fdd5cc98101"
            ]
        },
        {
            "path": "m/44'/0'/0'/0/1",
            "xpriv": "xprvA2pXopDD7PUbQpsbg9eNjtEnsHWsCqcuJG1YvenDPHToFoE3tVTH9VmmiRNutw1cWqKdTadhz7rpYRiUBkZTC8Moq71L97k9xPS9QYUr3ad",
            "xpub": "xpub6FotDKk6wm2tdJx4nBBP72BXRKMMcJLkfUw9j3Bpwczn8bZCS2mXhJ6FZhXECd3Y5GNeZZc4RX6BTw923jV8dPVS5FNELFwTRBixw4HtU6u",
            "identifier": "a96bc332ca5d782f2fffc07c0f027b898eac57b2",
            "depth": 5,
            "child_number": 1,
            "address": "5AM94DUGV5EdCD9DZSZdjDKbb3qntYJJnn",
            "bitcoin_address": "1GSpHtYVMt9Z37t5magUMFmj9JC2PxK9tr",
            "secret": "9b2a1fa82b9777c37c94e6fdd45d4ff0867074becce18fcc0ce8462d357c5126",
            "public": "032dbb551459b62da261a484811c463bb7e91d1cf40460e3dac74df282d44c4b0a",
            "signatures": [
                "ed1e043460c8e02d010717ff6f37609f53718459bb9949669d07ca849270c55e1bf3471a9b03b9137cdf71f7306f2f1b7a43a98915cb8a694a88d38e5a7d114101",
                "e0564265d563770bc70f89c83e8d69588c9d7add30ed8735563af4e866999fd47f50560e59f889f4895b7de788da08c42b787480e78c0e1a00dcaa53006185cf01",
                "12c489523fd28ceb4f8a95834002c8ee6b0034ea79bd5fb6704eec42385de9e13b0f4de671cc587a2aee534ef61ef251599df4eb7f8c9130b8f1e8093b71fe5f01",
                "7f7d78519769a9aeb506062f08af3e82b051a1969b4d68ce4d2033b3ccfcf75a6e146f650e62172720ebc0896a8bbb00c01075993da5b48f456956e5cd815b1300",
                "7965a268ae9f6e1ba388488511cd7e984b661a70777c0bf6c7456b41167a24a00d9c44b1995cd4d9a9f405e79ef6e9b72d68c1639efb9197fa9ea09ee56b586701",
                "562944d11309059dfa6613344484331550747f1b09c2df15aec2723b575f5af91a280eab71be9efbcd4f5c968d6de4debaf36f2e4982cb1b0646ba12f023e51400",
                "893c520478f042a957ad5c099c99ed8f28b4139603d3d48caeb569def8f641f53b14dce5424bed587cdb5183590477edf16b72b5d7f573031f3839f30472b7c301",
                "26bd42cafff01e71a03f986c3908399266b67641ad2ed451b18cc9bc69b0432d73ba9265c415fbde8f925ee913002c0695cfd041001e26923fa677a1d5ba856700",
                "83408f4bb423c82effea6e848aad1dc4b72037f05fdc32717f84e5cbcc6d139e48f46b63709ad64d4b5d90be88f3a7680da6b3438a078e5decd132431279d69001",
                "cf2416d725b4d03b9481028784e539a57fb2316fa1a8ddc938f2717b524f7ea77264ac7f1adcf3eee8de5c5918079593e615c38a61d40fe6de89a44d798616ca01"
            ]
        },
        {
            "path": "m/44'/0'/0'/0/2",
            "xpriv": "xprvA2pXopDD7PUbSHkEDXaq1PVJMyaYidocMWTqsLCvxFsZq6UG86RiR49V9kJm6fyAHDBBV8gmE1qH1ZUwGKjf7oQzhr7A94iZfKx6ZKZPFDg",
            "xpub": "xpub6FotDKk6wm2temphKZ7qNXS2v1R386XTijPSficYWbQYhtoQfdjxxrTy12AXGPi9NHMtxoQDfkpWSbBcTZJ2NVg7YYzrXiQZACaax6LLgFy",
            "identifier": "ca5a5e74565b2cc11e5910b60947642aaffab324",
            "depth": 5,
            "child_number": 2,
            "address": "2iWWUMZtEqXMhd8hwEVL1thqUMwJZnTtUPa",
            "bitcoin_address": "1KSwkhL9miH97Qg2gh98j2kt3h1W7DRbzF",
            "secret": "84d6bd376b119b4c487f2c534239c28d2bb2bc0f0a703c46cad2f1d0a5ed8e0b",
            "public": "02f1d165488990533211bf90a0ceea782559c555012f947524ef1f8aa76e3de4c7",
            "signatures": [
                "ec7517c6986865267288498a75e25e0d928d51792563458222daa35106aa4a8212eb7d84e9030773b2be265ff2c60f45bf3cc5aafa5c5b17ef0adbe6da4da86700",
                "a6dbb94ed5a611f6354a6ce8305ed8b2483eb7d7c383d55098003d30632a58f1281a655bf3586ab85a6a81b71e21bab06208d448e095ff471f50dd3da2c2757601",
                "cef2819bcb5114baa09e878876e7e78299e845aba1db7b48fd62945ca1813fc8064b733e3dac9af20ddffb10ebb4278ba62fcaaf7238ff1bb58266a5a0f5402d01",
                "3b204db561b8babe97bd5558ca922e25269fab7dcc20ed030d0e3e9e3aed7bac71ceb1deb9360788e4e7450b1969734d601eaa7f1eb95c98562137eee7d2bc7800",
                "88dc45af941a7d2a95728df4ad19f4c3ebe336462cf89cce88c0dfdd90794e63415d50d87525a6a1c37a178be4bd980c0e0016f8830dd20cd063e152d1e71f9200",
                "a6e1769716670f9ca1068ad886d29fd4b0a4beed5df59a0a196a68adfabfeef56d36e358ad16eef91f4c0e42a9846d1e7defc4b90fb9394ad00a3463a0945a9e01",
                "7faa0b00d510581a7f033cbe67df4bc35d5ab84b7a889cd8d6d05af040050dc34faa313795693f6f1e5b9cdb467c2265f73166c725ddd99ca7e238001fb07f0e01",
                "6cb7e096f3becfbfe0ae5b7bd8819ea44b6b3eab1b58fd2e061f8154a176ead12734b5ba6db0e0890b1b4e33cf01846ee2afbf7512ffe45c2f8da7d1f3b3637801",
                "d319990859e3bbc428025d1945522105bc4c7eb00df15f5037daf68b91e935115f33445c0e13cd1d78ca9a2f96e21f5dd8a2d544049ed666c5bea442506cf8d701",
                "3b01502e91da42e53eab14a356162b0b765e7c7cc10b2a41d5c8dfb44075e192478757306af98e1e1a44c2e110eb21e59838a0a875eec402e3fe9f09395fbd9501"
            ]
        },
        {
            "path": "m/44'/0'/0'/0/3",
            "xpriv": "xprvA2pXopDD7PUbUPzRVG3vjkWs7bdzwT5JvVi3khGh9R63tEsgBGMbsoyDQwkhtajWadgx5Jw85LjKHLAfPZLTKwQdtDXpvB2oYteJEmcNQhw",
            "xpub": "xpub6FotDKk6wm2tgt4tbHaw6tTbfdUVLuoAHideZ5gJhkd2m3CpiofrRcHhGDB9GghQufCCRozLHnKjHno27JBCV3WMTivzmnBBTBMCdWURgsK",
            "identifier": "91fe12a6ad44fde230e26eb5cf25b1a735db9b7c",
            "depth": 5,
            "child_number": 3,
            "address": "wcXaUmVijU2NweTprXDWw4xW4Ypy3SFYT7",
            "bitcoin_address": "1EJwM7CfBeDPHMj8UaScQVRW13EwjatSsZ",
            "secret": "e33ceb092795e1ca4fbdca896343e73897b108ffacd642711b760bf0cc7d0ebf",
            "public": "0316b74ff54c8a99a0268cc3a20c71984159bf87226a67928e481abe46ea968881",
            "signatures": [
                "74e6d91632c0349608c06650a36974aca4568aad1284ba8e2697d38c9fe3b62a081f8eaced03b176412613510c34ac66575a14450e49eee41c95685c2244de9e01",
                "85614aa67b1b27015c0b7bf3f50820ef13e0693efd2cf05c2a8eaaa28e96a69a4597c782cb411b0dcf667be341904bc46dbeb79b9f4234a4cb671aaf4569319b00",
                "3fa82976c181200de4fd683c0a5de3d7435ac8311d26b92b159870b794b6366e33fb95037365a6b26e3773e469d8c3a42cb717d7a960c823a463a71aeb38c50201",
                "0a2797595672349391b664cccb425f9665f09b6cf5079d285112cc006677d2874e3d074e708a5cac9bed2d782176802574290094f847b6b826c6de7f09ee003401",
                "dda3337ae37a4b998b0a40e2c71f6580a887935c7c50e0f9c0ff7aa28eb3d32679d053683539661e342db42287b715f7942f95fc9233ebd165357513e6da5ffc00",
                "ab463cea2e4e6cc1e07ca745d219babdfaaf22feba5560c15606dc9bb1c27720599ac64af0ac37f854b1c16f932cd283f0accbdb595b363c0e7913018ed23aee01",
                "babfcc56a0bbef4495a3ce00fd09c707098067cc64ef09e27f0e9f911dd5ab835aae4523687682c186ca8315cf5f37645f44da82f3ad2d495002e7a1fb10814d00",
                "c17f4a9d1ec093a01ce84d7aff063cd9f5a7aa4c8be5a776038f22e073e4d57d4d5607a97772e21d6a6756a99e5d1b85fcb351f71fec66e5dc047f579c233cba00",
                "c5e9477d09a9182645e6b949e931208abc498ee831a9d8a1789bbae52e8a6df2767b79452113aa96bbd19dcb4f35e4550cb787b0a404452eef67fcab2e11118b00",
                "34ab82ac3c865b7b2426bbdfe60142489a02e129b05bd6bc14443c6bfaa5190f659dd38bbd84fbd26497e3bebf6ad5a2f119c515fddd655c3d1ca6fcebe5419400"
            ]
        },
        {
            "path": "m/44'/0'/0'/0/4",
            "xpriv": "xprvA2pXopDD7PUbY8rvdSYb1XLyAo8HwLU3Pmc6wgvXMj29bWGsak2uS9wb7bwFk9v2HX83PcsW82iavzsVGiKMSLRqK1uV71FQa3b8DSefyx2",
            "xpub": "xpub6FotDKk6wm2tkcwPjU5bNfHhipxnLoBtkzXhk5L8v4Z8UJc28HM9yxG4xrCoY8FZS32Le1rDquH7uiPwJJJWwJxaJVNRrP6dvZRsFg8Xn9v",
            "identifier": "bc418bc8c364db529e22eda04e2ecb890aa86c64",
            "depth": 5,
            "child_number": 4,
            "address": "WSetNApuhRCEn38KrT9Tyr5iu4moGp4KHL",
            "bitcoin_address": "1JAQZHNa12F1g9wZQr6VHZXf8sGzsTZzCT",
            "secret": "e08911a642319a4185e0b8b442c799a0b716bb29b8db97de205accd58fbed8b7",
            "public": "027c22016e9d01ce4e9ab33e6a1fb8b2afd17606e4a6d57fba50149dca21a3eb14",
            "signatures": [
                "848ab82159c31fd248b31da3ca57ab4af7084b0bee7e8a047126042dd540791a1e37241f09c681ec5dc05709d0725fa04d24d874f20346e969d5ecb88c349a7a01",
                "35ffd3532c1310add7515093de79e7e5d62eff3a849a5a867635e676349718b547ac045cf445942da1b76d2c99b21e8241cba7cbfc17590364d02a49dedec6b501",
                "2875d87fb0af2a89456f0aefd46759b0960724f5c79dc5a496880faddaeebeb4314aa8e5e618e5752567ace990dcc2f5e8c10956c0a3337066f47ef9fbb7f50001",
                "773b5677af94346829f332e094777b1f6700681267e5f0305099a479b691b9e3700c43e3acf8a11c211e261599ed2e885c41635c02e7b2657f8a32617aaff21701",
                "5b778d013cfb3c9e8d05ab24428084d584817baf8d23b6b147238fc40f16550011ad1a70b790d9fbb8b9d3336126ca968d04c2670bf01d9a1fdf77bb737ce48701",
                "8b4daa7b3b1ecebf576f255533ab9b9afe7fd9fe1bd6305bf3ef68f6d3e80b6957ef81758bae291f16bd74f5edbe1e2f7fd00a8a17af074c37e1d9d3e85cf1e700",
                "24a645417e8483aee61607835293525a23a24cadef18d9bd70b6a48c8600ffd5077d9da75d7309e569487857eebf9101d08eb94673daee27348aeeb482375c1001",
                "0ac599329b8051c7cf80d0722b0037090dc5ec51cfcecc9b0b01e60e0a22ddcc249df69a19c06f7eb4f3da00bf38ad7adfc92de44f0cdefedc7330419d30f5b901",
                "0bd61b6842f3d562c0f41a58d96cf8e39d0b025e92ca1606a61688bfa4f6eec44a3c31145ec53a0efc7e654d301b99de1a68d0e9420e138d9d45fa95f983fedb01",
                "02245cb018f2608797c942f693bf7f1e84452912bffccb3168f70a34e54df0c91ada356f931089f1f1f31c5e44bce85c7b2dea42abcc178c71d80c169122567c00"
            ]
        },
        {
            "path": "m/44'/0'/0'/0/100",
            "xpriv": "xprvA2pXopDD7PUfjGzDG4TA5wwBPMUJo48HeEjbdGB6MtjBgnqj8r9tqKq4fZSYnWqyGC96GDtRNX7FD2GXTnTCG189AWq1nsECeF1KsWhTHXp",
            "xpub": "xpub6FotDKk6wm2xwm4gN5zAT5suwPJoCWr91TfCReahvEGAZbAsgPU9P89YWrRKdXwGF3FCiDG3hfTeZrkXMTcXavKo1LeA5YMgtJr5kndwYME",
            "identifier": "b2bcc35293358ae99dd840be4f1204ee02615fd1",
            "depth": 5,
            "child_number": 100,
            "address": "mZUFtTnc2JgrW5r96Js6tB7V41VXBN56mb",
            "bitcoin_address": "1HJ5QdPwHqcEekbvjeGiv1NxFC1H8F7fbF",
            "secret": "e681d653c210cd5b54d112615a057ae450c01ffdbe6c4577bb90a8c874ec7542",
            "public": "03e71a70a458c24304e1636a9c77dbd509c20373a32a5987495009e8ebb8a3c0d9",
            "signatures": [
                "3c584158820e8637ac0cf3ec826c423bf16bb9e27486ad1767b9cc5fe148d0a7009ee1c300ab06fdfe636439ab2c69e731dc6b5b4e98329edcffb1a3f1dc45c001",
                "7999c7641d7ff5bd4a11c4d1fff5249905a9d7d43295d0eb52a8777007682ce7278ce91f12fe763bdeb670ef382c60d8c8600591fee2f23809ab67c729a9157000",
                "5aa47375bf3bedde4d74cd7740b9ecf5dff2d9ec8231e92810ff40d68abbf8c417d9bdbe2e2a24f3d32263fabb2b56057da82431c8354dfba57500d878409c3001",
                "6e788c56822bad4419a968138bfe501ce45a2747be9806b0f054eadb2c2a2a7028e893d68a8c4230c11b00a6a8623ffa98b69769585aef69d2123752a074d52801",
                "abbb60deb4ba734dfcfd2315481843211c35b85f13e955b72968f6746ee1e62170dea96826d11e9cf611a47197669567fcb44e5e7c0cdfe856c1c41ea2ae233a00",
                "58f8337d845f81b90625c61ba9f06e3cf68b4a928ba649930f647283150d0cef601b90668ce20d49bc994eb6877b071eb7a2905ca82c75ce928e6873f437b16500",
                "18de55e263931d5eae6ba9ddef39ff4b9b6e8c60b9ef47682cc0fe99c1c9cf1d4cfa0fac94711fbacb9071d2396d8f0c2f4dbdccd3e0d4196dbbb4a1a1936b9c01",
                "2246ca24ae5f011d3d20ae97d11761085b7ff8897d1695fa15e23bdc730671fb5d07da27c30f6dfdd6341dc320e006c8deb357a6673dc4efcb8b9575ec44eae900",
                "36e900bfc907beed2418e1d8093235649db4590f42d50fe41ba81aed592dee323f1987b34a18ddebfdf752b5329b4b9b58494ca2db7e21cad4f85fc7ef0581c600",
                "8e8498b20949e99559d8eb1944a404874b6a95641589f8b7db6c735419824461043af32b8500be87bd0a12ae7f1c58a1aac3b051ba0bd9211a48d7c112197d4f00"
            ]
        },
        {
            "path": "m/44'/0'/0'/0/1024",
            "xpriv": "xprvA2pXopDD7PVNLiv8wzWHF4gGWvtn2QWnasfs9b9wihomJZX38uE15gBS7EieoAm2kSkxaGcpzVmDaMMNys8ftd5q1ufW54VB81tyTGWgRYR",
            "xpub": "xpub6FotDKk6wm3fZCzc423HcCd14xjGRsEdx6bTwyZZH3LkBMrBgSYFdUVuxXQbwb1G7raQhKrLzfxjpxuzfBrEbnuWcHQeQqm3waNwrpSAxsN",
            "identifier": "ad894b6ea83033a70248b8209e279e1da9e34c10",
            "depth": 5,
            "child_number": 1024,
            "address": "2TGnVnPxxwb6n7dfAEJcmTrTPteDcJAFHX5",
            "bitcoin_address": "1GpaNb2cDc4oes9ZEkewFv4r12ZgyqZiJu",
            "secret": "16a0a114eac88cb3abc32f88d122099e3f74ff5b4e35f129b0ff873fabc0f480",
            "public": "02f106b5eee64deedb2ec5370c3db51ce36bd29d549b6c7e2a83f227fffb33afd9",
            "signatures": [
                "3e22e0d0fd7ff86bbc3d02564244f9e39c39487d345980b661f7095624827e6d1ee5272e27e50dba112327e64c4f663cfd9613ac59d26f8dccfbed83c98501bd00",
                "134a01839b7c7f054eb5dbccc73280bd6dceb345f3cff9ee674d55466d68c9555ce5e15ced0ba933d2e63342467364b5f589d2b7e779ab479c33866006a60ca300",
                "161163debc5f456527ddf8977e27b0d86876eb1e0788e7e8235108cbb97b5fe86bdcd88863badb47241cef067d248830038ecd5dc502c444be577e92bd49cf4800",
                "d81ae0a207483b337110ce8ff69cc8498c27c63d2545b742a09cb36561b9905c132fc7112701e8abe43cf68f23f69eb7ae745cd80f1d20322b95faf367d96edb00",
                "17bd6c461cc46b6e71b9e4aea049bed26e144dfe81e1c81f9eb2064ba414783b2986321ebb04956ef96bc9d155ecb5a55baa6d700bae58bb34ecabe6da38391401",
                "b4d7917c5e8c1133c5a91c732586ee5a48f5587d7603d97288232240619630cc257c46dcd99a8d3a616e3d5610b4b9504c3fc4b478b6731335fca74cf1bb8c9f00",
                "2c38acd89da2d000f66187572f756c6b59ba0fa81b96dea95201e560c5266b182941181b15060907847a6cca905172f7f52798cc106f1b7d4998b4ce98270e2600",
                "3fdb7c6de121c12befce96cc39d8320b458d70f2ab3e18c1160e59ede98f38a47303f8027fc8ff66c00340af03949027a31d3bbed47afbcc91f54c4c2480281700",
                "2b9b0f82253574f00ff0563624c4b59c141f078d91c218998f3dfb3599e44a0a39709703d66d2c795851c17d0715dcffc1425c407bb6a3e45b4e975f2e48151400",
                "f721ed0389977b9039d628812a71ea14be2912060b03d7e20bbf3108a69a7e344978e37220e00cbc41fed65cf0da36e9d1c6360373ff62c8f3d53bbbda5759f701"
            ]
        },
        {
            "path": "m/44'/0'/0'/0/2147483548",
            "xpriv": "xprvA2pXopDMT41V8fUpy8fLh6xo2TSS8bX3msTEr41kfQQ1MgByWNrFuW72jQUfo7eMsunQ3tZMK8Xk5vc5kQ7HJ2zJGACs23HCF9Z7E5ecEgd",
            "xpub": "xpub6FotDKkFHRZnM9ZJ5ACM4EuXaVGvY4Eu96NqeSRNDjvzEUX83vAWTJRWagPWvefW6YJoADmGud5WvMrAdopeNcLiimUxihAXTE3srsMGGJC",
            "identifier": "52f6e6858ce99ab8d3607f57457832103e8f01e3",
            "depth": 5,
            "child_number": 2147483548,
            "address": "QBdP49hnURgF4bYEY1Pf8TMHL3EUh3cxcy",
            "bitcoin_address": "18ZgBgCcYpJcwqaaThHNaQ75MU9P37ubjE",
            "secret": "52f3a4ba64d18077679d43a86ba132934c2551a487dd9e7a9943ca638547de53",
            "public": "02c6efdee572366c75effe5a05f8fcb0255b43f944c8eb51e5439484aa27ae0786",
            "signatures": [
                "92baebdc8135e8dbabacd894f209e9d1cf044f3920c4d031ee79885f44677eb0086ac874aa8c93378742af64d57fec501419a696282693f7d62aba2dc6e9d6a200",
                "107578b6d5d69fec7a5607e42f4bd8225fbd04cd423e13d9bcbadbb914f68e37691ad4be2fda8993f4c8bc4affdeb8cc7bf783788bfaadb46700ce99c06a96e500",
                "d724277ab98223fd633f99aa1cc9c2299d5fd673b08531701de71a4dec784de840c4cf4fa0d615a5e83aa3eb6ff6efbe778891b5ecc5e64657ef2d9f0b153c6801",
                "26a31756db4d6010bdf9081853c68a25f09b902811acf45a1c3a84ec8cdfc9b46a75af21748990609ae0fcb764bbd34a9ab6800cc017aad7591fb0624999976e00",
                "48bb88cb592b16729d375a7050fff061bf6754b2a3b1196872db0bfea960552548dad75b9f6533909c6ede0848f39fe574d58a998de989bc2b9c99c5c560f0b301",
                "113045e845812e8e89980c06926797e7bec9be7141528b27627f766f32a432235944fe94970e5b4d0a16350f616f2027df99d58fd819ea81a53bc70a2d0b369801",
                "4e4bae11d8ac020de91c3d4131436c83a1bc9d47b609c2f1fcf648055a1cbdc028c65ac550f8722a3660901b6053e83d3ba5dd8e88f163a4049d6aa876b20e5f00",
                "2d9fb1e77056cd081190e559cf9eb056fb46e3ae9af83dd0f3a9ed478e2e4cc1572df86c9f57d76adfb6c959d7e2b0f259383abb203d5d2cbc25bc9322f0112b00",
                "79a626acfa484ab7f4637e9e04faf84aaf166643d83575a78a3ecb279b9e9a6f0d288a37d601af73889a82499defec67d627d38a2c3dc80c21a95ed0978d336401",
                "a174fbf2300af6b5055068da3564ec481deba65bc458f633d530a377629a661d735147777844e8cd78a9d2962ff0e6d682445b3d60b7120fe535585cc5ba05a201"
            ]
        },
        {
            "path": "m/44'/0'/0'/0/2147483647",
            "xpriv": "xprvA2pXopDMT41ZVkAsQz42EAN4wKdBcgtvwz4dmw4wM4BfkKrSjYF8rDaayTfLfnZMcZbtfLWmVbe5pgoHh7raRdPcLfoE2cS26kAFXqYqdD2",
            "xpub": "xpub6FotDKkFHRZriEFLX1b2bJJoVMTg29cnKCzEaKUYuPied8BbH5ZPQ1u4piyNgLWPUCmvTLVAaBJeN12KRcifzfW33Z8UBpKS46vU8Wj4t2R",
            "identifier": "f68411f8fd8d8b1d2b22a13cb2df1f0b671d9d6b",
            "depth": 5,
            "child_number": 2147483647,
            "address": "2iBq8iWqoDHztPjm77xbTDLxmTGDPPULEn5",
            "bitcoin_address": "1PUTSbAXGURy2149kqSSzuu6JeDdqunBCm",
            "secret": "89e4154fc3fc53a9574948037c269c4c41c3bfc8993c6e63f72e69220a1d261b",
            "public": "02aed491f8c8ac1f34f3f2d23e2d22262cbee81bbe390f4bac7f4cc393c184880c",
            "signatures": [
                "45b4cf0dec6a7b40c3c8d21debf276aeb055894cf9361a5a8e4b2fea6091b2572b7503c7a1f33f791cac9e54fe56c5afb981f10d51fd06c2c491d4db40ab45c800",
                "bde43265626e5c7ca1e9024bc57290cd00813101c50d9ff3fc6f32074cb5f58f45d2f63189733d7a3d903348297548b188499cc665b5c246f2d61962d46efd2001",
                "97cdfe39614062c153f1cd1a882f0ee4b8d9da9e76fdcc17b97da7c72c69e8b66c938bf42c14416f4b075e74883905c561e3081a514213c1fbd112b088b6fc8701",
                "bcf7023226ef7c859491d3fe682650c784b450dcf23f0d9f5b9379d49b540b391636ad18d9671862203e0a7159eee84fc37a2a1ce951e837b22f6640e5aabd4f00",
                "d8cae4d0dda542822987f5052d75ca0245ffadeaa586f3120aed84c1e8528c0d2ae6b0c6969c4a7cf035259aa9dcd93329276d7922c111a67810eae50c3181ed01",
                "60009a2ecca2c45b5417c081ba5d0f0151fee0559824ce4ba35040012da916b42bb6d4d9befd0d7c50fb77f76abe416668bc9dd81d36a19a70be59311aad748401",
                "5a713679c46cebc0cd3541a976013a0c87607e367f372544c8d4a614dc39bbcd518da08310b8289a5c47b69ab143b7fe336361af17afc6ebfbe405dc0eb4262400",
                "c885035bd79f0d650d7804c0584aaa534b0050175c64fcf40e3dd72d8dda93421a7eae924e41137b1db2e21cb715a6f5a18d480c3c73ecc41e01541ca06749f401",
                "b4d4445b724e290076b4edc725e528bbd8e124d50dc4cb0312d33ac24c813dfb0b1212a9417d34df16e11781118858557d937e17bba92aee7593c174e0d2aef801",
                "95fddd785a113b37eebe27d2f496af93f0c3fd43cfcc2d1b3997ee41cb0ea83c04c3597a6244f17277c430d6c65a2a8e39ad4d8edbb18ea87405ccf96764809a00"
            ]
        }
    ]
}