{
	"outputs": {
		"head": {
			"seq": 180,
			"block_hash": "63614fdf08b67fcfc99d7b43d115fb9f57eb5c6833acdbdc712ee361f391f292",
			"previous_block_hash": "93fce3f520d9ec5b5c29226ad39fb61e3b9a92464fdec87d6805cf8e8e782959",
			"timestamp": 1431574528,
			"fee": 2265261,
			"version": 0,
			"tx_body_hash": "0a610a34a8408effe8f2f70e4a85a3a8f4aca923f43e10a8a6e08cf410d7a35d",
			"ux_hash": "058d1d0a22be7b9f5567a236866836a87d922760581832cfb8bfbd8b337d64b1"
		},
		"head_outputs": [
			{
				"hash": "e5596ef0ba04ad9e0adbe0355a24c6bef249654906f917b68f8f0cf072508674",
				"time": 1429382678,
				"block_seq": 121,
				"src_tx": "da82deafc15c36e7dc9cd95663e0dc910ae626ee543147ac7bd8682be00f7baf",
				"address": "2kvLEyXwAYvHfJuFCkjnYNRTUfHPyWgVwKt",
				"coins": "62000.000000",
				"hours": 378646,
				"calculated_hours": 38127173
			},
			{
				"hash": "3f9712cab0d3aeb217f1751fa19e53d75f814b4218866d4e70d63f32271d2023",
				"time": 1429364452,
				"block_seq": 120,
				"src_tx": "d1569ca879f98450a920a2b427ab0e1d21342308fb6b4ea5031ee6e718217183",
				"address": "2kvLEyXwAYvHfJuFCkjnYNRTUfHPyWgVwKt",
				"coins": "38.000000",
				"hours": 480,
				"calculated_hours": 23808
			},
			{
				"hash": "3408638af298419b14a49e8e9dd69e97c9a06827d74edf9f410a870662360b31",
				"time": 1429364072,
				"block_seq": 118,
				"src_tx": "a83e09e976b038d86491d8c029aec84a6313dc33e692da6ce50a2858e50c4666",
				"address": "2kvLEyXwAYvHfJuFCkjnYNRTUfHPyWgVwKt",
				"coins": "1045.000000",
				"hours": 30769,
				"calculated_hours": 672415
			}
		],
		"outgoing_outputs": [],
		"incoming_outputs": []
	}
}
