{
	"outputs": {
		"head": {
			"seq": 180,
			"block_hash": "63614fdf08b67fcfc99d7b43d115fb9f57eb5c6833acdbdc712ee361f391f292",
			"previous_block_hash": "93fce3f520d9ec5b5c29226ad39fb61e3b9a92464fdec87d6805cf8e8e782959",
			"timestamp": 1431574528,
			"fee": 2265261,
			"version": 0,
			"tx_body_hash": "0a610a34a8408effe8f2f70e4a85a3a8f4aca923f43e10a8a6e08cf410d7a35d",
			"ux_hash": "058d1d0a22be7b9f5567a236866836a87d922760581832cfb8bfbd8b337d64b1"
		},
		"head_outputs": [
			{
				"hash": "a64424fafd16a1bbee42c006ad30bec4866c64581726dec53d94021745f3e1e8",
				"time": 1518547525,
				"block_seq": 10,
				"src_tx": "44e585d494c29f9a758ea40e0de80e5c8ca447faa49174ed98f630fa5148fed9",
				"address": "2LUgXJK78VB7tcARHQAMeXsZTba9mzant2k",
				"coins": "10000000.000000",
				"hours": 2334686111,
				"calculated_hours": 8052408333
			},
			{
				"hash": "59bf04bd5ee0c3a569a004e4892d92d63e2a500397037e94c036b830923c310c",
				"time": 1518547435,
				"block_seq": 8,
				"src_tx": "8e1b944996bc96fedd73c25efdeb7545ceff6bdd42b45c91f9e0f0f10e28bb66",
				"address": "CdQ2SXuuZ6oNvivX1GpWoZcjne61wGFUaV",
				"coins": "10000000.000000",
				"hours": 2334505556,
				"calculated_hours": 8052477778
			}
		],
		"outgoing_outputs": [],
		"incoming_outputs": []
	}
}
