{
	"header": {
		"seq": 0,
		"block_hash": "7f3aed1b7b5a08620f5f6e6e06994236f30a8bcefa967517f851a7c5692bfa03",
		"previous_block_hash": "0000000000000000000000000000000000000000000000000000000000000000",
		"timestamp": 1516848705,
		"fee": 0,
		"version": 0,
		"tx_body_hash": "321115903d517a7286205a719384a6d45c2a50e0880d346e4b27f573ed78cef7",
		"ux_hash": "0000000000000000000000000000000000000000000000000000000000000000"
	},
	"body": {
		"txns": [
			{
				"length": 0,
				"type": 0,
				"txid": "321115903d517a7286205a719384a6d45c2a50e0880d346e4b27f573ed78cef7",
				"inner_hash": "0000000000000000000000000000000000000000000000000000000000000000",
				"sigs": [],
				"inputs": [],
				"outputs": [
					{
						"uxid": "21fe34061dfc4a8c7d28f6804f9a04440eb5e01c670abad6d36dfcf0e2b17984",
						"dst": "zVebXKCqbtGJMnEoGdFkewvUN5KMryrRTc",
						"coins": "1000000000.000000",
						"hours": 1000000000000000
					}
				]
			}
		]
	},
	"size": 86
}
