{
	"header": {
		"seq": 100,
		"block_hash": "be1fb6adeab6ad6c96fb727d26592bbd1dbfd693c841dcf16bea1ee08f684c42",
		"previous_block_hash": "8f1c3359c4da6527d557d57f6044209ed3ae5a731c13a3e7e11c382bfa31d828",
		"timestamp": 1518616515,
		"fee": 2430505556,
		"version": 0,
		"tx_body_hash": "4fae8b5efb2d18e7cb3b1bda8395a3030a8d55463aec4b499a03ad4f4a390b6a",
		"ux_hash": "27ecf40b52320e85f2dd2ed5a2e993f65727f2a2a0f731fb8ad39c36b4ff0bc8"
	},
	"body": {
		"txns": [
			{
				"length": 183,
				"type": 0,
				"txid": "4fae8b5efb2d18e7cb3b1bda8395a3030a8d55463aec4b499a03ad4f4a390b6a",
				"inner_hash": "bf82d6ac28fa436fd96e515b05fdb2f87991aa17e58b733beee73eff79df4e73",
				"fee": 2430505556,
				"sigs": [
					"cf250cff8ff1a6658ccef38482b6e592be1dabc0ae4d1a02bf8d7c01f5190bcb614ea83105e08bd05a4268055e49a92b38107ae6e3778a4c8079441e26e87b9401"
				],
				"inputs": [
					{
						"uxid": "54b61a7efa911a4efd58b14375a348f72b5751d1da6ae909067ddf7138a497d3",
						"owner": "2Z4vomEgh5GWrtHB4NSSr29Xwnq1iSKZBi9",
						"coins": "10000000.000000",
						"hours": 1,
						"calculated_hours": 4861011112
					}
				],
				"outputs": [
					{
						"uxid": "1124b50f5d2f0a7f97011ef89bd76c1aa5fd4e248a8b63632e77190fbec01787",
						"dst": "TpDAYoV9qNhC4Q3hwuk1mU2rRhFkZV1UFj",
						"coins": "10000000.000000",
						"hours": 2430505556
					}
				]
			}
		]
	},
	"size": 183
}
