{
	"blocks": [
		{
			"header": {
				"seq": 1,
				"block_hash": "4580013fd2acf5eef12b23375d7d2285bb4a698297d66848f6adabf2b3dc79df",
				"previous_block_hash": "7f3aed1b7b5a08620f5f6e6e06994236f30a8bcefa967517f851a7c5692bfa03",
				"timestamp": 1516866501,
				"fee": 999999999999900,
				"version": 0,
				"tx_body_hash": "8b2b69ab2c7d6a8a9038f7516fd466814c1b6025f4ddfa2209f3f450934c045e",
				"ux_hash": "7e6854f345b99764d0dcea5404d82c5d83c1a9668b9c17ba7d8dbd0c2e4721aa"
			},
			"body": {
				"txns": [
					{
						"length": 3846,
						"type": 0,
						"txid": "8b2b69ab2c7d6a8a9038f7516fd466814c1b6025f4ddfa2209f3f450934c045e",
						"inner_hash": "50a1fb3be246c2781d5def61507de701556f6469bfd1ef13f5e39a19c8d5a442",
						"fee": 999999999999900,
						"sigs": [
							"26d511559ec3f86173c982601a9508d6a5b15e6a13d03ed162ba026e1e7165e4764a37af2bba5a6e34ea37cf8df0d82e8ccadc5fa59c2c2eefedfc69844926b400"
						],
						"inputs": [
							{
								"uxid": "21fe34061dfc4a8c7d28f6804f9a04440eb5e01c670abad6d36dfcf0e2b17984",
								"owner": "zVebXKCqbtGJMnEoGdFkewvUN5KMryrRTc",
								"coins": "1000000000.000000",
								"hours": 1000000000000000,
								"calculated_hours": 1000000000000000
							}
						],
						"outputs": [
							{
								"uxid": "7df1fcfff6be856e7bfb98fc84b16d4aac05a74db29bafa676071c236ae0c28d",
								"dst": "2yTcExvfLJZEzvERGmtD6p7Eb1aj5ceJKf",
								"coins": "10000000.000000",
								"hours": 1
							},
							{
								"uxid": "c14155b43bd9eec4616761aa66552992670d79c51bf5c4949f6382492c309bdd",
								"dst": "2gEv7WtQEfqf6Br5qSWTLKvPw4Q5AsfcEe8",
								"coins": "10000000.000000",
								"hours": 1
							},
							{
								"uxid": "f2dbe54308d951dae4c1d277bb049b896f3e7b0d7ce3d66a18d7cd23f7cc3401",
								"dst": "yBRshTxPszDHB88e9Kg4iLXaefeMMtyeEz",
								"coins": "10000000.000000",
								"hours": 1
							},
							{
								"uxid": "b79199c6890ca0319a8c3f4e2b72595587a877d51cd2bfcd5765b15d579dd0ae",
								"dst": "h8tbUcUAUpTgVq3PqMTQcLEH3a6UVJqHmS",
								"coins": "10000000.000000",
								"hours": 1
							},
							{
								"uxid": "27429f93699ef7d11f656bf12caef3ce66083215c79c139a67e39b7117065b9a",
								"dst": "2CGrDHn5tSzqzgbkEcNLaTxc6Y4G4fxUt5R",
								"coins": "10000000.000000",
								"hours": 1
							},
							{
								"uxid": "24ba269b4f273ccf4af63ff631f47a467e739b2cc71a9795c1ea33f0a816fc5d",
								"dst": "2CucXMcBqWbG7x5Zz5aRKgEbvady2hR8W4T",
								"coins": "10000000.000000",
								"hours": 1
							},
							{
								"uxid": "d194a9c24113ba2d0836b796567b5ac2954bac9c1a56a38c48d71b4c6d7b412c",
								"dst": "2VSiY5uuEkaU1oHAH3RvMTowpVJzfyrPHmG",
								"coins": "10000000.000000",
								"hours": 1
							},
							{
								"uxid": "9a2bf5043588c5a017746dc6e043248e469417622e91c93131eb76a3efd3d01f",
								"dst": "2ZhUg4Y2yk8JZM2fQkEVc3Fbekrcc4SPyrr",
								"coins": "10000000.000000",
								"hours": 1
							},
							{
								"uxid": "25955a27037ee83e5cb673535fa79497f9e6178067ba5c1a4178db0c05b6b59e",
								"dst": "6AepEwqm6wCpccEfYA4P5MMZrUviMAfntd",
								"coins": "10000000.000000",
								"hours": 1
							},
							{
								"uxid": "f67fd53383c03c74f434558eafd04e7db0ce00ec12960c8d2da0b0124ea4eca3",
								"dst": "2NkK6MYUud1EonZKQThghxP5PhPsBkpjpfj",
								"coins": "10000000.000000",
								"hours": 1
							},
							{
								"uxid": "e2b0e18e7f0003cdbe9af0e0d07d8060dfb1680522b19300a9e737263f7ab35a",
								"dst": "Lch6Q2dWFbeHgpbxf2C5vwTe8aiDbZQdyH",
								"coins": "10000000.000000",
								"hours": 1
							},
							{
								"uxid": "29a0ae6b7d9960daa6a005ed0517842b19dc876f4f16cbe6fc30bde377131efb",
								"dst": "2faF2GSNfEN6dLz6uJMvVVPt57JZ379KYY9",
								"coins": "10000000.000000",
								"hours": 1
							},
							{
								"uxid": "970b9b1acf5b99b05eccb8ef8648d8ded2246cdb80641707e3a15fbf02f91ce1",
								"dst": "bHtBS778Qx8rXGTwnNPCGMdmVqpAedXLo",
								"coins": "10000000.000000",
								"hours": 1
							},
							{
								"uxid": "c26ccc0c2cb594d5349d49f86510829cc755c3eb262148e3fc57f82365cbb9c0",
								"dst": "d8J7GpDSgpnpUP683iSsCqp9xJ5zSq6G1D",
								"coins": "10000000.000000",
								"hours": 1
							},
							{
								"uxid": "62508573a58b3eeaea8da13629de2137e985f9ace07b33908ac83bbd35389b3a",
								"dst": "LBASagoCNd3T6uEA6NzBdtAVGJAY9tqV3J",
								"coins": "10000000.000000",
								"hours": 1
							},
							{
								"uxid": "f7e1be6f3d41f88b2f7d3635c937e32545ddc81d525d40848d825527be27e977",
								"dst": "RCfPg1KAd3J1RS8uuzWJf2mk6f1fXb3XvE",
								"coins": "10000000.000000",
								"hours": 1
							},
							{
								"uxid": "e7d345f701707b4887087f94530759a93503d8cb1f2514ba492f69bfc1c6dc82",
								"dst": "2QtPsYSsd3kXEVUywJPznowKrWo2NZujGpF",
								"coins": "10000000.000000",
								"hours": 1
							},
							{
								"uxid": "ce79f1401fdad84ff8d584ab28774188f2f2055719159fef9a3089f69c609f71",
								"dst": "sMmZUQbbyfbHikvZU5rEA2cVrFhtpTmzJe",
								"coins": "10000000.000000",
								"hours": 1
							},
							{
								"uxid": "f8c7e8e3a415e2eabcf4f92039db6f1461e3c778043d522c32089e604b63252b",
								"dst": "2BPYaoTUgpVBoKB4x9CmGS9xYmPjVNvNyXJ",
								"coins": "10000000.000000",
								"hours": 1
							},
							{
								"uxid": "3bc1ac9eb23412e5168eee108897fd591c0831a90b33a89443f0644bb2f74d2d",
								"dst": "VM8d1wv8i8Ekfj3vVuJaV2xW4JyiJXk2eh",
								"coins": "10000000.000000",
								"hours": 1
							},
							{
								"uxid": "ec18f869acf102fc6118e98e49e9ef72761a903d5bba8049db999deee70afef6",
								"dst": "4FJa8vDMHR7zHG94ph5rbnFu9t4REKhQv7",
								"coins": "10000000.000000",
								"hours": 1
							},
							{
								"uxid": "c9c1f3cf44fccae7206e10084aab854abd726a3286f321e1b52d201c9557dca6",
								"dst": "28zVeAeKDSXBz8zU2xks4WZQa9uAfCK6t8F",
								"coins": "10000000.000000",
								"hours": 1
							},
							{
								"uxid": "edae67d20c807edcb8b9015dd52f19522a2b728007acc2e4c38693f79d49c3dc",
								"dst": "DUM7ByZsEcGkUv4LjcAiNG3qAQPL9UBCKr",
								"coins": "10000000.000000",
								"hours": 1
							},
							{
								"uxid": "a7f80879027a3544ebe129fae77c855138d10fc807e931e6b8d350bdf860318e",
								"dst": "zD3HxKSnzEk6PZHY6baUZRybM5V76kn5Yu",
								"coins": "10000000.000000",
								"hours": 1
							},
							{
								"uxid": "6a92075c14a55ce869b556b5094837bcd07cb54d9b17e2b3a0b4acc602c9f891",
								"dst": "jmfywy87ua5zvshGhE9mn1P3jW9gtZhZ3w",
								"coins": "10000000.000000",
								"hours": 1
							},
							{
								"uxid": "44cb1b5a467546baf304b18963d33351bd642b3051a7f25c7ab63de3e6a575be",
								"dst": "2ZQTf1rHMap2ZNqB21RJB8JXcVMaLV7dwCP",
								"coins": "10000000.000000",
								"hours": 1
							},
							{
								"uxid": "a76cd8a5b4fafcbcd7fb09b12dca53aed992030051b461df56695b3f39e63c9a",
								"dst": "2j6krapbWoQ6adjxayrjrMLN3zgPrzQrBjr",
								"coins": "10000000.000000",
								"hours": 1
							},
							{
								"uxid": "f7e0395265080cb15c52a343a7a74698b584a858793df793d95d5fcfd825701b",
								"dst": "2PeCkwEb3AAjCyeYdP3kMettjyYVow7BQ7b",
								"coins": "10000000.000000",
								"hours": 1
							},
							{
								"uxid": "81b628855683f000e315294b44ff06c356472fb5f275f84407054139a796fca3",
								"dst": "zohhGNXSpeK1zeW7cYxp8qArBJmjBjRNHt",
								"coins": "10000000.000000",
								"hours": 1
							},
							{
								"uxid": "29600bdcc0f0a7cc5d495632ec380a8071971f7ff385c8e055bc1ca9369e3f43",
								"dst": "iPDQetuT8ttkJhkhMMvbecYwoL6nthp79N",
								"coins": "10000000.000000",
								"hours": 1
							},
							{
								"uxid": "01a56846c07824c65b7f774f817829153c6fb0ecbbf3bbd7eba35d34aff9261c",
								"dst": "PqXM33Ca3CpvnmRPrbjMHhaXNPukAwv7xp",
								"coins": "10000000.000000",
								"hours": 1
							},
							{
								"uxid": "a757d88f3589792170dd9a6d52559b023703a96f5b715180c05683588d7b6a30",
								"dst": "C9WDwKP2G1Z4fxmDSgPG6G52UQ9M9iAsU6",
								"coins": "10000000.000000",
								"hours": 1
							},
							{
								"uxid": "d00f2946b5495205721f08b04d122f5c845625fcf0daff156bec5770eec98132",
								"dst": "2mQdVk2ZovkFJSAUsRQELpz6d8a4xGMzGAD",
								"coins": "10000000.000000",
								"hours": 1
							},
							{
								"uxid": "c140888674b3cdf6e476ebdb532e5b5da370ea1bc567fb5d1747f481df1af660",
								"dst": "PyAhPBhDhyiyFmK5iqUwaeaHnfwcHiveeA",
								"coins": "10000000.000000",
								"hours": 1
							},
							{
								"uxid": "937a221a4890cdc52ac90fd90ccdf4f55eef72540c0d900d450888ee25cac699",
								"dst": "2H9p3yWgCkCSHsimhrW2UEEhBVGN6sXFNHj",
								"coins": "10000000.000000",
								"hours": 1
							},
							{
								"uxid": "de47543657ced047783b53183cacd6c995e71fb6d31cd043be44918544b0c2cb",
								"dst": "2QKX3DtYw4RGk8tL4eQHY7GdXKaWSFwqFoU",
								"coins": "10000000.000000",
								"hours": 1
							},
							{
								"uxid": "38de9cb07b1a576ad1b4618d3ed4fee3451e13ef208b72d2abdbae00ed233527",
								"dst": "2W3mcjdHuYCEqih6CwwG5Ry1uztyAZbbxqu",
								"coins": "10000000.000000",
								"hours": 1
							},
							{
								"uxid": "23c541e9d7673ba4e725907f3737e25d765112c230f1e182a8baf3a959f3b011",
								"dst": "RqeStzP6mAfjUzN1fVhZjk52DFzPr5aqgK",
								"coins": "10000000.000000",
								"hours": 1
							},
							{
								"uxid": "2086af5d6053c6cf0d07e232556635f129e22b590e61a9d3110162f448d51fe0",
								"dst": "xvHj3JcJwUcEWyMc4LwVW1gPpjKvzDijWa",
								"coins": "10000000.000000",
								"hours": 1
							},
							{
								"uxid": "59116d83d7a6e5c14dcb107ea5e6926a716c68bb8b56ae3602c4d1fc33254170",
								"dst": "ax7Aevu7RuEW2kZz3ZaqUtTUmfAT2xscZb",
								"coins": "10000000.000000",
								"hours": 1
							},
							{
								"uxid": "34f80302d98eade4f2a64b514b428b4a9304f3c3d205f88cb6ba5f902207971c",
								"dst": "83LkbJwQNihseoE8enovM6sk17co3N8r9J",
								"coins": "10000000.000000",
								"hours": 1
							},
							{
								"uxid": "11cfd8c705ce4057c1e294cab2e55a8d99eac55a6e56a2a750017f112a417286",
								"dst": "9ZkH5PhGTkY7hk9rMLKucZuhQj7auUXMCx",
								"coins": "10000000.000000",
								"hours": 1
							},
							{
								"uxid": "02429caa303206857813ed9bc51bf3a6d4b86ddc953ca4c9db460d8b7a5f6ff3",
								"dst": "gzTdhTy1C7DiHV4Hvrsv6ubGnMR8XTejq8",
								"coins": "10000000.000000",
								"hours": 1
							},
							{
								"uxid": "0d19b89fa9224cec95226b749a72818babe3d4d074cb8c58f7766247e6b847f2",
								"dst": "N7hLmncYEJwFNNCot17Rx1kBfdy4jqMQFg",
								"coins": "10000000.000000",
								"hours": 1
							},
							{
								"uxid": "6b2288d05e72262dee433601cbe0d64a6c67aa2461968726316706e1ea783254",
								"dst": "LqGJQNkqQZwhenqurDPMj3LeECC3YjHh1j",
								"coins": "10000000.000000",
								"hours": 1
							},
							{
								"uxid": "a7145b335be542f160b13638faf4a87ffad7a3a51d1efc84aef5746432872e05",
								"dst": "CMpBqPUo5aqa2GKYhZmp5uTD4yoft2Kz2b",
								"coins": "10000000.000000",
								"hours": 1
							},
							{
								"uxid": "ef8bee3e77e34d5db2a08f0bce04b6717ce6e5158d3d752b7f8126c88bcd7735",
								"dst": "25Gjekp2XVUj5hUmdBPMsjFFBj6tUjHdvNo",
								"coins": "10000000.000000",
								"hours": 1
							},
							{
								"uxid": "ea61a15a4694de15ff46322d14df3bf9573ccb5ddce1a7a5b8b32585ec783b25",
								"dst": "2jE8YDYntc3Zh49Fer7sN5PbAiSQgDXVcn9",
								"coins": "10000000.000000",
								"hours": 1
							},
							{
								"uxid": "30cc1bfbe6eb56a494db86a36a4c85742ed5720895638901047b6f1e1688f9ff",
								"dst": "23Vkppq67wXyJyEZEForsst4dgBBNU5Gt4F",
								"coins": "10000000.000000",
								"hours": 1
							},
							{
								"uxid": "093f4697a00197b7c8b79a9e9504675491cd8336d069cd0e52bc16fcf004e46e",
								"dst": "2i6g47E8epfAmzdt8Pht7n4YQ1M6B2Vgp6x",
								"coins": "10000000.000000",
								"hours": 1
							},
							{
								"uxid": "20a55fc55437b09ef4b576c73e203f86fe4abb4e8b5eeb61dabba3b23cc85a27",
								"dst": "9nRRiJ7KgCwph7rp7DnF7FVZeXwf81cRjv",
								"coins": "10000000.000000",
								"hours": 1
							},
							{
								"uxid": "de398c9cf04abcd36b623d65ec59b1064093a3e7f3ee1b09ad1d3223f4c0d446",
								"dst": "254PHM6M9FU8NvoRKzJgUtnhDDvLsfb2h5e",
								"coins": "10000000.000000",
								"hours": 1
							},
							{
								"uxid": "9e77c58332c9a0e355dc307989f3aa3da3596317d8846ee88abd98469bcb140f",
								"dst": "2gsbE8Pc758Y8XpBFksNcRmZdyqhdTurwD2",
								"coins": "10000000.000000",
								"hours": 1
							},
							{
								"uxid": "03d21ce45d87c2c3b299f92d145d06353fab4ffc3aa79ea6d163e50d19d81b99",
								"dst": "21ppdXtZ5XGBqPMHFAmXNDEWEYCuZbik5yg",
								"coins": "10000000.000000",
								"hours": 1
							},
							{
								"uxid": "cb7c2ad2f36b1d60d802b5ab6ff29c90cf10756d69fd680099b9fdd87fe42dd4",
								"dst": "21kaz29jhcuVesx5TC7UoLbPBZd1mP3u6iv",
								"coins": "10000000.000000",
								"hours": 1
							},
							{
								"uxid": "842d0698c00bf6aac5ed30518a16032382733f916c757b80104a7926aa45887a",
								"dst": "2G6EkcPB3VVstEbsutpJmr4qj4DyjSg146q",
								"coins": "10000000.000000",
								"hours": 1
							},
							{
								"uxid": "1f5956c9279569cc10e3c1215e44b15e5fd562c3165e28cc0bda89533f2abeec",
								"dst": "ZGRzoTSpcfMDZTKXtcDKGWzxHHA1mnrkio",
								"coins": "10000000.000000",
								"hours": 1
							},
							{
								"uxid": "68605d3556685b4f4b6aa2e1b687ed75f9e8efe460d2562f8b853727c0d772ae",
								"dst": "UV6Frbq8ZH2MdrN7wpWvDzEESbCRZrw7RT",
								"coins": "10000000.000000",
								"hours": 1
							},
							{
								"uxid": "fcb29c7d7527bf6a0ad0df707ce939c96b1153baebc4d09a5445b7e5d539e3fa",
								"dst": "rCj3yy1VqrCDnEwkWGhb7aoZnY2cPGFCYm",
								"coins": "10000000.000000",
								"hours": 1
							},
							{
								"uxid": "681769bd381ca9d86a14b843835f9f5b8fbb3407526cbe2ac8ce9bb6cee4919b",
								"dst": "MKydRuNMKPGXBtjUBNfnWy8D3GHFhWgSB3",
								"coins": "10000000.000000",
								"hours": 1
							},
							{
								"uxid": "c59ec4cc7420d5aaee48bece248c70e0832d327fed0cc6aa6f00a087076a039d",
								"dst": "24xdnmQftXLxpzksEdy5oVta4XySp8Ju6qy",
								"coins": "10000000.000000",
								"hours": 1
							},
							{
								"uxid": "72a427b15325375bab3c843a11f7905469ef3687840be2e89cd5f83dafe8a008",
								"dst": "shoqX22yQdLEZD5FHRGwvcsCCqe79dhYZA",
								"coins": "10000000.000000",
								"hours": 1
							},
							{
								"uxid": "bcfd67c8712666b69eaf21f6feb9f2191a83c45d9f9833ad110181f22f68203a",
								"dst": "L7EPyxqLbZqSNPwB4aoe6VqfmM8eMdkBiC",
								"coins": "10000000.000000",
								"hours": 1
							},
							{
								"uxid": "64919c9acb19d1c58456c9b6b1dd11d4cd411d8e1046711fbeabe7c37fef2b42",
								"dst": "rHoADCCaXcsh3MLUdRnZLPT8sCh12dfwqH",
								"coins": "10000000.000000",
								"hours": 1
							},
							{
								"uxid": "51fd3d1c247226c6ce37eee4318966fd01ae1a0af5ec2222de9eefdff1fd33df",
								"dst": "2HjZj3j6QJsi7PfMHWRJWUzQ5nA7Dc82T2Z",
								"coins": "10000000.000000",
								"hours": 1
							},
							{
								"uxid": "4684f10f35f1d05667e86233ac553991447fa35e1db73d11139f2231aff4f54c",
								"dst": "2CoTFajTqzqbKQmF9zh4GgtmSLxxuJ3BMjj",
								"coins": "10000000.000000",
								"hours": 1
							},
							{
								"uxid": "97ea0631674a227413e2325073eae2f58892f24ebe7f20cee53534456ed612c0",
								"dst": "2eYHR2r499JRmGv5NaqXNuv3SD7DPiPQDDN",
								"coins": "10000000.000000",
								"hours": 1
							},
							{
								"uxid": "f2f937be2020d5125914e70ad2edaf98830609249cf05705c118aca29d2f6bb5",
								"dst": "af3Sysn2TX18GsK2umFpmCqauDbQDiQses",
								"coins": "10000000.000000",
								"hours": 1
							},
							{
								"uxid": "3477791a555fa49566d8a2d73cec0e1d43be12344e33dd0c20407161b095b0b5",
								"dst": "fcippoqW2DdM74SjtHkd46yb9oqTmgAuGV",
								"coins": "10000000.000000",
								"hours": 1
							},
							{
								"uxid": "351292e11d20dfb96629f3d7b0c71612b8c53d61710c766350f9c476a164a1e2",
								"dst": "76pt7UDHHz5fBbKJFsNSJddLxPiG8ceC9X",
								"coins": "10000000.000000",
								"hours": 1
							},
							{
								"uxid": "8e9208a5263c39274ab1cff1367115b6a98a7225292b29bf911efed8032158e7",
								"dst": "VcfQS9Y9HFDr74t69PvG2gjxhy27DRp4vq",
								"coins": "10000000.000000",
								"hours": 1
							},
							{
								"uxid": "eb09d0a0c7463ecb37b85f9317ea7f76511c0bf5c1eee4a288c491d70406408f",
								"dst": "2Yxfm5j3iXiAp5J1Q7M3wpBj2PZVtY2Zppn",
								"coins": "10000000.000000",
								"hours": 1
							},
							{
								"uxid": "39afd16c03a2e49f927fd55d36c71294b8bc32e455fbcb1fd1bb3506b47ce49b",
								"dst": "z2pppHAiKxr8iJFZTuo5pMP84Yzxznbp7n",
								"coins": "10000000.000000",
								"hours": 1
							},
							{
								"uxid": "83a40fad6af0ad98a0794826d669f6a8d1d979a9f7a4a062084523452fbea192",
								"dst": "wUFY8boFchDp3rdxRGarLNpYvPzrUzUcwE",
								"coins": "10000000.000000",
								"hours": 1
							},
							{
								"uxid": "34f09e88ee9503203854c3fe97f8c6315566cba15c85c221763c1b40f69173c3",
								"dst": "297viMSqp7XC66BvQyb3unt34aqKosij7wN",
								"coins": "10000000.000000",
								"hours": 1
							},
							{
								"uxid": "f61a62b13cc7a6ab8017d7cdde81f3118e279f5610c5e07cf281343c02e79d04",
								"dst": "27EpRXxRXzvTEMxPJcCgXHmGDKVwdu5VRCH",
								"coins": "10000000.000000",
								"hours": 1
							},
							{
								"uxid": "30968074728663ad4766440b124a76295e7b2969f1120cc03b8713170fba870b",
								"dst": "2SYPok6qJ34wduR278obKNxq19epNCJWHp",
								"coins": "10000000.000000",
								"hours": 1
							},
							{
								"uxid": "ba47fca19e661f89f706ddde2bb91b050b2e31ef0c6f88a912b9a865d1dba518",
								"dst": "21Z2tgJxz28CuVJnbdu2nPgR6DneyAWAvdp",
								"coins": "10000000.000000",
								"hours": 1
							},
							{
								"uxid": "b1af4966128d3f4e30c22040cd866e778e3c9988cc42d66f1372befaecbb5ee0",
								"dst": "276NZpiwGst65HqqSnTdkrN6emfU3cGkc7b",
								"coins": "10000000.000000",
								"hours": 1
							},
							{
								"uxid": "6cf77537c47e5de80ac24bb366947ae790c95ad6bdde1f7f31f0a70e3ce8a687",
								"dst": "2h9ineLfaXSenRTe62MtLEf4HhXEHBkjyTd",
								"coins": "10000000.000000",
								"hours": 1
							},
							{
								"uxid": "e18e3e23cee771acc6855d3d7fea667fe2933c740a6d9520344bb58249e3eb42",
								"dst": "G2H5VvPthVqaST1gVkRcRW6ZvM2bfVebV2",
								"coins": "10000000.000000",
								"hours": 1
							},
							{
								"uxid": "92d2c3481c496992009c4bfa35632d733796a02c0377fa6661675216b3d85790",
								"dst": "2byFQowuUXd8ZSh9Yo5XaGKyCPSCAuY1x4",
								"coins": "10000000.000000",
								"hours": 1
							},
							{
								"uxid": "dd5815cb588604993b526d36cd23b89ba6e7d81329ddb75ca1ce2466147fdcaf",
								"dst": "yUPEkyk9nZBt5cRzLgvcWrWtKaGcrmUt4n",
								"coins": "10000000.000000",
								"hours": 1
							},
							{
								"uxid": "200e9cad3a636671dd2cea7cd7f6d4be94f02f33d11b64888597c41a7b60e9c8",
								"dst": "2Hy1FdziwAPoDGX8Y2i8JCuuLW2FLZBVeWi",
								"coins": "10000000.000000",
								"hours": 1
							},
							{
								"uxid": "2b42b1eee48021812faf9e6eabf20631f3cc7d4e0193c8f183745935c4627078",
								"dst": "5HN9iiKWzgW7vWVn4quhqDW4oXNRX8qz4J",
								"coins": "10000000.000000",
								"hours": 1
							},
							{
								"uxid": "dc0157e4def8efcd97e5857aad9dc472a58372296cc81d1549fbb720be52e19c",
								"dst": "Zx5ng6rMhmjDHnTJF1ZDhLaNQSReZuF3wm",
								"coins": "10000000.000000",
								"hours": 1
							},
							{
								"uxid": "f870fb218cee504d84fe28dc7faa55be77390b41d165e49c174e1e7e16dcbbe5",
								"dst": "KnC2fsvrDWisvRrufL5C4vhjazJRh5R6EV",
								"coins": "10000000.000000",
								"hours": 1
							},
							{
								"uxid": "49d6b0db2fdc502384fea986de93527a5c99340e5888809b7063ce6c578a8417",
								"dst": "unikwx3PfPpk8NTUDc2m6SMdfPrGU8jYVw",
								"coins": "10000000.000000",
								"hours": 1
							},
							{
								"uxid": "48a228263633df7a743d87f0b3e4798d845b1469b72536bb441492d919e628f7",
								"dst": "i5e1FhB4LZZZ6JMU7Asb1JQrJaAs6TX3bZ",
								"coins": "10000000.000000",
								"hours": 1
							},
							{
								"uxid": "3d9a98ace938198c1960462277153f8ee13827ffdd23fd5189d120cb5aa6faf8",
								"dst": "VYw495Nio7NBsi33yZhLgg6TDqqoT2dpxC",
								"coins": "10000000.000000",
								"hours": 1
							},
							{
								"uxid": "8c03fa603d2d130e0781876a186a965f8f2011f43f033688fe3b6c5db3e0ef16",
								"dst": "2XRiQDtVD8Wwxzfkc9QmepqcUkHaWo1C1ya",
								"coins": "10000000.000000",
								"hours": 1
							},
							{
								"uxid": "e96470b34ad08dbda73732b1f9afdfef6c1791b2ef970d318b7da765a1de256b",
								"dst": "2gQpmhe58LsMRCEU9Tjx4e2DQDJbjVHt8AD",
								"coins": "10000000.000000",
								"hours": 1
							},
							{
								"uxid": "0791929a340e36da473973eff0b073f81bc41bad1cba33dcf24fad0bcac93169",
								"dst": "2KBKLSxxbEfLsZVaz5JvJdk5inTakw6AeFj",
								"coins": "10000000.000000",
								"hours": 1
							},
							{
								"uxid": "ddabbc64497d8b91c364535636b4dc27ad4334cc227d42e62ec6469ee1fa9e70",
								"dst": "2K8Mh6ecE27nWQLXWxB1JT13BZT8jAEzKn9",
								"coins": "10000000.000000",
								"hours": 1
							},
							{
								"uxid": "7d824e045fea7e562c57802a7a259e06fb29082d5bd44e568d7f5784bf4db652",
								"dst": "KgVwS2ZCfNwuSss55jYXuizgUJrxrzjA1G",
								"coins": "10000000.000000",
								"hours": 1
							},
							{
								"uxid": "eefdbc96d2ff27e0c0ec0460cfba324e720d3daeb6e5c650fa64a4694bbabcd2",
								"dst": "EVa63R7z35VMWJwEoMb7eMXpGVNKApbFTM",
								"coins": "10000000.000000",
								"hours": 1
							},
							{
								"uxid": "7a3b0b03e59b545d3dc7bcc2cb228ecaa69fc24c8fece267bfa5587bc5b2f1e2",
								"dst": "9kkcCzNyGv7pq7AcejQpLRxVCE8bQqZkDV",
								"coins": "10000000.000000",
								"hours": 1
							},
							{
								"uxid": "53cfce31692b2484e67313d44c6d5788be5b891f180eb2e518993b9dd0659e2e",
								"dst": "FiMPcfLvYAqkGeh1geL5SgxQQdHWyqNFxV",
								"coins": "10000000.000000",
								"hours": 1
							},
							{
								"uxid": "54b61a7efa911a4efd58b14375a348f72b5751d1da6ae909067ddf7138a497d3",
								"dst": "2Z4vomEgh5GWrtHB4NSSr29Xwnq1iSKZBi9",
								"coins": "10000000.000000",
								"hours": 1
							},
							{
								"uxid": "b90b20fa9726a2ebbf0d3e7c08ae76ea0af07eebf1411a56f5ce911256e91e49",
								"dst": "2m1ma8h29fr6d64vK33xNWaQANiuKhvb7np",
								"coins": "10000000.000000",
								"hours": 1
							}
						]
					}
				]
			},
			"size": 3846
		},
		{
			"header": {
				"seq": 2,
				"block_hash": "c9afe1f01244de2ac570113bc417b7075241a6a0021d54bd9eb2cfacf4b7973e",
				"previous_block_hash": "4580013fd2acf5eef12b23375d7d2285bb4a698297d66848f6adabf2b3dc79df",
				"timestamp": 1518546895,
				"fee": 1,
				"version": 0,
				"tx_body_hash": "73f68a37d7ff20a8227ba87b20394f62244de18d01b22853c5472cb4d0391875",
				"ux_hash": "718d28e59c4484514fa231fd1bf72025352fbe03b7fde5c7e94c40911b3e56e4"
			},
			"body": {
				"txns": [
					{
						"length": 183,
						"type": 0,
						"txid": "73f68a37d7ff20a8227ba87b20394f62244de18d01b22853c5472cb4d0391875",
						"inner_hash": "366e8e4c4df52b0013f3b4489124b81b0f836c3aab6296f9a15ebf15a9b1d3ba",
						"fee": 1,
						"sigs": [
							"c1a5f37d14d5e1e4ce0c54518093259acf4d75cf439938e9fb20901a0c00df654a9a57e274d83e2530f96c29c3e9d17622b0dfa67a7444d8bb15f2ef4fe77aa401"
						],
						"inputs": [
							{
								"uxid": "7df1fcfff6be856e7bfb98fc84b16d4aac05a74db29bafa676071c236ae0c28d",
								"owner": "2yTcExvfLJZEzvERGmtD6p7Eb1aj5ceJKf",
								"coins": "10000000.000000",
								"hours": 1,
								"calculated_hours": 1
							}
						],
						"outputs": [
							{
								"uxid": "96d93eba41144e4bd76ad01cd48c4b01a7bf285adda6f45461d1e22e570d3ce5",
								"dst": "czQ5CFysUTYDNqB2usjjdvEKy8Y5Wpewyh",
								"coins": "10000000.000000",
								"hours": 0
							}
						]
					}
				]
			},
			"size": 183
		},
		{
			"header": {
				"seq": 3,
				"block_hash": "5166f2f573461908faff39bff72f3a5ff9803e3542bc9ebd8879db48fff84a0e",
				"previous_block_hash": "c9afe1f01244de2ac570113bc417b7075241a6a0021d54bd9eb2cfacf4b7973e",
				"timestamp": 1518547065,
				"fee": 2333880556,
				"version": 0,
				"tx_body_hash": "27e278dcca65fef06a9b32b572a4bea9950ac678898ef1a0e62204f527b4abb0",
				"ux_hash": "08239f9cb292032157a1855bb2735401c650735a3859a13d5a71ad45c68d6fb4"
			},
			"body": {
				"txns": [
					{
						"length": 183,
						"type": 0,
						"txid": "27e278dcca65fef06a9b32b572a4bea9950ac678898ef1a0e62204f527b4abb0",
						"inner_hash": "65179283f16fdb8b5a093e456f1526d9476611a856220269915939d2fc7cce38",
						"fee": 2333880556,
						"sigs": [
							"e74d9b0c24a4016b1ddbdcef68bf45c3474ad8fdacc7df3bb625bc5ec1dc64ce0e8d16d482acf3da3f77e002ef0c34eb8f1be5772f87d16ff5fb48eb6b9a774200"
						],
						"inputs": [
							{
								"uxid": "c14155b43bd9eec4616761aa66552992670d79c51bf5c4949f6382492c309bdd",
								"owner": "2gEv7WtQEfqf6Br5qSWTLKvPw4Q5AsfcEe8",
								"coins": "10000000.000000",
								"hours": 1,
								"calculated_hours": 4667761112
							}
						],
						"outputs": [
							{
								"uxid": "2c1c7c47baa0e10319f942fbd4e11b41629c42217953bd65bcd8691a115375b2",
								"dst": "2dAGNzdgCPv4Shbe4A7hkNQEJL4jUF3ehcF",
								"coins": "10000000.000000",
								"hours": 2333880556
							}
						]
					}
				]
			},
			"size": 183
		},
		{
			"header": {
				"seq": 4,
				"block_hash": "ad98329e4482bce5ba4c682e540070d67568bb376065f57d4b94354add1ecef9",
				"previous_block_hash": "5166f2f573461908faff39bff72f3a5ff9803e3542bc9ebd8879db48fff84a0e",
				"timestamp": 1518547185,
				"fee": 2334116667,
				"version": 0,
				"tx_body_hash": "1cac43a971f13e83077b9225373201ec9318d79dca4783559d58a69e57d388c7",
				"ux_hash": "751cd4232785c91bc9753f50ddc1f04d15c149e8f6c9a9436744500ed3e3da41"
			},
			"body": {
				"txns": [
					{
						"length": 183,
						"type": 0,
						"txid": "1cac43a971f13e83077b9225373201ec9318d79dca4783559d58a69e57d388c7",
						"inner_hash": "7946d1d8cb49cf778a19629c10c22ed1fb856dbfe70a9bcfbe7ababaff553123",
						"fee": 2334116667,
						"sigs": [
							"c2cf9efd49f7b78290dc86a4264dab54a9ac160282124c9412c4566c5ca2e1284503ef243893a0cf704357466354280e14df2f98a3eb3ef235bf0969ffb777d500"
						],
						"inputs": [
							{
								"uxid": "f2dbe54308d951dae4c1d277bb049b896f3e7b0d7ce3d66a18d7cd23f7cc3401",
								"owner": "yBRshTxPszDHB88e9Kg4iLXaefeMMtyeEz",
								"coins": "10000000.000000",
								"hours": 1,
								"calculated_hours": 4668233334
							}
						],
						"outputs": [
							{
								"uxid": "e365a768fa01079a9126ad076d6217c626e5356ca826b9ea2aa275b809749c72",
								"dst": "mRyYjpnfFUeao5absoCwCe9z4PAJfnEW7r",
								"coins": "10000000.000000",
								"hours": 2334116667
							}
						]
					}
				]
			},
			"size": 183
		},
		{
			"header": {
				"seq": 5,
				"block_hash": "c4c40ac0a35a9d72fe51e08cd387a705a5ca849470342ed215a5bcb9f9ea7d1a",
				"previous_block_hash": "ad98329e4482bce5ba4c682e540070d67568bb376065f57d4b94354add1ecef9",
				"timestamp": 1518547225,
				"fee": 2334283334,
				"version": 0,
				"tx_body_hash": "39e7b6a6f22c3fceb84107f8327604e7b3a628bcf7e6fe20ed1425f233802cb9",
				"ux_hash": "236a0ce7c545de4790b15798340ac3efafb524f719826cfbf0570fe75e1ead97"
			},
			"body": {
				"txns": [
					{
						"length": 183,
						"type": 0,
						"txid": "39e7b6a6f22c3fceb84107f8327604e7b3a628bcf7e6fe20ed1425f233802cb9",
						"inner_hash": "29a92f992a3394b70ba34ed47b7cafd0499026224b3c557244f37bfa5348225b",
						"fee": 2334283334,
						"sigs": [
							"173ca55f94fe668000cd2f2f85faaaa89041ce2b573d54c20a148ff02d2c589325dd166caae8e32ec2b1e061336d928281e7b24aa16552415b2268fba22610fb00"
						],
						"inputs": [
							{
								"uxid": "b79199c6890ca0319a8c3f4e2b72595587a877d51cd2bfcd5765b15d579dd0ae",
								"owner": "h8tbUcUAUpTgVq3PqMTQcLEH3a6UVJqHmS",
								"coins": "10000000.000000",
								"hours": 1,
								"calculated_hours": 4668566667
							}
						],
						"outputs": [
							{
								"uxid": "1b0781217a4428a930a049cff62962728319c7386c1f99b20d0d57ab9d4aad4c",
								"dst": "gWw3pL7okUQe1m1jBnpeiFjbBN9YA1mtbZ",
								"coins": "10000000.000000",
								"hours": 2334283333
							}
						]
					}
				]
			},
			"size": 183
		},
		{
			"header": {
				"seq": 6,
				"block_hash": "64406ed3cb10900cd62ad38e916e4fb2694afb601da6adc2493b48a946a910bb",
				"previous_block_hash": "c4c40ac0a35a9d72fe51e08cd387a705a5ca849470342ed215a5bcb9f9ea7d1a",
				"timestamp": 1518547265,
				"fee": 2334338889,
				"version": 0,
				"tx_body_hash": "45a9a981951764111cb7b150694488227e93747514f4946ec5ca10ae99c36edf",
				"ux_hash": "75df4be9a3c68df29ed3ba4146b2b46427119b2654dbf04cccb619df098eb663"
			},
			"body": {
				"txns": [
					{
						"length": 183,
						"type": 0,
						"txid": "45a9a981951764111cb7b150694488227e93747514f4946ec5ca10ae99c36edf",
						"inner_hash": "65f8b603ea2ac7d0b7cefed27d21b847ecbf32695e76283a0f6a3a186f149b5f",
						"fee": 2334338889,
						"sigs": [
							"1a74121c23b8cccb6e5eed54fbab6ffddaea1baafe7173524c25336671fe973308e0d40bc3d112df78a48cb5ad5aa9a210fd9073b2dbe9aa1bbfcd48bb5c5dcc00"
						],
						"inputs": [
							{
								"uxid": "27429f93699ef7d11f656bf12caef3ce66083215c79c139a67e39b7117065b9a",
								"owner": "2CGrDHn5tSzqzgbkEcNLaTxc6Y4G4fxUt5R",
								"coins": "10000000.000000",
								"hours": 1,
								"calculated_hours": 4668677778
							}
						],
						"outputs": [
							{
								"uxid": "8b00b3eaa169355ce490f347932120faca83519c00c1c777900f732444276d98",
								"dst": "xJeu6Auwb54xeQfMCVJgXht3N44khD5eQW",
								"coins": "10000000.000000",
								"hours": 2334338889
							}
						]
					}
				]
			},
			"size": 183
		},
		{
			"header": {
				"seq": 7,
				"block_hash": "6be6db1a132132ae7d0fbe3dd3ed7a83ed9c738faca0b23484d0c532c87d03e9",
				"previous_block_hash": "64406ed3cb10900cd62ad38e916e4fb2694afb601da6adc2493b48a946a910bb",
				"timestamp": 1518547345,
				"fee": 2334394445,
				"version": 0,
				"tx_body_hash": "f36a396607fc374c7faf71285d4bf407bb9921f74273cdd873c85c7be069238d",
				"ux_hash": "c90ff31b2f5e6f4ff0104cbe7af003713e26e73989289e0bb0741fc6267f8187"
			},
			"body": {
				"txns": [
					{
						"length": 183,
						"type": 0,
						"txid": "f36a396607fc374c7faf71285d4bf407bb9921f74273cdd873c85c7be069238d",
						"inner_hash": "4d74bdd5a88256a17d13bd18aeed388da8d2eafa8ad35caaca2a983a19aab3d8",
						"fee": 2334394445,
						"sigs": [
							"58f2ca7497e782d8fdab2e7efe52ec3cfa7182f9fb64177b89416f17dcd110696fcf9101d26ac95da41f3d59d1f6b1b076348d3a4f163816fbfcac488ed6a66101"
						],
						"inputs": [
							{
								"uxid": "24ba269b4f273ccf4af63ff631f47a467e739b2cc71a9795c1ea33f0a816fc5d",
								"owner": "2CucXMcBqWbG7x5Zz5aRKgEbvady2hR8W4T",
								"coins": "10000000.000000",
								"hours": 1,
								"calculated_hours": 4668788889
							}
						],
						"outputs": [
							{
								"uxid": "8086a30cb4cd149446cfd1ba436654ffcb09eef9bd99748ca2c66a978034ebc1",
								"dst": "2g8a5ZGoqbHk6Hr42GBaXcqFK3gvy2GZvhf",
								"coins": "10000000.000000",
								"hours": 2334394444
							}
						]
					}
				]
			},
			"size": 183
		},
		{
			"header": {
				"seq": 8,
				"block_hash": "698a074959d5bf119ec67d11b83de015610205ebed48204eb83e0e07b854fe5b",
				"previous_block_hash": "6be6db1a132132ae7d0fbe3dd3ed7a83ed9c738faca0b23484d0c532c87d03e9",
				"timestamp": 1518547435,
				"fee": 2334505556,
				"version": 0,
				"tx_body_hash": "8e1b944996bc96fedd73c25efdeb7545ceff6bdd42b45c91f9e0f0f10e28bb66",
				"ux_hash": "b8c061acb00ea8f9d37cc42a9b9c28db9770036c28a7b69496bd73a04b45f8cb"
			},
			"body": {
				"txns": [
					{
						"length": 183,
						"type": 0,
						"txid": "8e1b944996bc96fedd73c25efdeb7545ceff6bdd42b45c91f9e0f0f10e28bb66",
						"inner_hash": "c0f015946451aa913771207b375ca9c9901b7a4ef2b5daa66899f8de669b90af",
						"fee": 2334505556,
						"sigs": [
							"e42635c572d9ce3ee1a8f7a1ebc7c012212b5fd776b12fafaa85900b370c58542305eadd4709bc60de1f3ada71bc584ace63ed545c71e7a9039527942f465ecf01"
						],
						"inputs": [
							{
								"uxid": "d194a9c24113ba2d0836b796567b5ac2954bac9c1a56a38c48d71b4c6d7b412c",
								"owner": "2VSiY5uuEkaU1oHAH3RvMTowpVJzfyrPHmG",
								"coins": "10000000.000000",
								"hours": 1,
								"calculated_hours": 4669011112
							}
						],
						"outputs": [
							{
								"uxid": "59bf04bd5ee0c3a569a004e4892d92d63e2a500397037e94c036b830923c310c",
								"dst": "CdQ2SXuuZ6oNvivX1GpWoZcjne61wGFUaV",
								"coins": "10000000.000000",
								"hours": 2334505556
							}
						]
					}
				]
			},
			"size": 183
		},
		{
			"header": {
				"seq": 9,
				"block_hash": "1ab04b82bbcf5fda81ecab5133e6fe0295ddbcb01502c244c19482fc2f655540",
				"previous_block_hash": "698a074959d5bf119ec67d11b83de015610205ebed48204eb83e0e07b854fe5b",
				"timestamp": 1518547475,
				"fee": 2334630556,
				"version": 0,
				"tx_body_hash": "f39b1db2bcccd95f7ea4e2cb0d8aa9634e838b7352214474e09cb781ea823d98",
				"ux_hash": "1ebea7da396453214356a2c5df485bfcb0ee1a78d7f45ac2ccdcda4fab6a8a79"
			},
			"body": {
				"txns": [
					{
						"length": 183,
						"type": 0,
						"txid": "f39b1db2bcccd95f7ea4e2cb0d8aa9634e838b7352214474e09cb781ea823d98",
						"inner_hash": "e4bd49a9aa5a6db43e4aae8ca885890986ab52245c629d10e84a160236be5cdb",
						"fee": 2334630556,
						"sigs": [
							"5b34123de4e18f6b98bd8a6115ea6b61eeeb35cc0ac1ae0991e63fb7d16f3a841599667e9d8ec23a63a456a7388d27de760d8b8bc277e0a73013863f0fff9ac400"
						],
						"inputs": [
							{
								"uxid": "9a2bf5043588c5a017746dc6e043248e469417622e91c93131eb76a3efd3d01f",
								"owner": "2ZhUg4Y2yk8JZM2fQkEVc3Fbekrcc4SPyrr",
								"coins": "10000000.000000",
								"hours": 1,
								"calculated_hours": 4669261112
							}
						],
						"outputs": [
							{
								"uxid": "d11491950431627f9101286914feb2c5dfe2dff081b055b1609f66c177df4e7f",
								"dst": "2K6VWQGvkTHAgmh6yWeu8K4tXqahMrjxa4i",
								"coins": "10000000.000000",
								"hours": 2334630556
							}
						]
					}
				]
			},
			"size": 183
		},
		{
			"header": {
				"seq": 10,
				"block_hash": "b44c94975a44832f2a2227a2a895af39eec53e7273969f722a86ae3fdb319c53",
				"previous_block_hash": "1ab04b82bbcf5fda81ecab5133e6fe0295ddbcb01502c244c19482fc2f655540",
				"timestamp": 1518547525,
				"fee": 2334686112,
				"version": 0,
				"tx_body_hash": "44e585d494c29f9a758ea40e0de80e5c8ca447faa49174ed98f630fa5148fed9",
				"ux_hash": "12a0bf77e96806e04d5cae1ecfd5580120f00183a0524e2354c937581f97e738"
			},
			"body": {
				"txns": [
					{
						"length": 183,
						"type": 0,
						"txid": "44e585d494c29f9a758ea40e0de80e5c8ca447faa49174ed98f630fa5148fed9",
						"inner_hash": "c44994d6d2ca62398facf4ade839dc959b0c124cccf216690c0526cf78b229eb",
						"fee": 2334686112,
						"sigs": [
							"49089d4ac7ff69c60290d35e902f736d0a92f4bc25ae0d02273fac1bb2af744b77825bc02aa1676870969fbd8871c1a1d8fb7f46a87602e1b2b81fcc5780d57b00"
						],
						"inputs": [
							{
								"uxid": "25955a27037ee83e5cb673535fa79497f9e6178067ba5c1a4178db0c05b6b59e",
								"owner": "6AepEwqm6wCpccEfYA4P5MMZrUviMAfntd",
								"coins": "10000000.000000",
								"hours": 1,
								"calculated_hours": 4669372223
							}
						],
						"outputs": [
							{
								"uxid": "a64424fafd16a1bbee42c006ad30bec4866c64581726dec53d94021745f3e1e8",
								"dst": "2LUgXJK78VB7tcARHQAMeXsZTba9mzant2k",
								"coins": "10000000.000000",
								"hours": 2334686111
							}
						]
					}
				]
			},
			"size": 183
		}
	]
}
