{
	"blocks": [
		{
			"header": {
				"seq": 107,
				"block_hash": "29a1b9e93c9a467e040fa66162fc379b7546560eacb29c9a816dd96317d656b3",
				"previous_block_hash": "0879fbaee49deb2d2e3d9ea19aac167be35c42639fa5f80590153fa40ce49bff",
				"timestamp": 1518687275,
				"fee": 94483,
				"version": 0,
				"tx_body_hash": "876a59d34949a15c57c26c045382c11966ff97130cfcd8de2137039d2afce9a1",
				"ux_hash": "5601fbd4841d3e8ea4ac2935f4f10259923cb0b235af75650be7886816a88be2"
			},
			"body": {
				"txns": [
					{
						"length": 220,
						"type": 0,
						"txid": "876a59d34949a15c57c26c045382c11966ff97130cfcd8de2137039d2afce9a1",
						"inner_hash": "debbf7926a673d647218e963904b5cab32b429463d033434eb4f3bb77f60b57d",
						"fee": 94483,
						"sigs": [
							"9c37710e08a41717beec07b3bc6f1de3c55c22f8110c70f459d18f2762c45393194ea1cabed00234a25a88d6d35656b9db57173dc1240ef35af5a4641e7f0efe00"
						],
						"inputs": [
							{
								"uxid": "1e6d598f3e0c63aacb62ffb19d0be8805bc7703d64ff537fdc587455f48516e8",
								"owner": "2yTcExvfLJZEzvERGmtD6p7Eb1aj5ceJKf",
								"coins": "0.889000",
								"hours": 188965,
								"calculated_hours": 188965
							}
						],
						"outputs": [
							{
								"uxid": "d0060fb1b8c63129d2bcecf51b9d17ccc213a3357257f4ca766689534871c6ce",
								"dst": "2yTcExvfLJZEzvERGmtD6p7Eb1aj5ceJKf",
								"coins": "0.009000",
								"hours": 47241
							},
							{
								"uxid": "b6825d87ae14349a04bc8fe849a535157c1beae3e76076d7fe0f757dc086fb69",
								"dst": "2RnBYRBLmZGys3N4nLDbRgHKDuFHxwa58Sf",
								"coins": "0.880000",
								"hours": 47241
							}
						]
					}
				]
			},
			"size": 220
		},
		{
			"header": {
				"seq": 108,
				"block_hash": "452a17d17ed814942821935b5495670831fc2668e4b88ffcbdd31486977e45fc",
				"previous_block_hash": "29a1b9e93c9a467e040fa66162fc379b7546560eacb29c9a816dd96317d656b3",
				"timestamp": 1518690085,
				"fee": 23621,
				"version": 0,
				"tx_body_hash": "85de4a35bd2560a813cb85f148b8b3347156e4b3b9168d2a1e24c876c2081183",
				"ux_hash": "0b0ccb54f10611016f44b9f827e6c2184f417a813efd5baa56601815c6ebcb31"
			},
			"body": {
				"txns": [
					{
						"length": 220,
						"type": 0,
						"txid": "85de4a35bd2560a813cb85f148b8b3347156e4b3b9168d2a1e24c876c2081183",
						"inner_hash": "aa9eb8a16832705f87f6c1a4cc9adf41294141452a9bee0bd177485ad19fb06f",
						"fee": 23621,
						"sigs": [
							"ddfc31b520b0f97ab8004418d8f9291cac9408a513250f2a8f6072a104f72f813f1b8a2a8261e614ed9d9854577d946e6502b7ef0579b7daf60a149487e41efd00"
						],
						"inputs": [
							{
								"uxid": "d0060fb1b8c63129d2bcecf51b9d17ccc213a3357257f4ca766689534871c6ce",
								"owner": "2yTcExvfLJZEzvERGmtD6p7Eb1aj5ceJKf",
								"coins": "0.009000",
								"hours": 47241,
								"calculated_hours": 47241
							}
						],
						"outputs": [
							{
								"uxid": "7e42ea83a2526383c540019372629e5abc92208228e2c88786bda6e5e2d82d51",
								"dst": "2yTcExvfLJZEzvERGmtD6p7Eb1aj5ceJKf",
								"coins": "0.001000",
								"hours": 11810
							},
							{
								"uxid": "127f703323ff0ddc8f1f12c245de0f0375b48ba40bcc59207bd221eb0c600e5b",
								"dst": "27A6NxDMcW7gpaWKghuWxbFcbNBmxevM9Q",
								"coins": "0.008000",
								"hours": 11810
							}
						]
					}
				]
			},
			"size": 220
		},
		{
			"header": {
				"seq": 109,
				"block_hash": "409111e2c00c5737e214b5319ef083c49029f7c55e1604f9328db128c99dd749",
				"previous_block_hash": "452a17d17ed814942821935b5495670831fc2668e4b88ffcbdd31486977e45fc",
				"timestamp": 1519993775,
				"fee": 6047639,
				"version": 0,
				"tx_body_hash": "a14bbc57cdb135b0015ce5e668f5a86f60a1e3293d18ebb6fb183aeb6cd46114",
				"ux_hash": "31c4bdeea122707e67cba2cde0a3ca0b6343fa692803ff7cb30eb93b4ada79c9"
			},
			"body": {
				"txns": [
					{
						"length": 220,
						"type": 0,
						"txid": "a14bbc57cdb135b0015ce5e668f5a86f60a1e3293d18ebb6fb183aeb6cd46114",
						"inner_hash": "937e9b4b83fed2cb261ce6c398ce17ac9368b5c93adc07a6650863d0a22d4537",
						"fee": 6047639,
						"sigs": [
							"234a4e7442169ef14f2f209d08573e14aa977deac0be235a223ed4b79daef19a597f4b65cbff7400e4cb25e07ca1799ea69ad624d1fef095907a4d09cbfdcfbb01"
						],
						"inputs": [
							{
								"uxid": "11322af00895456a9ff87a17284a78eca55eb12384f908de0935be85a1eb9f72",
								"owner": "LzBBkw5U5BrtcqkAz4x9wHNN1GteJUL1Hi",
								"coins": "99.000000",
								"hours": 12093750,
								"calculated_hours": 12095277
							}
						],
						"outputs": [
							{
								"uxid": "8078c928750dd957117651c8e45a6eda4055b692fa5a5bfb19afa8b408c8f014",
								"dst": "LzBBkw5U5BrtcqkAz4x9wHNN1GteJUL1Hi",
								"coins": "95.667000",
								"hours": 3023819
							},
							{
								"uxid": "d3cc0d22eca6cbc10cdf0400bc5aad9db7b289e03485a21794c44d75d73581ad",
								"dst": "CDLrMvPcmpdido8cbSFNNgzQXdC97TsgEQ",
								"coins": "3.333000",
								"hours": 3023819
							}
						]
					}
				]
			},
			"size": 220
		},
		{
			"header": {
				"seq": 110,
				"block_hash": "131783cb4a7373abf6f617f73dde0788f5fc90ace625cc93d82be6b7c3465bec",
				"previous_block_hash": "409111e2c00c5737e214b5319ef083c49029f7c55e1604f9328db128c99dd749",
				"timestamp": 1520143875,
				"fee": 1511910,
				"version": 0,
				"tx_body_hash": "c135e57bb3c30748731c1c4148babac8fef4351cc28f93d1dc633a51c4926751",
				"ux_hash": "8e2b76c2e7141ed3cf47248f1d97fd1748a52c5068faf5e22abf20b85155c252"
			},
			"body": {
				"txns": [
					{
						"length": 220,
						"type": 0,
						"txid": "c135e57bb3c30748731c1c4148babac8fef4351cc28f93d1dc633a51c4926751",
						"inner_hash": "ecb0a0c4b30440a0c52bd7d98afbad75f6ffd19be703460d486100b6b6f29a1d",
						"fee": 1511910,
						"sigs": [
							"e6173da8da98fa4c68a049cdf7af48b62af870bd1f69384dbb0f946a3dbf445d60a437dbbeec167cd027deb44334699fd294f91c39234da0c87a24a65894a84401"
						],
						"inputs": [
							{
								"uxid": "8078c928750dd957117651c8e45a6eda4055b692fa5a5bfb19afa8b408c8f014",
								"owner": "LzBBkw5U5BrtcqkAz4x9wHNN1GteJUL1Hi",
								"coins": "95.667000",
								"hours": 3023819,
								"calculated_hours": 3023819
							}
						],
						"outputs": [
							{
								"uxid": "369a8c4e05d11a2836ebabbd1bfb005a83b3345712234775edc31e3a18eb853e",
								"dst": "LzBBkw5U5BrtcqkAz4x9wHNN1GteJUL1Hi",
								"coins": "92.667000",
								"hours": 755955
							},
							{
								"uxid": "00e65cd39948be07205ca6ea10ef32dbe13b1767d6ab4ecc45ae883e508c3caf",
								"dst": "6bCydnmFtHpZSL88McsynH3kNPDdaNxQpY",
								"coins": "3.000000",
								"hours": 755954
							}
						]
					}
				]
			},
			"size": 220
		},
		{
			"header": {
				"seq": 111,
				"block_hash": "fa484200dae7b744c024da2bd376f26af557e974ac701fe8e27dc25cca288d70",
				"previous_block_hash": "131783cb4a7373abf6f617f73dde0788f5fc90ace625cc93d82be6b7c3465bec",
				"timestamp": 1520501895,
				"fee": 377978,
				"version": 0,
				"tx_body_hash": "5e7f3505865b69aff361594e2e0760cbabce08f97b0afaf122457d9e470846b1",
				"ux_hash": "1deb60545696a57a7eb6672560320c434f5fd9bbad59856a171291a6e4233910"
			},
			"body": {
				"txns": [
					{
						"length": 220,
						"type": 0,
						"txid": "5e7f3505865b69aff361594e2e0760cbabce08f97b0afaf122457d9e470846b1",
						"inner_hash": "7cc9124f8816630ebe4800d9f2d3237675fd29492b9e3c32ab2fdace328db0b2",
						"fee": 377978,
						"sigs": [
							"24799e66ee39ae796e3dcb41aa04bce1fddb458b6889e71a1950ec5dd57aeff26b2498274e18eee6aded838fc1560feab2837012aefeb314fd9b442fa6b1f47c01"
						],
						"inputs": [
							{
								"uxid": "369a8c4e05d11a2836ebabbd1bfb005a83b3345712234775edc31e3a18eb853e",
								"owner": "LzBBkw5U5BrtcqkAz4x9wHNN1GteJUL1Hi",
								"coins": "92.667000",
								"hours": 755955,
								"calculated_hours": 755955
							}
						],
						"outputs": [
							{
								"uxid": "56b3c85ff6d968bf8ef514e4ce8795dda2f3de8628ad84f35a0ddbb0fe2b0f9c",
								"dst": "LzBBkw5U5BrtcqkAz4x9wHNN1GteJUL1Hi",
								"coins": "7.667000",
								"hours": 188989
							},
							{
								"uxid": "ccb5503249261beec85e7b64c649608d935c17d92e1cb5848984af68c1cbfc46",
								"dst": "CDLrMvPcmpdido8cbSFNNgzQXdC97TsgEQ",
								"coins": "85.000000",
								"hours": 188988
							}
						]
					}
				]
			},
			"size": 220
		},
		{
			"header": {
				"seq": 112,
				"block_hash": "ae21171f1f8c24ba61e7c845ab8d6dac7f086581ad120f62765e9f87f93dac85",
				"previous_block_hash": "fa484200dae7b744c024da2bd376f26af557e974ac701fe8e27dc25cca288d70",
				"timestamp": 1520521315,
				"fee": 378126,
				"version": 0,
				"tx_body_hash": "d1a61e15ca5d7b8f230501e565245b4d82dcab6bfbc8eee2ec6a99cc03679977",
				"ux_hash": "b076fb16d6c82f7e844ad998bab72d237e8aa73a6ddead9821f3fa288e43bcba"
			},
			"body": {
				"txns": [
					{
						"length": 220,
						"type": 0,
						"txid": "d1a61e15ca5d7b8f230501e565245b4d82dcab6bfbc8eee2ec6a99cc03679977",
						"inner_hash": "3840771dfd42d9947650ac0cea544991b3b388c745654297e16a1c91b490cea9",
						"fee": 378126,
						"sigs": [
							"5eeb25f01b322bca4cdd631eb1f2e9eae973b5ca126f145c55b9c013dd24af9670533610961ec05c0e0ef7b7c9444ef3d1348014784d92f2420fadbcda54e87c00"
						],
						"inputs": [
							{
								"uxid": "00e65cd39948be07205ca6ea10ef32dbe13b1767d6ab4ecc45ae883e508c3caf",
								"owner": "6bCydnmFtHpZSL88McsynH3kNPDdaNxQpY",
								"coins": "3.000000",
								"hours": 755954,
								"calculated_hours": 756252
							}
						],
						"outputs": [
							{
								"uxid": "a276b7ef954297da431f7f4677c5d7b56f655c4125b5b22b253e105d74cc8007",
								"dst": "2gEv7WtQEfqf6Br5qSWTLKvPw4Q5AsfcEe8",
								"coins": "1.000000",
								"hours": 1
							},
							{
								"uxid": "61956f798d01dc0bddd3f229bb11c03fc99a3c44e7f77e94713f2b7117bb3911",
								"dst": "6bCydnmFtHpZSL88McsynH3kNPDdaNxQpY",
								"coins": "2.000000",
								"hours": 378125
							}
						]
					}
				]
			},
			"size": 220
		},
		{
			"header": {
				"seq": 113,
				"block_hash": "eded19f6070725105735a7639ec7db4035b9fe2cec2658f201c3165dc15a9961",
				"previous_block_hash": "ae21171f1f8c24ba61e7c845ab8d6dac7f086581ad120f62765e9f87f93dac85",
				"timestamp": 1520521695,
				"fee": 189063,
				"version": 0,
				"tx_body_hash": "fe12747fa82c2db318294feaf7c66e51f25bf98eeba94450b215cbcd5dd115a3",
				"ux_hash": "63af23cbd8f43180d454e5d3b2010505af3b8fbc768c70e5163ffc013b6555cd"
			},
			"body": {
				"txns": [
					{
						"length": 220,
						"type": 0,
						"txid": "fe12747fa82c2db318294feaf7c66e51f25bf98eeba94450b215cbcd5dd115a3",
						"inner_hash": "b0d056b4a57f916e708688c2d5f1467f51b075589a6120e7b0d6882879777615",
						"fee": 189063,
						"sigs": [
							"e7945f9a5738c1937dade5eee275aa4316e79f5840a5e069ab609aecf8e1735e52b4cf21e0b62b47a30df93da94f47d1b4b237b2d0464b47c0c3ac3429effd8200"
						],
						"inputs": [
							{
								"uxid": "61956f798d01dc0bddd3f229bb11c03fc99a3c44e7f77e94713f2b7117bb3911",
								"owner": "6bCydnmFtHpZSL88McsynH3kNPDdaNxQpY",
								"coins": "2.000000",
								"hours": 378125,
								"calculated_hours": 378125
							}
						],
						"outputs": [
							{
								"uxid": "9cf44cbafd76ab63497736be4abed2cb1706b873e26cdd1f2dbb6806fa0981f3",
								"dst": "yBRshTxPszDHB88e9Kg4iLXaefeMMtyeEz",
								"coins": "1.000000",
								"hours": 1
							},
							{
								"uxid": "a2b226154b98fdc19c0aaabad05e16d2f17c345adfca19563629aa72883913b2",
								"dst": "6bCydnmFtHpZSL88McsynH3kNPDdaNxQpY",
								"coins": "1.000000",
								"hours": 189061
							}
						]
					}
				]
			},
			"size": 220
		},
		{
			"header": {
				"seq": 114,
				"block_hash": "da3418079d14abe424406c0e328b84579c95344bdb5b57e71a13fcfff0762ff1",
				"previous_block_hash": "eded19f6070725105735a7639ec7db4035b9fe2cec2658f201c3165dc15a9961",
				"timestamp": 1520521965,
				"fee": 1,
				"version": 0,
				"tx_body_hash": "050909c81789777d23461836a0f22b842fc08d1af34773a9cb44b7b2afe272e6",
				"ux_hash": "5cfc2b19dbd955385a3e8b83e694ca911ad1c2b662bb65ee0150241628c1fb36"
			},
			"body": {
				"txns": [
					{
						"length": 183,
						"type": 0,
						"txid": "050909c81789777d23461836a0f22b842fc08d1af34773a9cb44b7b2afe272e6",
						"inner_hash": "7f06777d76616b828e721626c1ab5eca5791bd73858a0e7ca4a4310952c4da27",
						"fee": 1,
						"sigs": [
							"2c14c5fd06e5be9e069e092edd583d9d63615b9a2bfa83b3daf50bd52295607c02cfeec97b7da176f0bcd78b32ff17b510438a6bb141ce93e668d6d51aecbbb600"
						],
						"inputs": [
							{
								"uxid": "a276b7ef954297da431f7f4677c5d7b56f655c4125b5b22b253e105d74cc8007",
								"owner": "2gEv7WtQEfqf6Br5qSWTLKvPw4Q5AsfcEe8",
								"coins": "1.000000",
								"hours": 1,
								"calculated_hours": 1
							}
						],
						"outputs": [
							{
								"uxid": "da80372aa447d4437357109d4b99e50446778e7b21936115a1fabcc13e2ff73c",
								"dst": "LzBBkw5U5BrtcqkAz4x9wHNN1GteJUL1Hi",
								"coins": "1.000000",
								"hours": 0
							}
						]
					}
				]
			},
			"size": 183
		},
		{
			"header": {
				"seq": 115,
				"block_hash": "dd9d70690fa541fc6f0133892fbfb1bf92866aa09692cd1007df6eb94a620632",
				"previous_block_hash": "da3418079d14abe424406c0e328b84579c95344bdb5b57e71a13fcfff0762ff1",
				"timestamp": 1520522795,
				"fee": 1,
				"version": 0,
				"tx_body_hash": "4433b973748a4156b11294126238af04a43684d3ce48d60686738012e3a5a5ca",
				"ux_hash": "8704ce450f5bf42468f373635ae2717aca1543d99faeba8c068694add237f547"
			},
			"body": {
				"txns": [
					{
						"length": 183,
						"type": 0,
						"txid": "4433b973748a4156b11294126238af04a43684d3ce48d60686738012e3a5a5ca",
						"inner_hash": "a974cdc839bc7c4d5e334bfca9b2b5b95e7ec37203f8f4fccc4303719b6992e4",
						"fee": 1,
						"sigs": [
							"0ea901014f99e22e62f07b46c1c7fb714f162c0e3b7dd3e9f4702558f85a87e70ebcccd4470099ac696351278458a9dfc869f848ab19edddc082b99f6fa1925c01"
						],
						"inputs": [
							{
								"uxid": "9cf44cbafd76ab63497736be4abed2cb1706b873e26cdd1f2dbb6806fa0981f3",
								"owner": "yBRshTxPszDHB88e9Kg4iLXaefeMMtyeEz",
								"coins": "1.000000",
								"hours": 1,
								"calculated_hours": 1
							}
						],
						"outputs": [
							{
								"uxid": "004a43b461d3823e6ed4901791608fdb5a80f2bd559cfd543dd850d9164d052a",
								"dst": "LzBBkw5U5BrtcqkAz4x9wHNN1GteJUL1Hi",
								"coins": "1.000000",
								"hours": 0
							}
						]
					}
				]
			},
			"size": 183
		},
		{
			"header": {
				"seq": 116,
				"block_hash": "06e1f3cd685d4bff898ea2a366ac5ed0a268d93baf910c2abc0c94fae313724d",
				"previous_block_hash": "dd9d70690fa541fc6f0133892fbfb1bf92866aa09692cd1007df6eb94a620632",
				"timestamp": 1520523705,
				"fee": 94531,
				"version": 0,
				"tx_body_hash": "a1f88a288f70ee008a99d28bc64b1f461c0b6454b04f058120521391e4c58cf0",
				"ux_hash": "5461ae0f9f1e7bb8a11e732bd9cf469712b28738b0396d55199a3133c36e1538"
			},
			"body": {
				"txns": [
					{
						"length": 220,
						"type": 0,
						"txid": "a1f88a288f70ee008a99d28bc64b1f461c0b6454b04f058120521391e4c58cf0",
						"inner_hash": "f2e5e3e1fc1154e69a5ed1c4cad5d94e722fc191cfa807c89ec40b183fddc4f8",
						"fee": 94531,
						"sigs": [
							"f1e6ce8b153d004225a52f44d63a194b368f874d20d34941a093c09273488f134a1df1cfadd320834a9dc86d9696145340c0cc37209c876e21c657822ca988df00"
						],
						"inputs": [
							{
								"uxid": "a2b226154b98fdc19c0aaabad05e16d2f17c345adfca19563629aa72883913b2",
								"owner": "6bCydnmFtHpZSL88McsynH3kNPDdaNxQpY",
								"coins": "1.000000",
								"hours": 189061,
								"calculated_hours": 189061
							}
						],
						"outputs": [
							{
								"uxid": "b150140e7ba6976d5497213fb626d6a4617c886eade0af3f8a8eadc7de7bd7f3",
								"dst": "yBRshTxPszDHB88e9Kg4iLXaefeMMtyeEz",
								"coins": "0.100000",
								"hours": 1
							},
							{
								"uxid": "f1ed6d2e94164a5acfc5271b1cb0bf1108f3aedd39a1e62dbd757de3f156829f",
								"dst": "6bCydnmFtHpZSL88McsynH3kNPDdaNxQpY",
								"coins": "0.900000",
								"hours": 94529
							}
						]
					}
				]
			},
			"size": 220
		},
		{
			"header": {
				"seq": 117,
				"block_hash": "1d98a066f11b6af0de14cce8925144fad64a105e5ccd737df2a7eeaaac1a6b9c",
				"previous_block_hash": "06e1f3cd685d4bff898ea2a366ac5ed0a268d93baf910c2abc0c94fae313724d",
				"timestamp": 1520605905,
				"fee": 94751,
				"version": 0,
				"tx_body_hash": "7fedede25290bd0663219c5783f3991cd4b23d7f1475b557632586ccd87c4969",
				"ux_hash": "5ae734be33c594b52533fa443ed3834ddf5182b903ecc713eb35fe1a285d6db0"
			},
			"body": {
				"txns": [
					{
						"length": 220,
						"type": 0,
						"txid": "7fedede25290bd0663219c5783f3991cd4b23d7f1475b557632586ccd87c4969",
						"inner_hash": "5e35c88c4459d44212b3b99a15212d2e36df7c4a5516ea2e52b03e13ab676e97",
						"fee": 94751,
						"sigs": [
							"fe2148a35252355d308176a0f829c525a7e6260269ac97df1d4a96752f38d4c302a55cdfcf818a8fb8027416b705ef9af7b2d05b8f842b36f116d64cb9a6c45a00"
						],
						"inputs": [
							{
								"uxid": "ccb5503249261beec85e7b64c649608d935c17d92e1cb5848984af68c1cbfc46",
								"owner": "CDLrMvPcmpdido8cbSFNNgzQXdC97TsgEQ",
								"coins": "85.000000",
								"hours": 188988,
								"calculated_hours": 189502
							}
						],
						"outputs": [
							{
								"uxid": "ec0743c28668c1d434ccf19874987e0016075021ebcbe55b2311f2a599529771",
								"dst": "CDLrMvPcmpdido8cbSFNNgzQXdC97TsgEQ",
								"coins": "81.670000",
								"hours": 47376
							},
							{
								"uxid": "fbca31395b10adbce191db71e925b7d7dd8ca09c266f4c3bbfe5158bc21ce047",
								"dst": "2Dc7kXtwBLr8GL4TSZKFCJM3xqEwnqH6m67",
								"coins": "3.330000",
								"hours": 47375
							}
						]
					}
				]
			},
			"size": 220
		}
	]
}
