{
	"current": 117,
	"highest": 117,
	"peers": []
}
