{
	"blocks": [
		{
			"header": {
				"seq": 117,
				"block_hash": "1d98a066f11b6af0de14cce8925144fad64a105e5ccd737df2a7eeaaac1a6b9c",
				"previous_block_hash": "06e1f3cd685d4bff898ea2a366ac5ed0a268d93baf910c2abc0c94fae313724d",
				"timestamp": 1520605905,
				"fee": 94751,
				"version": 0,
				"tx_body_hash": "7fedede25290bd0663219c5783f3991cd4b23d7f1475b557632586ccd87c4969",
				"ux_hash": "5ae734be33c594b52533fa443ed3834ddf5182b903ecc713eb35fe1a285d6db0"
			},
			"body": {
				"txns": [
					{
						"length": 220,
						"type": 0,
						"txid": "7fedede25290bd0663219c5783f3991cd4b23d7f1475b557632586ccd87c4969",
						"inner_hash": "5e35c88c4459d44212b3b99a15212d2e36df7c4a5516ea2e52b03e13ab676e97",
						"fee": 94751,
						"sigs": [
							"fe2148a35252355d308176a0f829c525a7e6260269ac97df1d4a96752f38d4c302a55cdfcf818a8fb8027416b705ef9af7b2d05b8f842b36f116d64cb9a6c45a00"
						],
						"inputs": [
							{
								"uxid": "ccb5503249261beec85e7b64c649608d935c17d92e1cb5848984af68c1cbfc46",
								"owner": "CDLrMvPcmpdido8cbSFNNgzQXdC97TsgEQ",
								"coins": "85.000000",
								"hours": 188988,
								"calculated_hours": 189502
							}
						],
						"outputs": [
							{
								"uxid": "ec0743c28668c1d434ccf19874987e0016075021ebcbe55b2311f2a599529771",
								"dst": "CDLrMvPcmpdido8cbSFNNgzQXdC97TsgEQ",
								"coins": "81.670000",
								"hours": 47376
							},
							{
								"uxid": "fbca31395b10adbce191db71e925b7d7dd8ca09c266f4c3bbfe5158bc21ce047",
								"dst": "2Dc7kXtwBLr8GL4TSZKFCJM3xqEwnqH6m67",
								"coins": "3.330000",
								"hours": 47375
							}
						]
					}
				]
			},
			"size": 220
		}
	]
}
