[
	"104.237.142.206:6000",
	"109.237.27.172:6000",
	"118.178.135.93:6000",
	"121.41.103.148:6000",
	"139.162.39.186:6000",
	"139.162.7.132:6000",
	"172.104.41.14:6000",
	"172.104.85.6:6000",
	"176.58.126.224:6000",
	"45.33.111.142:6000",
	"47.88.33.156:6000"
]
