[
	"128.199.148.6:7800",
	"68.183.177.154:7800",
	"76.74.178.136:7800"
]
